06-25 10:48:45.773  1284  1319 W ActivityManager: callingPackage:android, packageName:com.nemu.nlp, name:com.nemu.nlp.LocationService, isSkip: true
06-25 10:48:45.774  1284  1319 W ActivityManager: callingPackage:android, packageName:com.nemu.nlp, name:com.nemu.nlp.LocationService, isSkip: true
06-25 10:48:45.778  1284  1319 W ActivityManager: callingPackage:android, packageName:com.nemu.nlp, name:com.nemu.nlp.LocationService, isSkip: true
06-25 10:48:45.780  1284  1319 W ActivityManager: callingPackage:android, packageName:com.nemu.nlp, name:com.nemu.nlp.LocationService, isSkip: true
06-25 10:48:45.782  1284  1319 W ActivityManager: callingPackage:android, packageName:com.nemu.nlp, name:com.nemu.nlp.LocationService, isSkip: true
06-25 10:48:45.783  1284  1319 W ActivityManager: callingPackage:android, packageName:com.nemu.nlp, name:com.nemu.nlp.LocationService, isSkip: true
06-25 10:48:45.783  1284  1333 W ActivityManager: Slow operation: 522ms so far, now at startProcess: returned from zygote!
06-25 10:48:45.784  1284  1333 W ActivityManager: Slow operation: 522ms so far, now at startProcess: done updating battery stats
06-25 10:48:45.784  1284  1333 W ActivityManager: Slow operation: 522ms so far, now at startProcess: building log message
06-25 10:48:45.784  1284  1333 I ActivityManager: Start proc 2230:com.sohu.inputmethod.sogou.chuizi/1000 for added application com.sohu.inputmethod.sogou.chuizi
06-25 10:48:45.784  1284  1333 W ActivityManager: Slow operation: 522ms so far, now at startProcess: starting to update pids map
06-25 10:48:45.784  1284  1333 W ActivityManager: Slow operation: 522ms so far, now at startProcess: done updating pids map
06-25 10:48:45.784  1284  1333 W ActivityManager: Slow operation: 521ms so far, now at startProcess: asking zygote to start proc
06-25 10:48:45.784  1284  1333 D CompatibilityChangeReporter: Compat change id reported: 143937733; UID 10034; state: ENABLED
06-25 10:48:45.784  1284  1319 W ActivityManager: callingPackage:android, packageName:com.nemu.nlp, name:com.nemu.nlp.LocationService, isSkip: true
06-25 10:48:45.786  1284  1319 W ActivityManager: callingPackage:android, packageName:com.nemu.nlp, name:com.nemu.nlp.LocationService, isSkip: true
06-25 10:48:45.787  1284  1319 W ActivityManager: callingPackage:android, packageName:com.nemu.nlp, name:com.nemu.nlp.LocationService, isSkip: true
06-25 10:48:45.789  1284  1319 W ActivityManager: callingPackage:android, packageName:com.nemu.nlp, name:com.nemu.nlp.LocationService, isSkip: true
06-25 10:48:45.790  1284  1319 W ActivityManager: callingPackage:android, packageName:com.nemu.nlp, name:com.nemu.nlp.LocationService, isSkip: true
06-25 10:48:45.791  1284  1319 W ActivityManager: callingPackage:android, packageName:com.nemu.nlp, name:com.nemu.nlp.LocationService, isSkip: true
06-25 10:48:45.792  1284  1319 W ActivityManager: callingPackage:android, packageName:com.nemu.nlp, name:com.nemu.nlp.LocationService, isSkip: true
06-25 10:48:45.792  1284  1319 W ActivityManager: callingPackage:android, packageName:com.nemu.nlp, name:com.nemu.nlp.LocationService, isSkip: true
06-25 10:48:45.793  1284  1319 W ActivityManager: callingPackage:android, packageName:com.nemu.nlp, name:com.nemu.nlp.LocationService, isSkip: true
06-25 10:48:45.794  1284  1319 W ActivityManager: callingPackage:android, packageName:com.nemu.nlp, name:com.nemu.nlp.LocationService, isSkip: true
06-25 10:48:45.795  1284  1319 W ActivityManager: callingPackage:android, packageName:com.nemu.nlp, name:com.nemu.nlp.LocationService, isSkip: true
06-25 10:48:45.796  1284  1319 W ActivityManager: callingPackage:android, packageName:com.nemu.nlp, name:com.nemu.nlp.LocationService, isSkip: true
06-25 10:48:45.797  1284  1319 W ActivityManager: callingPackage:android, packageName:com.nemu.nlp, name:com.nemu.nlp.LocationService, isSkip: true
06-25 10:48:45.798  1284  1319 W ActivityManager: callingPackage:android, packageName:com.nemu.nlp, name:com.nemu.nlp.LocationService, isSkip: true
06-25 10:48:45.799  1284  1319 W ActivityManager: callingPackage:android, packageName:com.nemu.nlp, name:com.nemu.nlp.LocationService, isSkip: true
06-25 10:48:45.800  1284  1319 W ActivityManager: callingPackage:android, packageName:com.nemu.nlp, name:com.nemu.nlp.LocationService, isSkip: true
06-25 10:48:45.801  1284  1319 W ActivityManager: callingPackage:android, packageName:com.nemu.nlp, name:com.nemu.nlp.LocationService, isSkip: true
06-25 10:48:45.803  1284  1319 W ActivityManager: callingPackage:android, packageName:com.nemu.nlp, name:com.nemu.nlp.LocationService, isSkip: true
06-25 10:48:45.804  1284  1319 W ActivityManager: callingPackage:android, packageName:com.nemu.nlp, name:com.nemu.nlp.LocationService, isSkip: true
06-25 10:48:45.805  1284  1319 W ActivityManager: callingPackage:android, packageName:com.nemu.nlp, name:com.nemu.nlp.LocationService, isSkip: true
06-25 10:48:45.806  1284  1319 W ActivityManager: callingPackage:android, packageName:com.nemu.nlp, name:com.nemu.nlp.LocationService, isSkip: true
06-25 10:48:45.808  1284  1319 W ActivityManager: callingPackage:android, packageName:com.nemu.nlp, name:com.nemu.nlp.LocationService, isSkip: true
06-25 10:48:45.809  1284  1319 W ActivityManager: callingPackage:android, packageName:com.nemu.nlp, name:com.nemu.nlp.LocationService, isSkip: true
06-25 10:48:45.810  1284  1319 W ActivityManager: callingPackage:android, packageName:com.nemu.nlp, name:com.nemu.nlp.LocationService, isSkip: true
06-25 10:48:45.811  1284  1319 W ActivityManager: callingPackage:android, packageName:com.nemu.nlp, name:com.nemu.nlp.LocationService, isSkip: true
06-25 10:48:45.812  1284  1319 W ActivityManager: callingPackage:android, packageName:com.nemu.nlp, name:com.nemu.nlp.LocationService, isSkip: true
06-25 10:48:45.813  1284  1319 W ActivityManager: callingPackage:android, packageName:com.nemu.nlp, name:com.nemu.nlp.LocationService, isSkip: true
06-25 10:48:45.815  1284  1319 W ActivityManager: callingPackage:android, packageName:com.nemu.nlp, name:com.nemu.nlp.LocationService, isSkip: true
06-25 10:48:45.816  1284  1319 W ActivityManager: callingPackage:android, packageName:com.nemu.nlp, name:com.nemu.nlp.LocationService, isSkip: true
06-25 10:48:45.818  1284  1319 W ActivityManager: callingPackage:android, packageName:com.nemu.nlp, name:com.nemu.nlp.LocationService, isSkip: true
06-25 10:48:45.818  1284  1319 W ActivityManager: callingPackage:android, packageName:com.nemu.nlp, name:com.nemu.nlp.LocationService, isSkip: true
06-25 10:48:45.819  1284  1319 W ActivityManager: callingPackage:android, packageName:com.nemu.nlp, name:com.nemu.nlp.LocationService, isSkip: true
06-25 10:48:45.820  1284  1319 W ActivityManager: callingPackage:android, packageName:com.nemu.nlp, name:com.nemu.nlp.LocationService, isSkip: true
06-25 10:48:45.821  1284  1319 W ActivityManager: callingPackage:android, packageName:com.nemu.nlp, name:com.nemu.nlp.LocationService, isSkip: true
06-25 10:48:45.822  1284  1319 W ActivityManager: callingPackage:android, packageName:com.nemu.nlp, name:com.nemu.nlp.LocationService, isSkip: true
06-25 10:48:45.823  1284  1333 W ActivityManager: Slow operation: 560ms so far, now at startProcess: returned from zygote!
06-25 10:48:45.823  1284  1333 W ActivityManager: Slow operation: 561ms so far, now at startProcess: done updating battery stats
06-25 10:48:45.823  1284  1333 I Watchdog: Interesting Java process com.android.providers.media.module started. Pid 2248
06-25 10:48:45.823  1284  1333 W ActivityManager: Slow operation: 561ms so far, now at startProcess: building log message
06-25 10:48:45.823  1284  1333 I ActivityManager: Start proc 2248:com.android.providers.media.module/u0a34 for service {com.android.providers.media.module/com.android.providers.media.fuse.ExternalStorageServiceImpl}
06-25 10:48:45.823  1284  1333 W ActivityManager: Slow operation: 561ms so far, now at startProcess: starting to update pids map
06-25 10:48:45.823  1284  1333 W ActivityManager: Slow operation: 561ms so far, now at startProcess: done updating pids map
06-25 10:48:45.823  1284  1319 W ActivityManager: callingPackage:android, packageName:com.nemu.nlp, name:com.nemu.nlp.LocationService, isSkip: true
06-25 10:48:45.825  1284  1319 W ActivityManager: callingPackage:android, packageName:com.nemu.nlp, name:com.nemu.nlp.LocationService, isSkip: true
06-25 10:48:45.825  1284  1319 W ActivityManager: callingPackage:android, packageName:com.nemu.nlp, name:com.nemu.nlp.LocationService, isSkip: true
06-25 10:48:45.826  1284  1319 W ActivityManager: callingPackage:android, packageName:com.nemu.nlp, name:com.nemu.nlp.LocationService, isSkip: true
06-25 10:48:45.827  1284  1319 W ActivityManager: callingPackage:android, packageName:com.nemu.nlp, name:com.nemu.nlp.LocationService, isSkip: true
06-25 10:48:45.827  1284  1319 W ActivityManager: callingPackage:android, packageName:com.nemu.nlp, name:com.nemu.nlp.LocationService, isSkip: true
06-25 10:48:45.828  1284  1319 W ActivityManager: callingPackage:android, packageName:com.nemu.nlp, name:com.nemu.nlp.LocationService, isSkip: true
06-25 10:48:45.832  1284  1663 D CompatibilityChangeReporter: Compat change id reported: 168419799; UID 1000; state: DISABLED
06-25 10:48:45.836  1284  1319 W ActivityManager: callingPackage:android, packageName:com.nemu.nlp, name:com.nemu.nlp.LocationService, isSkip: true
06-25 10:48:45.838  1284  1319 W ActivityManager: callingPackage:android, packageName:com.nemu.nlp, name:com.nemu.nlp.LocationService, isSkip: true
06-25 10:48:45.855  1284  1319 W ActivityManager: callingPackage:android, packageName:com.nemu.nlp, name:com.nemu.nlp.LocationService, isSkip: true
06-25 10:48:45.856  1284  1319 W ActivityManager: callingPackage:android, packageName:com.nemu.nlp, name:com.nemu.nlp.LocationService, isSkip: true
06-25 10:48:45.858  1284  1319 W ActivityManager: callingPackage:android, packageName:com.nemu.nlp, name:com.nemu.nlp.LocationService, isSkip: true
06-25 10:48:45.859  1284  1319 W ActivityManager: callingPackage:android, packageName:com.nemu.nlp, name:com.nemu.nlp.LocationService, isSkip: true
06-25 10:48:45.860  1284  1319 W ActivityManager: callingPackage:android, packageName:com.nemu.nlp, name:com.nemu.nlp.LocationService, isSkip: true
06-25 10:48:45.862  1284  1319 W ActivityManager: callingPackage:android, packageName:com.nemu.nlp, name:com.nemu.nlp.LocationService, isSkip: true
06-25 10:48:45.863  1284  1319 W ActivityManager: callingPackage:android, packageName:com.nemu.nlp, name:com.nemu.nlp.LocationService, isSkip: true
06-25 10:48:45.864  1284  1319 W ActivityManager: callingPackage:android, packageName:com.nemu.nlp, name:com.nemu.nlp.LocationService, isSkip: true
06-25 10:48:45.865  1284  1319 W ActivityManager: callingPackage:android, packageName:com.nemu.nlp, name:com.nemu.nlp.LocationService, isSkip: true
06-25 10:48:45.866  1284  1319 W ActivityManager: callingPackage:android, packageName:com.nemu.nlp, name:com.nemu.nlp.LocationService, isSkip: true
06-25 10:48:45.866  1284  1319 W ActivityManager: callingPackage:android, packageName:com.nemu.nlp, name:com.nemu.nlp.LocationService, isSkip: true
06-25 10:48:45.868  1284  1319 W ActivityManager: callingPackage:android, packageName:com.nemu.nlp, name:com.nemu.nlp.LocationService, isSkip: true
06-25 10:48:45.869  1284  1319 W ActivityManager: callingPackage:android, packageName:com.nemu.nlp, name:com.nemu.nlp.LocationService, isSkip: true
06-25 10:48:45.870  1284  1319 W ActivityManager: callingPackage:android, packageName:com.nemu.nlp, name:com.nemu.nlp.LocationService, isSkip: true
06-25 10:48:45.872  1284  1319 W ActivityManager: callingPackage:android, packageName:com.nemu.nlp, name:com.nemu.nlp.LocationService, isSkip: true
06-25 10:48:45.872  1284  1319 W Looper  : Slow delivery took 200ms android.fg h=android.os.Handler c=com.android.server.servicewatcher.ServiceWatcherImpl$$ExternalSyntheticLambda1@b13ac23 m=0
06-25 10:48:45.873  1284  1319 W ActivityManager: callingPackage:android, packageName:com.nemu.nlp, name:com.nemu.nlp.LocationService, isSkip: true
06-25 10:48:45.874  1284  1319 W ActivityManager: callingPackage:android, packageName:com.nemu.nlp, name:com.nemu.nlp.LocationService, isSkip: true
06-25 10:48:45.875  1284  1319 W ActivityManager: callingPackage:android, packageName:com.nemu.nlp, name:com.nemu.nlp.LocationService, isSkip: true
06-25 10:48:45.876  1284  1319 W ActivityManager: callingPackage:android, packageName:com.nemu.nlp, name:com.nemu.nlp.LocationService, isSkip: true
06-25 10:48:45.876  1284  1319 W ActivityManager: callingPackage:android, packageName:com.nemu.nlp, name:com.nemu.nlp.LocationService, isSkip: true
06-25 10:48:45.878  1284  1319 W ActivityManager: callingPackage:android, packageName:com.nemu.nlp, name:com.nemu.nlp.LocationService, isSkip: true
06-25 10:48:45.879  1284  1319 W ActivityManager: callingPackage:android, packageName:com.nemu.nlp, name:com.nemu.nlp.LocationService, isSkip: true
06-25 10:48:45.879  1284  1319 W ActivityManager: callingPackage:android, packageName:com.nemu.nlp, name:com.nemu.nlp.LocationService, isSkip: true
06-25 10:48:45.880  1284  1319 W ActivityManager: callingPackage:android, packageName:com.nemu.nlp, name:com.nemu.nlp.LocationService, isSkip: true
06-25 10:48:45.882  1284  1319 W ActivityManager: callingPackage:android, packageName:com.nemu.nlp, name:com.nemu.nlp.LocationService, isSkip: true
06-25 10:48:45.884  1284  1882 D CompatibilityChangeReporter: Compat change id reported: 168419799; UID 10034; state: DISABLED
06-25 10:48:45.886  1284  1319 W ActivityManager: callingPackage:android, packageName:com.nemu.nlp, name:com.nemu.nlp.LocationService, isSkip: true
06-25 10:48:45.888  1284  1319 W ActivityManager: callingPackage:android, packageName:com.nemu.nlp, name:com.nemu.nlp.LocationService, isSkip: true
06-25 10:48:45.889  1284  1319 W ActivityManager: callingPackage:android, packageName:com.nemu.nlp, name:com.nemu.nlp.LocationService, isSkip: true
06-25 10:48:45.891  1284  1319 W ActivityManager: callingPackage:android, packageName:com.nemu.nlp, name:com.nemu.nlp.LocationService, isSkip: true
06-25 10:48:45.892  1284  1319 W ActivityManager: callingPackage:android, packageName:com.nemu.nlp, name:com.nemu.nlp.LocationService, isSkip: true
06-25 10:48:45.894  1284  1319 W ActivityManager: callingPackage:android, packageName:com.nemu.nlp, name:com.nemu.nlp.LocationService, isSkip: true
06-25 10:48:45.895  1284  1319 W ActivityManager: callingPackage:android, packageName:com.nemu.nlp, name:com.nemu.nlp.LocationService, isSkip: true
06-25 10:48:45.896  1284  1319 W ActivityManager: callingPackage:android, packageName:com.nemu.nlp, name:com.nemu.nlp.LocationService, isSkip: true
06-25 10:48:45.898  1284  1319 W ActivityManager: callingPackage:android, packageName:com.nemu.nlp, name:com.nemu.nlp.LocationService, isSkip: true
06-25 10:48:45.899  1284  1319 W ActivityManager: callingPackage:android, packageName:com.nemu.nlp, name:com.nemu.nlp.LocationService, isSkip: true
06-25 10:48:45.900  1284  1319 W ActivityManager: callingPackage:android, packageName:com.nemu.nlp, name:com.nemu.nlp.LocationService, isSkip: true
06-25 10:48:45.902  1284  1319 W ActivityManager: callingPackage:android, packageName:com.nemu.nlp, name:com.nemu.nlp.LocationService, isSkip: true
06-25 10:48:45.903  1284  1319 W ActivityManager: callingPackage:android, packageName:com.nemu.nlp, name:com.nemu.nlp.LocationService, isSkip: true
06-25 10:48:45.904  1284  1319 W ActivityManager: callingPackage:android, packageName:com.nemu.nlp, name:com.nemu.nlp.LocationService, isSkip: true
06-25 10:48:45.906  1284  1319 W ActivityManager: callingPackage:android, packageName:com.nemu.nlp, name:com.nemu.nlp.LocationService, isSkip: true
06-25 10:48:45.907  1284  1319 W ActivityManager: callingPackage:android, packageName:com.nemu.nlp, name:com.nemu.nlp.LocationService, isSkip: true
06-25 10:48:45.908  1284  1319 W ActivityManager: callingPackage:android, packageName:com.nemu.nlp, name:com.nemu.nlp.LocationService, isSkip: true
06-25 10:48:45.909  1284  1319 W ActivityManager: callingPackage:android, packageName:com.nemu.nlp, name:com.nemu.nlp.LocationService, isSkip: true
06-25 10:48:45.911  1284  1319 W ActivityManager: callingPackage:android, packageName:com.nemu.nlp, name:com.nemu.nlp.LocationService, isSkip: true
06-25 10:48:45.912  1284  1319 W ActivityManager: callingPackage:android, packageName:com.nemu.nlp, name:com.nemu.nlp.LocationService, isSkip: true
06-25 10:48:45.914  1284  1319 W ActivityManager: callingPackage:android, packageName:com.nemu.nlp, name:com.nemu.nlp.LocationService, isSkip: true
06-25 10:48:45.915  1284  1319 W ActivityManager: callingPackage:android, packageName:com.nemu.nlp, name:com.nemu.nlp.LocationService, isSkip: true
06-25 10:48:45.917  1284  1319 W ActivityManager: callingPackage:android, packageName:com.nemu.nlp, name:com.nemu.nlp.LocationService, isSkip: true
06-25 10:48:45.918  1284  1319 W ActivityManager: callingPackage:android, packageName:com.nemu.nlp, name:com.nemu.nlp.LocationService, isSkip: true
06-25 10:48:45.919  1284  1319 W ActivityManager: callingPackage:android, packageName:com.nemu.nlp, name:com.nemu.nlp.LocationService, isSkip: true
06-25 10:48:45.922  1284  1319 W ActivityManager: callingPackage:android, packageName:com.nemu.nlp, name:com.nemu.nlp.LocationService, isSkip: true
06-25 10:48:45.923  1284  1319 W ActivityManager: callingPackage:android, packageName:com.nemu.nlp, name:com.nemu.nlp.LocationService, isSkip: true
06-25 10:48:45.925  1284  1319 W ActivityManager: callingPackage:android, packageName:com.nemu.nlp, name:com.nemu.nlp.LocationService, isSkip: true
06-25 10:48:45.932  1284  1319 W ActivityManager: callingPackage:android, packageName:com.nemu.nlp, name:com.nemu.nlp.LocationService, isSkip: true
06-25 10:48:45.935  1284  1319 W ActivityManager: callingPackage:android, packageName:com.nemu.nlp, name:com.nemu.nlp.LocationService, isSkip: true
06-25 10:48:45.936  1284  1319 W ActivityManager: callingPackage:android, packageName:com.nemu.nlp, name:com.nemu.nlp.LocationService, isSkip: true
06-25 10:48:45.938  1284  1319 W ActivityManager: callingPackage:android, packageName:com.nemu.nlp, name:com.nemu.nlp.LocationService, isSkip: true
06-25 10:48:45.940  1284  1319 W ActivityManager: callingPackage:android, packageName:com.nemu.nlp, name:com.nemu.nlp.LocationService, isSkip: true
06-25 10:48:45.942  1284  1319 W ActivityManager: callingPackage:android, packageName:com.nemu.nlp, name:com.nemu.nlp.LocationService, isSkip: true
06-25 10:48:45.943  1284  1319 W ActivityManager: callingPackage:android, packageName:com.nemu.nlp, name:com.nemu.nlp.LocationService, isSkip: true
06-25 10:48:45.944  1284  1319 W ActivityManager: callingPackage:android, packageName:com.nemu.nlp, name:com.nemu.nlp.LocationService, isSkip: true
06-25 10:48:45.945  1284  1319 W ActivityManager: callingPackage:android, packageName:com.nemu.nlp, name:com.nemu.nlp.LocationService, isSkip: true
06-25 10:48:45.947  1284  1319 W ActivityManager: callingPackage:android, packageName:com.nemu.nlp, name:com.nemu.nlp.LocationService, isSkip: true
06-25 10:48:45.949  1284  1319 W ActivityManager: callingPackage:android, packageName:com.nemu.nlp, name:com.nemu.nlp.LocationService, isSkip: true
06-25 10:48:45.950  1284  1319 W ActivityManager: callingPackage:android, packageName:com.nemu.nlp, name:com.nemu.nlp.LocationService, isSkip: true
06-25 10:48:45.951  1284  1319 W ActivityManager: callingPackage:android, packageName:com.nemu.nlp, name:com.nemu.nlp.LocationService, isSkip: true
06-25 10:48:45.953  1284  1319 W ActivityManager: callingPackage:android, packageName:com.nemu.nlp, name:com.nemu.nlp.LocationService, isSkip: true
06-25 10:48:45.956  1284  1319 W ActivityManager: callingPackage:android, packageName:com.nemu.nlp, name:com.nemu.nlp.LocationService, isSkip: true
06-25 10:48:45.957  1284  1319 W ActivityManager: callingPackage:android, packageName:com.nemu.nlp, name:com.nemu.nlp.LocationService, isSkip: true
06-25 10:48:45.958  1284  1319 W ActivityManager: callingPackage:android, packageName:com.nemu.nlp, name:com.nemu.nlp.LocationService, isSkip: true
06-25 10:48:45.959  1284  1319 W ActivityManager: callingPackage:android, packageName:com.nemu.nlp, name:com.nemu.nlp.LocationService, isSkip: true
06-25 10:48:45.960  1284  1319 W ActivityManager: callingPackage:android, packageName:com.nemu.nlp, name:com.nemu.nlp.LocationService, isSkip: true
06-25 10:48:45.962  1284  1319 W ActivityManager: callingPackage:android, packageName:com.nemu.nlp, name:com.nemu.nlp.LocationService, isSkip: true
06-25 10:48:45.963  1284  1319 W ActivityManager: callingPackage:android, packageName:com.nemu.nlp, name:com.nemu.nlp.LocationService, isSkip: true
06-25 10:48:45.965  1284  1319 W ActivityManager: callingPackage:android, packageName:com.nemu.nlp, name:com.nemu.nlp.LocationService, isSkip: true
06-25 10:48:45.966  1284  1319 W ActivityManager: callingPackage:android, packageName:com.nemu.nlp, name:com.nemu.nlp.LocationService, isSkip: true
06-25 10:48:45.967  1284  1319 W ActivityManager: callingPackage:android, packageName:com.nemu.nlp, name:com.nemu.nlp.LocationService, isSkip: true
06-25 10:48:45.969  1284  1319 W ActivityManager: callingPackage:android, packageName:com.nemu.nlp, name:com.nemu.nlp.LocationService, isSkip: true
06-25 10:48:45.970  1284  1319 W ActivityManager: callingPackage:android, packageName:com.nemu.nlp, name:com.nemu.nlp.LocationService, isSkip: true
06-25 10:48:45.970  1284  1319 W ActivityManager: callingPackage:android, packageName:com.nemu.nlp, name:com.nemu.nlp.LocationService, isSkip: true
06-25 10:48:45.971  1284  1319 W ActivityManager: callingPackage:android, packageName:com.nemu.nlp, name:com.nemu.nlp.LocationService, isSkip: true
06-25 10:48:45.972  1284  1319 W ActivityManager: callingPackage:android, packageName:com.nemu.nlp, name:com.nemu.nlp.LocationService, isSkip: true
06-25 10:48:45.973  1284  1319 W ActivityManager: callingPackage:android, packageName:com.nemu.nlp, name:com.nemu.nlp.LocationService, isSkip: true
06-25 10:48:45.974  1284  1319 W ActivityManager: callingPackage:android, packageName:com.nemu.nlp, name:com.nemu.nlp.LocationService, isSkip: true
06-25 10:48:45.975  1284  1319 W ActivityManager: callingPackage:android, packageName:com.nemu.nlp, name:com.nemu.nlp.LocationService, isSkip: true
06-25 10:48:45.976  1284  1319 W ActivityManager: callingPackage:android, packageName:com.nemu.nlp, name:com.nemu.nlp.LocationService, isSkip: true
06-25 10:48:45.978  1284  1319 W ActivityManager: callingPackage:android, packageName:com.nemu.nlp, name:com.nemu.nlp.LocationService, isSkip: true
06-25 10:48:45.979  1284  1319 W ActivityManager: callingPackage:android, packageName:com.nemu.nlp, name:com.nemu.nlp.LocationService, isSkip: true
06-25 10:48:45.980  1284  1319 W ActivityManager: callingPackage:android, packageName:com.nemu.nlp, name:com.nemu.nlp.LocationService, isSkip: true
06-25 10:48:45.981  1284  1319 W ActivityManager: callingPackage:android, packageName:com.nemu.nlp, name:com.nemu.nlp.LocationService, isSkip: true
06-25 10:48:45.982  1284  1319 W ActivityManager: callingPackage:android, packageName:com.nemu.nlp, name:com.nemu.nlp.LocationService, isSkip: true
06-25 10:48:45.983  1284  1319 W ActivityManager: callingPackage:android, packageName:com.nemu.nlp, name:com.nemu.nlp.LocationService, isSkip: true
06-25 10:48:45.984  1284  1319 W ActivityManager: callingPackage:android, packageName:com.nemu.nlp, name:com.nemu.nlp.LocationService, isSkip: true
06-25 10:48:45.984  1284  1319 W ActivityManager: callingPackage:android, packageName:com.nemu.nlp, name:com.nemu.nlp.LocationService, isSkip: true
06-25 10:48:45.985  1284  1319 W ActivityManager: callingPackage:android, packageName:com.nemu.nlp, name:com.nemu.nlp.LocationService, isSkip: true
06-25 10:48:45.986  1284  1319 W ActivityManager: callingPackage:android, packageName:com.nemu.nlp, name:com.nemu.nlp.LocationService, isSkip: true
06-25 10:48:45.987  1284  1319 W ActivityManager: callingPackage:android, packageName:com.nemu.nlp, name:com.nemu.nlp.LocationService, isSkip: true
06-25 10:48:45.989  1284  1319 W ActivityManager: callingPackage:android, packageName:com.nemu.nlp, name:com.nemu.nlp.LocationService, isSkip: true
06-25 10:48:45.990  1284  1319 W ActivityManager: callingPackage:android, packageName:com.nemu.nlp, name:com.nemu.nlp.LocationService, isSkip: true
06-25 10:48:45.991  1284  1319 W ActivityManager: callingPackage:android, packageName:com.nemu.nlp, name:com.nemu.nlp.LocationService, isSkip: true
06-25 10:48:45.992  1284  1319 W ActivityManager: callingPackage:android, packageName:com.nemu.nlp, name:com.nemu.nlp.LocationService, isSkip: true
06-25 10:48:45.993  1284  1319 W ActivityManager: callingPackage:android, packageName:com.nemu.nlp, name:com.nemu.nlp.LocationService, isSkip: true
06-25 10:48:45.994  1284  1319 W ActivityManager: callingPackage:android, packageName:com.nemu.nlp, name:com.nemu.nlp.LocationService, isSkip: true
06-25 10:48:45.995  1284  1319 W ActivityManager: callingPackage:android, packageName:com.nemu.nlp, name:com.nemu.nlp.LocationService, isSkip: true
06-25 10:48:45.996  1284  1319 W ActivityManager: callingPackage:android, packageName:com.nemu.nlp, name:com.nemu.nlp.LocationService, isSkip: true
06-25 10:48:45.997  1284  1319 W ActivityManager: callingPackage:android, packageName:com.nemu.nlp, name:com.nemu.nlp.LocationService, isSkip: true
06-25 10:48:45.999  1284  1319 W ActivityManager: callingPackage:android, packageName:com.nemu.nlp, name:com.nemu.nlp.LocationService, isSkip: true
06-25 10:48:46.000  1284  1319 W ActivityManager: callingPackage:android, packageName:com.nemu.nlp, name:com.nemu.nlp.LocationService, isSkip: true
06-25 10:48:46.002  1284  1319 W ActivityManager: callingPackage:android, packageName:com.nemu.nlp, name:com.nemu.nlp.LocationService, isSkip: true
06-25 10:48:46.002  1284  1319 W ActivityManager: callingPackage:android, packageName:com.nemu.nlp, name:com.nemu.nlp.LocationService, isSkip: true
06-25 10:48:46.003  1284  1319 W ActivityManager: callingPackage:android, packageName:com.nemu.nlp, name:com.nemu.nlp.LocationService, isSkip: true
06-25 10:48:46.004  1284  1319 W ActivityManager: callingPackage:android, packageName:com.nemu.nlp, name:com.nemu.nlp.LocationService, isSkip: true
06-25 10:48:46.005  1284  1319 W ActivityManager: callingPackage:android, packageName:com.nemu.nlp, name:com.nemu.nlp.LocationService, isSkip: true
06-25 10:48:46.007  1284  1319 W ActivityManager: callingPackage:android, packageName:com.nemu.nlp, name:com.nemu.nlp.LocationService, isSkip: true
06-25 10:48:46.008  1284  1319 W ActivityManager: callingPackage:android, packageName:com.nemu.nlp, name:com.nemu.nlp.LocationService, isSkip: true
06-25 10:48:46.009  1284  1319 W ActivityManager: callingPackage:android, packageName:com.nemu.nlp, name:com.nemu.nlp.LocationService, isSkip: true
06-25 10:48:46.010  1284  1319 W ActivityManager: callingPackage:android, packageName:com.nemu.nlp, name:com.nemu.nlp.LocationService, isSkip: true
06-25 10:48:46.012  1284  1319 W ActivityManager: callingPackage:android, packageName:com.nemu.nlp, name:com.nemu.nlp.LocationService, isSkip: true
06-25 10:48:46.013  1284  1319 W ActivityManager: callingPackage:android, packageName:com.nemu.nlp, name:com.nemu.nlp.LocationService, isSkip: true
06-25 10:48:46.014  1284  1319 W Looper  : Drained
06-25 10:48:46.069  1284  2072 I StorageUserConnection: Service: [ComponentInfo{com.android.providers.media.module/com.android.providers.media.fuse.ExternalStorageServiceImpl}] connected. User [0]
06-25 10:48:46.069  1284  1663 I PreBootBroadcaster: Pre-boot of {com.android.settings/com.android.settings.SettingsInitialize} for user 0
06-25 10:48:46.070  1284  1663 I ActivityManager: com.mumu.decorate is exempt from freezer
06-25 10:48:46.070  1284  1663 D CompatibilityChangeReporter: Compat change id reported: 135634846; UID 1000; state: DISABLED
06-25 10:48:46.077  1284  1333 I ActivityManager: Start proc 2309:com.mumu.decorate/1000 for broadcast {com.mumu.decorate/com.mumu.decorate.receiver.ShellMessageReceiver}
06-25 10:48:46.096  2248  2304 E ActivityThread: Failed to find provider info for media_legacy
06-25 10:48:46.108  1284  1859 D CompatibilityChangeReporter: Compat change id reported: 168419799; UID 1000; state: DISABLED
06-25 10:48:46.303  1284  2075 V BackupManagerConstants: getKeyValueBackupIntervalMilliseconds(...) returns 14400000
06-25 10:48:46.303  1284  2075 V BackupManagerConstants: getKeyValueBackupFuzzMilliseconds(...) returns 600000
06-25 10:48:46.303  1284  2075 V BackupManagerConstants: getKeyValueBackupRequiredNetworkType(...) returns 1
06-25 10:48:46.303  1284  2075 V BackupManagerConstants: getKeyValueBackupRequireCharging(...) returns true
06-25 10:48:46.303  1284  2075 V KeyValueBackupJob: Scheduling k/v pass in 247 minutes
06-25 10:48:46.325  1702  1702 W ContextImpl: Calling a method in the system process without a qualified user: android.app.ContextImpl.sendBroadcast:1181 android.content.ContextWrapper.sendBroadcast:479 r0.a.a:116 r0.a.b:47 r0.a.d:10 
06-25 10:48:46.348  1284  1859 D CompatibilityChangeReporter: Compat change id reported: 157233955; UID 1000; state: ENABLED
06-25 10:48:46.390  1284  1331 E RemotePrintSpooler: Error removing obsolete print jobs .
06-25 10:48:46.390  1284  1331 E RemotePrintSpooler: java.util.concurrent.TimeoutException: Cannot get spooler!
06-25 10:48:46.390  1284  1331 E RemotePrintSpooler: 	at com.android.server.print.RemotePrintSpooler.bindLocked(RemotePrintSpooler.java:636)
06-25 10:48:46.390  1284  1331 E RemotePrintSpooler: 	at com.android.server.print.RemotePrintSpooler.getRemoteInstanceLazy(RemotePrintSpooler.java:596)
06-25 10:48:46.390  1284  1331 E RemotePrintSpooler: 	at com.android.server.print.RemotePrintSpooler.removeObsoletePrintJobs(RemotePrintSpooler.java:533)
06-25 10:48:46.390  1284  1331 E RemotePrintSpooler: 	at com.android.server.print.UserState.removeObsoletePrintJobs(UserState.java:218)
06-25 10:48:46.390  1284  1331 E RemotePrintSpooler: 	at com.android.server.print.PrintManagerService$PrintManagerImpl$3.run(PrintManagerService.java:1002)
06-25 10:48:46.390  1284  1331 E RemotePrintSpooler: 	at android.os.Handler.handleCallback(Handler.java:938)
06-25 10:48:46.390  1284  1331 E RemotePrintSpooler: 	at android.os.Handler.dispatchMessage(Handler.java:99)
06-25 10:48:46.390  1284  1331 E RemotePrintSpooler: 	at android.os.Looper.loopOnce(Looper.java:201)
06-25 10:48:46.390  1284  1331 E RemotePrintSpooler: 	at android.os.Looper.loop(Looper.java:288)
06-25 10:48:46.390  1284  1331 E RemotePrintSpooler: 	at android.os.HandlerThread.run(HandlerThread.java:67)
06-25 10:48:46.391  1284  1331 W ActivityManager: callingPackage:android, packageName:com.android.keychain, name:com.android.keychain.KeyChainService, isSkip: true
06-25 10:48:46.407  1284  1331 I PackageWatchdog: Saving observer state to file
06-25 10:48:46.412  2309  2309 W ContextImpl: Calling a method in the system process without a qualified user: android.app.ContextImpl.sendBroadcast:1181 android.content.ContextWrapper.sendBroadcast:479 com.mumu.login_handler.LoginClientHandler.registerLoginClient:29 com.mumu.login_handler.LoginClientHandler.register:140 com.mumu.login_handler.LoginClientHandler.initAndRegister:147 
06-25 10:48:46.413  2309  2309 W ContextImpl: Calling a method in the system process without a qualified user: android.app.ContextImpl.sendBroadcast:1181 android.content.ContextWrapper.sendBroadcast:479 com.mumu.login_handler.LoginClientHandler.invokeQueryUserLoginInfo:53 com.mumu.decorate.LoginManager.queryUserLoginInfo:150 com.mumu.decorate.LoginManager.initLoginManager:83 
06-25 10:48:46.451  1284  1663 I ActivityManager: Process com.mumu.decorate (pid 2309) has died: fg  RCVR
06-25 10:48:46.453  1284  1332 I ActivityManager: com.android.settings is exempt from freezer
06-25 10:48:46.454  1284  1332 D CompatibilityChangeReporter: Compat change id reported: 135634846; UID 1000; state: DISABLED
06-25 10:48:46.458  1284  1333 I ActivityManager: Start proc 2377:com.android.settings/1000 for broadcast {com.android.settings/com.android.settings.SettingsInitialize}
06-25 10:48:46.479  1284  1883 D CompatibilityChangeReporter: Compat change id reported: 168419799; UID 1000; state: DISABLED
06-25 10:48:46.595  1284  1883 I ActivityManager: Posting BOOT_COMPLETED user #0
06-25 10:48:46.595  1284  1332 I SystemServerTimingAsync: ssm.UnlockedUser-0
06-25 10:48:46.595  1284  1332 I SystemServiceManager: Calling onUnlockedUser 0
06-25 10:48:46.596  1284  1332 I SystemServerTimingAsync: ssm.onUnlockedUser-0_com.android.server.security.FileIntegrityService
06-25 10:48:46.596  1284  1332 I SystemServerTimingAsync: ssm.onUnlockedUser-0_com.android.server.pm.Installer
06-25 10:48:46.596  1284  1332 I SystemServerTimingAsync: ssm.onUnlockedUser-0_com.android.server.os.DeviceIdentifiersPolicyService
06-25 10:48:46.596  1284  1332 I SystemServerTimingAsync: ssm.onUnlockedUser-0_com.android.server.uri.UriGrantsManagerService$Lifecycle
06-25 10:48:46.596  1284  1332 I SystemServerTimingAsync: ssm.onUnlockedUser-0_com.android.server.powerstats.PowerStatsService
06-25 10:48:46.596  1284  1332 I SystemServerTimingAsync: ssm.onUnlockedUser-0_com.android.server.wm.ActivityTaskManagerService$Lifecycle
06-25 10:48:46.596  1284  1883 I ActivityManager: com.mumu.store is exempt from freezer
06-25 10:48:46.596  1284  1332 I LaunchParamsPersister: Didn't find launch param folder for user 0
06-25 10:48:46.596  1284  1332 I SystemServerTimingAsync: ssm.onUnlockedUser-0_com.android.server.am.ActivityManagerService$Lifecycle
06-25 10:48:46.596  1284  1332 I SystemServerTimingAsync: ssm.onUnlockedUser-0_com.android.server.pm.DataLoaderManagerService
06-25 10:48:46.596  1284  1332 I SystemServerTimingAsync: ssm.onUnlockedUser-0_com.android.server.power.PowerManagerService
06-25 10:48:46.596  1284  1332 I SystemServerTimingAsync: ssm.onUnlockedUser-0_com.android.server.power.ThermalManagerService
06-25 10:48:46.596  1284  1332 I SystemServerTimingAsync: ssm.onUnlockedUser-0_com.android.server.power.hint.HintManagerService
06-25 10:48:46.596  1284  1332 I SystemServerTimingAsync: ssm.onUnlockedUser-0_com.android.server.recoverysystem.RecoverySystemService$Lifecycle
06-25 10:48:46.596  1284  1332 I SystemServerTimingAsync: ssm.onUnlockedUser-0_com.android.server.lights.LightsService
06-25 10:48:46.596  1284  1332 I SystemServerTimingAsync: ssm.onUnlockedUser-0_com.android.server.display.DisplayManagerService
06-25 10:48:46.596  1284  1332 I SystemServerTimingAsync: ssm.onUnlockedUser-0_com.android.server.pm.verify.domain.DomainVerificationService
06-25 10:48:46.596  1284  2394 E TaskPersister: File error accessing recents directory (directory doesn't exist?).
06-25 10:48:46.596  1284  2394 E TaskPersister: File error accessing recents directory (directory doesn't exist?).
06-25 10:48:46.597  1284  1319 I AppWidgetServiceImpl: Processing of handleUserUnlocked u0 took 1 ms
06-25 10:48:46.597  1284  1883 D CompatibilityChangeReporter: Compat change id reported: 135634846; UID 1000; state: DISABLED
06-25 10:48:46.597  1284  1332 I SystemServerTimingAsync: ssm.onUnlockedUser-0_com.android.server.pm.PackageInstallerService$Lifecycle
06-25 10:48:46.597  1284  1332 I SystemServerTimingAsync: ssm.onUnlockedUser-0_com.android.server.pm.UserManagerService$LifeCycle
06-25 10:48:46.597  1284  1332 I SystemServerTimingAsync: ssm.onUnlockedUser-0_com.android.server.om.OverlayManagerService
06-25 10:48:46.597  1284  1332 I SystemServerTimingAsync: ssm.onUnlockedUser-0_com.android.server.SensorPrivacyService
06-25 10:48:46.597  1284  1332 I SystemServerTimingAsync: ssm.onUnlockedUser-0_com.android.server.sensors.SensorService
06-25 10:48:46.597  1284  1332 I SystemServerTimingAsync: ssm.onUnlockedUser-0_com.android.server.SystemConfigService
06-25 10:48:46.597  1284  1332 I SystemServerTimingAsync: ssm.onUnlockedUser-0_com.android.server.BatteryService
06-25 10:48:46.597  1284  1332 I SystemServerTimingAsync: ssm.onUnlockedUser-0_com.android.server.usage.UsageStatsService
06-25 10:48:46.597  1284  1332 I SystemServerTimingAsync: ssm.onUnlockedUser-0_com.android.server.webkit.WebViewUpdateService
06-25 10:48:46.597  1284  1332 I SystemServerTimingAsync: ssm.onUnlockedUser-0_com.android.server.CachedDeviceStateService
06-25 10:48:46.597  1284  1332 I SystemServerTimingAsync: ssm.onUnlockedUser-0_com.android.server.BinderCallsStatsService$LifeCycle
06-25 10:48:46.597  1284  1332 I SystemServerTimingAsync: ssm.onUnlockedUser-0_com.android.server.LooperStatsService$Lifecycle
06-25 10:48:46.597  1284  1332 I SystemServerTimingAsync: ssm.onUnlockedUser-0_com.android.server.rollback.RollbackManagerService
06-25 10:48:46.597  1284  1332 I SystemServerTimingAsync: ssm.onUnlockedUser-0_com.android.server.os.NativeTombstoneManagerService
06-25 10:48:46.597  1284  1332 I SystemServerTimingAsync: ssm.onUnlockedUser-0_com.android.server.os.BugreportManagerService
06-25 10:48:46.597  1284  1332 I SystemServerTimingAsync: ssm.onUnlockedUser-0_com.android.server.gpu.GpuService
06-25 10:48:46.597  1284  1332 I SystemServerTimingAsync: ssm.onUnlockedUser-0_com.android.server.security.KeyChainSystemService
06-25 10:48:46.597  1284  1332 I SystemServerTimingAsync: ssm.onUnlockedUser-0_com.android.server.telecom.TelecomLoaderService
06-25 10:48:46.597  1284  1332 I SystemServerTimingAsync: ssm.onUnlockedUser-0_com.android.server.accounts.AccountManagerService$Lifecycle
06-25 10:48:46.597  1284  1332 I SystemServerTimingAsync: ssm.onUnlockedUser-0_com.android.server.content.ContentService$Lifecycle
06-25 10:48:46.597  1284  1332 I SystemServerTimingAsync: ssm.onUnlockedUser-0_com.android.server.DropBoxManagerService
06-25 10:48:46.597  1284  1332 I SystemServerTimingAsync: ssm.onUnlockedUser-0_com.android.role.RoleService
06-25 10:48:46.597  1284  1332 I SystemServerTimingAsync: ssm.onUnlockedUser-0_com.android.server.vibrator.VibratorManagerService$Lifecycle
06-25 10:48:46.597  1284  1332 I SystemServerTimingAsync: ssm.onUnlockedUser-0_com.android.server.alarm.AlarmManagerService
06-25 10:48:46.597  1284  1332 I SystemServerTimingAsync: ssm.onUnlockedUser-0_com.android.server.devicestate.DeviceStateManagerService
06-25 10:48:46.597  1284  1332 I SystemServerTimingAsync: ssm.onUnlockedUser-0_com.android.server.camera.CameraServiceProxy
06-25 10:48:46.597  1284  1332 I SystemServerTimingAsync: ssm.onUnlockedUser-0_com.android.server.BluetoothService
06-25 10:48:46.597  1284  1332 I SystemServerTimingAsync: ssm.onUnlockedUser-0_com.android.server.connectivity.IpConnectivityMetrics
06-25 10:48:46.597  1284  1332 I SystemServerTimingAsync: ssm.onUnlockedUser-0_com.android.server.PinnerService
06-25 10:48:46.597  1284  1332 I SystemServerTimingAsync: ssm.onUnlockedUser-0_com.google.android.startop.iorap.IorapForwardingService
06-25 10:48:46.597  1284  1332 I SystemServerTimingAsync: ssm.onUnlockedUser-0_com.android.server.integrity.AppIntegrityManagerService
06-25 10:48:46.597  1284  1332 I SystemServerTimingAsync: ssm.onUnlockedUser-0_com.android.server.inputmethod.InputMethodManagerService$Lifecycle
06-25 10:48:46.597  1284  1332 I SystemServerTimingAsync: ssm.onUnlockedUser-0_com.android.server.accessibility.AccessibilityManagerService$Lifecycle
06-25 10:48:46.597  1284  1332 I SystemServerTimingAsync: ssm.onUnlockedUser-0_com.android.server.StorageManagerService$Lifecycle
06-25 10:48:46.597  1284  1332 I SystemServerTimingAsync: ssm.onUnlockedUser-0_com.android.server.usage.StorageStatsService$Lifecycle
06-25 10:48:46.597  1284  1332 I SystemServerTimingAsync: ssm.onUnlockedUser-0_com.android.server.UiModeManagerService
06-25 10:48:46.597  1284  1332 I SystemServerTimingAsync: ssm.onUnlockedUser-0_com.android.server.locksettings.LockSettingsService$Lifecycle
06-25 10:48:46.597  1284  1332 I SystemServerTimingAsync: ssm.onUnlockedUser-0_com.android.server.testharness.TestHarnessModeService
06-25 10:48:46.597  1284  1332 I SystemServerTimingAsync: ssm.onUnlockedUser-0_com.android.server.DeviceIdleController
06-25 10:48:46.597  1284  1332 I SystemServerTimingAsync: ssm.onUnlockedUser-0_com.android.server.devicepolicy.DevicePolicyManagerService$Lifecycle
06-25 10:48:46.597  1284  1332 I SystemServerTimingAsync: ssm.onUnlockedUser-0_com.android.server.texttospeech.TextToSpeechManagerService
06-25 10:48:46.597  1284  1332 I SystemServerTimingAsync: ssm.onUnlockedUser-0_com.android.server.speech.SpeechRecognitionManagerService
06-25 10:48:46.597  1284  1332 I SystemServerTimingAsync: ssm.onUnlockedUser-0_com.android.server.searchui.SearchUiManagerService
06-25 10:48:46.597  1284  1332 I SystemServerTimingAsync: ssm.onUnlockedUser-0_com.android.server.smartspace.SmartspaceManagerService
06-25 10:48:46.597  1284  1332 I SystemServerTimingAsync: ssm.onUnlockedUser-0_com.android.server.graphics.fonts.FontManagerService$Lifecycle
06-25 10:48:46.597  1284  1332 I SystemServerTimingAsync: ssm.onUnlockedUser-0_com.android.server.textservices.TextServicesManagerService$Lifecycle
06-25 10:48:46.597  1284  1332 I SystemServerTimingAsync: ssm.onUnlockedUser-0_com.android.server.textclassifier.TextClassificationManagerService$Lifecycle
06-25 10:48:46.597  1284  1332 I SystemServerTimingAsync: ssm.onUnlockedUser-0_com.android.server.NetworkScoreService$Lifecycle
06-25 10:48:46.597  1284  1332 I SystemServerTimingAsync: ssm.onUnlockedUser-0_com.android.server.wifi.WifiService
06-25 10:48:46.597  1284  1332 I SystemServerTimingAsync: ssm.onUnlockedUser-0_com.android.server.wifi.scanner.WifiScanningService
06-25 10:48:46.597  1284  1332 I SystemServerTimingAsync: ssm.onUnlockedUser-0_com.android.server.ethernet.EthernetService
06-25 10:48:46.597  1284  1332 I SystemServerTimingAsync: ssm.onUnlockedUser-0_com.android.server.ConnectivityServiceInitializer
06-25 10:48:46.597  1284  1332 I SystemServerTimingAsync: ssm.onUnlockedUser-0_com.android.server.notification.NotificationManagerService
06-25 10:48:46.597  1284  1332 I SystemServerTimingAsync: ssm.onUnlockedUser-0_com.android.server.storage.DeviceStorageMonitorService
06-25 10:48:46.597  1284  1332 I SystemServerTimingAsync: ssm.onUnlockedUser-0_com.android.server.location.LocationManagerService$Lifecycle
06-25 10:48:46.597  1284  1332 I SystemServerTimingAsync: ssm.onUnlockedUser-0_com.android.server.timedetector.TimeDetectorService$Lifecycle
06-25 10:48:46.597  1284  1332 I SystemServerTimingAsync: ssm.onUnlockedUser-0_com.android.server.timezonedetector.TimeZoneDetectorService$Lifecycle
06-25 10:48:46.597  1284  1332 I SystemServerTimingAsync: ssm.onUnlockedUser-0_com.android.server.timezonedetector.location.LocationTimeZoneManagerService$Lifecycle
06-25 10:48:46.597  1284  1332 I SystemServerTimingAsync: ssm.onUnlockedUser-0_com.android.server.search.SearchManagerService$Lifecycle
06-25 10:48:46.597  1284  1332 I SystemServerTimingAsync: ssm.onUnlockedUser-0_com.android.server.wallpaper.WallpaperManagerService$Lifecycle
06-25 10:48:46.597  1284  1332 I SystemServerTimingAsync: ssm.onUnlockedUser-0_com.android.server.audio.AudioService$Lifecycle
06-25 10:48:46.597  1284  1332 I SystemServerTimingAsync: ssm.onUnlockedUser-0_com.android.server.soundtrigger_middleware.SoundTriggerMiddlewareService$Lifecycle
06-25 10:48:46.597  1284  1332 I SystemServerTimingAsync: ssm.onUnlockedUser-0_com.android.server.DockObserver
06-25 10:48:46.597  1284  1332 I SystemServerTimingAsync: ssm.onUnlockedUser-0_com.android.server.adb.AdbService$Lifecycle
06-25 10:48:46.597  1284  1332 I SystemServerTimingAsync: ssm.onUnlockedUser-0_com.android.server.usb.UsbService$Lifecycle
06-25 10:48:46.597  1284  1332 I SystemServerTimingAsync: ssm.onUnlockedUser-0_com.android.server.twilight.TwilightService
06-25 10:48:46.597  1284  1332 I SystemServerTimingAsync: ssm.onUnlockedUser-0_com.android.server.display.color.ColorDisplayService
06-25 10:48:46.597  1284  1332 I SystemServerTimingAsync: ssm.onUnlockedUser-0_com.android.server.job.JobSchedulerService
06-25 10:48:46.597  1284  1332 I SystemServerTimingAsync: ssm.onUnlockedUser-0_com.android.server.soundtrigger.SoundTriggerService
06-25 10:48:46.597  1284  1332 I SystemServerTimingAsync: ssm.onUnlockedUser-0_com.android.server.trust.TrustManagerService
06-25 10:48:46.597  1284  1332 I SystemServerTimingAsync: ssm.onUnlockedUser-0_com.android.server.backup.BackupManagerService$Lifecycle
06-25 10:48:46.597  1284  1332 I SystemServerTimingAsync: ssm.onUnlockedUser-0_com.android.server.appwidget.AppWidgetService
06-25 10:48:46.597  1284  1332 I SystemServerTimingAsync: ssm.onUnlockedUser-0_com.android.server.voiceinteraction.VoiceInteractionManagerService
06-25 10:48:46.597  1284  1332 I SystemServerTimingAsync: ssm.onUnlockedUser-0_com.android.server.apphibernation.AppHibernationService
06-25 10:48:46.597  1284  1332 I SystemServerTimingAsync: ssm.onUnlockedUser-0_com.android.server.GestureLauncherService
06-25 10:48:46.597  1284  1332 I SystemServerTimingAsync: ssm.onUnlockedUser-0_com.android.server.SensorNotificationService
06-25 10:48:46.597  1284  1332 I SystemServerTimingAsync: ssm.onUnlockedUser-0_com.android.server.emergency.EmergencyAffordanceService
06-25 10:48:46.597  1284  1332 I SystemServerTimingAsync: ssm.onUnlockedUser-0_com.android.server.blob.BlobStoreManagerService
06-25 10:48:46.597  1284  1332 I SystemServerTimingAsync: ssm.onUnlockedUser-0_com.android.server.dreams.DreamManagerService
06-25 10:48:46.597  1284  1332 I SystemServerTimingAsync: ssm.onUnlockedUser-0_com.android.server.print.PrintManagerService
06-25 10:48:46.597  1284  1332 I SystemServerTimingAsync: ssm.onUnlockedUser-0_com.android.server.companion.CompanionDeviceManagerService
06-25 10:48:46.597  1284  1332 I SystemServerTimingAsync: ssm.onUnlockedUser-0_com.android.server.restrictions.RestrictionsManagerService
06-25 10:48:46.597  1284  1332 I SystemServerTimingAsync: ssm.onUnlockedUser-0_com.android.server.media.MediaSessionService
06-25 10:48:46.597  1284  1332 I SystemServerTimingAsync: ssm.onUnlockedUser-0_com.android.server.media.MediaResourceMonitorService
06-25 10:48:46.597  1284  1332 I SystemServerTimingAsync: ssm.onUnlockedUser-0_com.android.server.biometrics.BiometricService
06-25 10:48:46.597  1284  1332 I SystemServerTimingAsync: ssm.onUnlockedUser-0_com.android.server.biometrics.AuthService
06-25 10:48:46.597  1284  1332 I SystemServerTimingAsync: ssm.onUnlockedUser-0_com.android.server.pm.ShortcutService$Lifecycle
06-25 10:48:46.597  1284  1332 I SystemServerTimingAsync: ssm.onUnlockedUser-0_com.android.server.pm.LauncherAppsService
06-25 10:48:46.597  1284  1332 I SystemServerTimingAsync: ssm.onUnlockedUser-0_com.android.server.pm.CrossProfileAppsService
06-25 10:48:46.597  1284  1332 I SystemServerTimingAsync: ssm.onUnlockedUser-0_com.android.server.people.PeopleService
06-25 10:48:46.597  1284  1332 I SystemServerTimingAsync: ssm.onUnlockedUser-0_com.android.server.media.metrics.MediaMetricsManagerService
06-25 10:48:46.597  1284  1332 I SystemServerTimingAsync: ssm.onUnlockedUser-0_com.android.server.media.projection.MediaProjectionManagerService
06-25 10:48:46.597  1284  1332 I SystemServerTimingAsync: ssm.onUnlockedUser-0_com.android.server.slice.SliceManagerService$Lifecycle
06-25 10:48:46.597  1284  1332 I SystemServerTimingAsync: ssm.onUnlockedUser-0_com.android.server.stats.StatsCompanion$Lifecycle
06-25 10:48:46.597  1284  1332 I SystemServerTimingAsync: ssm.onUnlockedUser-0_com.android.server.scheduling.RebootReadinessManagerService$Lifecycle
06-25 10:48:46.597  1284  1332 I SystemServerTimingAsync: ssm.onUnlockedUser-0_com.android.server.stats.pull.StatsPullAtomService
06-25 10:48:46.597  1284  1332 I SystemServerTimingAsync: ssm.onUnlockedUser-0_com.android.server.incident.IncidentCompanionService
06-25 10:48:46.597  1284  1332 I SystemServerTimingAsync: ssm.onUnlockedUser-0_com.android.server.MmsServiceBroker
06-25 10:48:46.597  1284  1332 I SystemServerTimingAsync: ssm.onUnlockedUser-0_com.android.server.autofill.AutofillManagerService
06-25 10:48:46.597  1284  1332 I SystemServerTimingAsync: ssm.onUnlockedUser-0_com.android.server.clipboard.ClipboardService
06-25 10:48:46.597  1284  1332 I SystemServerTimingAsync: ssm.onUnlockedUser-0_com.android.server.appbinding.AppBindingService$Lifecycle
06-25 10:48:46.597  1284  1332 I SystemServerTimingAsync: ssm.onUnlockedUser-0_com.android.server.tracing.TracingServiceProxy
06-25 10:48:46.597  1284  1332 I SystemServerTimingAsync: ssm.onUnlockedUser-0_com.android.server.policy.PermissionPolicyService
06-25 10:48:46.597  1284  1332 I SystemServerTimingAsync: ssm.onUnlockedUser-0_com.android.server.pm.StagingManager$Lifecycle
06-25 10:48:46.597  1284  1332 I SystemServerTimingAsync: ssm.onUnlockedUser-0_com.android.server.app.GameManagerService$Lifecycle
06-25 10:48:46.597  1284  1332 I SystemServerTimingAsync: ssm.onUnlockedUser-0_com.android.server.appsearch.AppSearchManagerService
06-25 10:48:46.597  1284  1332 I SystemServerTimingAsync: ssm.onUnlockedUser-0_com.android.server.media.MediaCommunicationService
06-25 10:48:46.597  1284  1332 I SystemServerTimingAsync: ssm.onUnlockedUser-0_com.android.server.compat.overrides.AppCompatOverridesService$Lifecycle
06-25 10:48:46.597  1284  1332 I SystemServerTimingAsync: ssm.onUnlockedUser-0_com.android.server.nemu.theme.NemuThemeService
06-25 10:48:46.597  1284  1332 W ActivityManager: UserLifecycleEvent 6 received without an active userJourneySession.
06-25 10:48:46.599  1284  1284 D CompatibilityChangeReporter: Compat change id reported: 175319604; UID 10029; state: ENABLED
06-25 10:48:46.599  1284  1284 D CompatibilityChangeReporter: Compat change id reported: 175319604; UID 10035; state: DISABLED
