06-25 14:28:29.040  1284  1460 E DisplayDeviceConfig: requesting nits when no mapping exists.
06-25 14:28:29.040  1284  1460 E DisplayDeviceConfig: requesting nits when no mapping exists.
06-25 14:28:29.057  1284  1460 E DisplayDeviceConfig: requesting nits when no mapping exists.
06-25 14:28:29.057  1284  1460 E DisplayDeviceConfig: requesting nits when no mapping exists.
06-25 14:28:38.261  1284  1331 I UsageStatsService: User[0] Flushing usage stats to disk
06-25 14:30:34.851  1284  1485 W BatteryExternalStatsWorker: error reading modem stats:ERROR_INVALID_INFO_RECEIVED
06-25 14:31:24.285  1284  1345 V DisplayPowerController[0]: Brightness [0.39763778] reason changing to: 'manual', previous reason: 'manual [ dim ]'.
06-25 14:31:24.291  1284  1460 E DisplayDeviceConfig: requesting nits when no mapping exists.
06-25 14:31:24.291  1284  1460 E DisplayDeviceConfig: requesting nits when no mapping exists.
06-25 14:31:24.292  1284  1332 I DropBoxManagerService: add tag=system_server_wtf isTagEnabled=true flags=0x2
06-25 14:31:24.293  1284  1332 I DropBoxManagerService: add tag=system_server_wtf isTagEnabled=true flags=0x2
06-25 14:31:24.308  1284  1460 E DisplayDeviceConfig: requesting nits when no mapping exists.
06-25 14:31:24.308  1284  1460 E DisplayDeviceConfig: requesting nits when no mapping exists.
06-25 14:31:24.309  1284  1332 I DropBoxManagerService: add tag=system_server_wtf isTagEnabled=true flags=0x2
06-25 14:31:24.310  1284  1332 I DropBoxManagerService: add tag=system_server_wtf isTagEnabled=true flags=0x2
06-25 14:31:24.325  1284  1460 E DisplayDeviceConfig: requesting nits when no mapping exists.
06-25 14:31:24.326  1284  1460 E DisplayDeviceConfig: requesting nits when no mapping exists.
06-25 14:31:24.327  1284  1332 I DropBoxManagerService: add tag=system_server_wtf isTagEnabled=true flags=0x2
06-25 14:31:24.340  1284  1460 E DisplayDeviceConfig: requesting nits when no mapping exists.
06-25 14:31:24.340  1284  1460 E DisplayDeviceConfig: requesting nits when no mapping exists.
06-25 14:31:24.359  1284  1460 E DisplayDeviceConfig: requesting nits when no mapping exists.
06-25 14:31:24.360  1284  1460 E DisplayDeviceConfig: requesting nits when no mapping exists.
06-25 14:31:24.374  1284  1460 E DisplayDeviceConfig: requesting nits when no mapping exists.
06-25 14:31:24.374  1284  1460 E DisplayDeviceConfig: requesting nits when no mapping exists.
06-25 14:31:24.390  1284  1460 E DisplayDeviceConfig: requesting nits when no mapping exists.
06-25 14:31:24.390  1284  1460 E DisplayDeviceConfig: requesting nits when no mapping exists.
06-25 14:31:24.407  1284  1460 E DisplayDeviceConfig: requesting nits when no mapping exists.
06-25 14:31:24.407  1284  1460 E DisplayDeviceConfig: requesting nits when no mapping exists.
06-25 14:31:24.425  1284  1460 E DisplayDeviceConfig: requesting nits when no mapping exists.
06-25 14:31:24.425  1284  1460 E DisplayDeviceConfig: requesting nits when no mapping exists.
06-25 14:31:24.482  1284  1460 E DisplayDeviceConfig: requesting nits when no mapping exists.
06-25 14:31:24.482  1284  1460 E DisplayDeviceConfig: requesting nits when no mapping exists.
06-25 14:31:24.490  1284  1460 E DisplayDeviceConfig: requesting nits when no mapping exists.
06-25 14:31:24.490  1284  1460 E DisplayDeviceConfig: requesting nits when no mapping exists.
06-25 14:31:24.507  1284  1460 E DisplayDeviceConfig: requesting nits when no mapping exists.
06-25 14:31:24.507  1284  1460 E DisplayDeviceConfig: requesting nits when no mapping exists.
06-25 14:31:24.523  1284  1460 E DisplayDeviceConfig: requesting nits when no mapping exists.
06-25 14:31:24.524  1284  1460 E DisplayDeviceConfig: requesting nits when no mapping exists.
06-25 14:31:24.540  1284  1460 E DisplayDeviceConfig: requesting nits when no mapping exists.
06-25 14:31:24.540  1284  1460 E DisplayDeviceConfig: requesting nits when no mapping exists.
06-25 14:37:34.855  1284  1663 W BatteryExternalStatsWorker: error reading modem stats:ERROR_INVALID_INFO_RECEIVED
06-25 14:42:24.305  1284  1345 V DisplayPowerController[0]: Brightness [0.05] reason changing to: 'manual [ dim ]', previous reason: 'manual'.
06-25 14:42:24.310  1284  1460 E DisplayDeviceConfig: requesting nits when no mapping exists.
06-25 14:42:24.310  1284  1460 E DisplayDeviceConfig: requesting nits when no mapping exists.
06-25 14:42:24.311  1284  1332 I DropBoxManagerService: add tag=system_server_wtf isTagEnabled=true flags=0x2
06-25 14:42:24.314  1284  1332 I DropBoxManagerService: add tag=system_server_wtf isTagEnabled=true flags=0x2
06-25 14:42:24.324  1284  1460 E DisplayDeviceConfig: requesting nits when no mapping exists.
06-25 14:42:24.325  1284  1460 E DisplayDeviceConfig: requesting nits when no mapping exists.
06-25 14:42:24.325  1284  1332 I DropBoxManagerService: add tag=system_server_wtf isTagEnabled=true flags=0x2
06-25 14:42:24.326  1284  1332 I DropBoxManagerService: add tag=system_server_wtf isTagEnabled=true flags=0x2
06-25 14:42:24.340  1284  1460 E DisplayDeviceConfig: requesting nits when no mapping exists.
06-25 14:42:24.341  1284  1460 E DisplayDeviceConfig: requesting nits when no mapping exists.
06-25 14:42:24.341  1284  1332 I DropBoxManagerService: add tag=system_server_wtf isTagEnabled=true flags=0x2
06-25 14:42:24.358  1284  1460 E DisplayDeviceConfig: requesting nits when no mapping exists.
06-25 14:42:24.359  1284  1460 E DisplayDeviceConfig: requesting nits when no mapping exists.
06-25 14:42:24.374  1284  1460 E DisplayDeviceConfig: requesting nits when no mapping exists.
06-25 14:42:24.374  1284  1460 E DisplayDeviceConfig: requesting nits when no mapping exists.
06-25 14:42:24.390  1284  1460 E DisplayDeviceConfig: requesting nits when no mapping exists.
06-25 14:42:24.391  1284  1460 E DisplayDeviceConfig: requesting nits when no mapping exists.
06-25 14:42:24.407  1284  1460 E DisplayDeviceConfig: requesting nits when no mapping exists.
06-25 14:42:24.407  1284  1460 E DisplayDeviceConfig: requesting nits when no mapping exists.
06-25 14:42:24.424  1284  1460 E DisplayDeviceConfig: requesting nits when no mapping exists.
06-25 14:42:24.424  1284  1460 E DisplayDeviceConfig: requesting nits when no mapping exists.
06-25 14:42:24.441  1284  1460 E DisplayDeviceConfig: requesting nits when no mapping exists.
06-25 14:42:24.441  1284  1460 E DisplayDeviceConfig: requesting nits when no mapping exists.
06-25 14:42:24.457  1284  1460 E DisplayDeviceConfig: requesting nits when no mapping exists.
06-25 14:42:24.458  1284  1460 E DisplayDeviceConfig: requesting nits when no mapping exists.
06-25 14:42:24.474  1284  1460 E DisplayDeviceConfig: requesting nits when no mapping exists.
06-25 14:42:24.474  1284  1460 E DisplayDeviceConfig: requesting nits when no mapping exists.
06-25 14:42:24.490  1284  1460 E DisplayDeviceConfig: requesting nits when no mapping exists.
06-25 14:42:24.491  1284  1460 E DisplayDeviceConfig: requesting nits when no mapping exists.
06-25 14:42:24.507  1284  1460 E DisplayDeviceConfig: requesting nits when no mapping exists.
06-25 14:42:24.507  1284  1460 E DisplayDeviceConfig: requesting nits when no mapping exists.
06-25 14:42:24.523  1284  1460 E DisplayDeviceConfig: requesting nits when no mapping exists.
06-25 14:42:24.523  1284  1460 E DisplayDeviceConfig: requesting nits when no mapping exists.
06-25 14:42:24.540  1284  1460 E DisplayDeviceConfig: requesting nits when no mapping exists.
06-25 14:42:24.540  1284  1460 E DisplayDeviceConfig: requesting nits when no mapping exists.
06-25 14:42:24.557  1284  1460 E DisplayDeviceConfig: requesting nits when no mapping exists.
06-25 14:42:24.557  1284  1460 E DisplayDeviceConfig: requesting nits when no mapping exists.
06-25 14:43:34.852  1284  1663 W BatteryExternalStatsWorker: error reading modem stats:ERROR_INVALID_INFO_RECEIVED
06-25 14:48:28.174  1284  1345 V DisplayPowerController[0]: Brightness [0.39763778] reason changing to: 'manual', previous reason: 'manual [ dim ]'.
06-25 14:48:28.190  1284  1460 E DisplayDeviceConfig: requesting nits when no mapping exists.
06-25 14:48:28.190  1284  1460 E DisplayDeviceConfig: requesting nits when no mapping exists.
06-25 14:48:28.190  1284  1332 I DropBoxManagerService: add tag=system_server_wtf isTagEnabled=true flags=0x2
06-25 14:48:28.191  1284  1332 I DropBoxManagerService: add tag=system_server_wtf isTagEnabled=true flags=0x2
06-25 14:48:28.207  1284  1460 E DisplayDeviceConfig: requesting nits when no mapping exists.
06-25 14:48:28.207  1284  1460 E DisplayDeviceConfig: requesting nits when no mapping exists.
06-25 14:48:28.207  1284  1332 I DropBoxManagerService: add tag=system_server_wtf isTagEnabled=true flags=0x2
06-25 14:48:28.208  1284  1332 I DropBoxManagerService: add tag=system_server_wtf isTagEnabled=true flags=0x2
06-25 14:48:28.223  1284  1460 E DisplayDeviceConfig: requesting nits when no mapping exists.
06-25 14:48:28.223  1284  1460 E DisplayDeviceConfig: requesting nits when no mapping exists.
06-25 14:48:28.224  1284  1332 I DropBoxManagerService: add tag=system_server_wtf isTagEnabled=true flags=0x2
06-25 14:48:28.240  1284  1460 E DisplayDeviceConfig: requesting nits when no mapping exists.
06-25 14:48:28.240  1284  1460 E DisplayDeviceConfig: requesting nits when no mapping exists.
06-25 14:48:28.257  1284  1460 E DisplayDeviceConfig: requesting nits when no mapping exists.
06-25 14:48:28.257  1284  1460 E DisplayDeviceConfig: requesting nits when no mapping exists.
06-25 14:48:28.273  1284  1460 E DisplayDeviceConfig: requesting nits when no mapping exists.
06-25 14:48:28.274  1284  1460 E DisplayDeviceConfig: requesting nits when no mapping exists.
06-25 14:48:28.290  1284  1460 E DisplayDeviceConfig: requesting nits when no mapping exists.
06-25 14:48:28.290  1284  1460 E DisplayDeviceConfig: requesting nits when no mapping exists.
06-25 14:48:28.307  1284  1460 E DisplayDeviceConfig: requesting nits when no mapping exists.
06-25 14:48:28.307  1284  1460 E DisplayDeviceConfig: requesting nits when no mapping exists.
06-25 14:48:28.323  1284  1460 E DisplayDeviceConfig: requesting nits when no mapping exists.
06-25 14:48:28.323  1284  1460 E DisplayDeviceConfig: requesting nits when no mapping exists.
06-25 14:48:28.340  1284  1460 E DisplayDeviceConfig: requesting nits when no mapping exists.
06-25 14:48:28.340  1284  1460 E DisplayDeviceConfig: requesting nits when no mapping exists.
06-25 14:48:28.357  1284  1460 E DisplayDeviceConfig: requesting nits when no mapping exists.
06-25 14:48:28.357  1284  1460 E DisplayDeviceConfig: requesting nits when no mapping exists.
06-25 14:48:28.374  1284  1460 E DisplayDeviceConfig: requesting nits when no mapping exists.
06-25 14:48:28.374  1284  1460 E DisplayDeviceConfig: requesting nits when no mapping exists.
06-25 14:48:28.390  1284  1460 E DisplayDeviceConfig: requesting nits when no mapping exists.
06-25 14:48:28.390  1284  1460 E DisplayDeviceConfig: requesting nits when no mapping exists.
06-25 14:48:28.407  1284  1460 E DisplayDeviceConfig: requesting nits when no mapping exists.
06-25 14:48:28.407  1284  1460 E DisplayDeviceConfig: requesting nits when no mapping exists.
06-25 14:48:28.421  1284  1485 W BatteryExternalStatsWorker: error reading modem stats:ERROR_INVALID_INFO_RECEIVED
06-25 14:48:28.423  1284  1460 E DisplayDeviceConfig: requesting nits when no mapping exists.
06-25 14:48:28.423  1284  1460 E DisplayDeviceConfig: requesting nits when no mapping exists.
06-25 14:48:38.286  1284  1331 I UsageStatsService: User[0] Flushing usage stats to disk
06-25 14:49:53.466  1284  1345 V DisplayPowerController[0]: Brightness [0.05] reason changing to: 'manual [ dim ]', previous reason: 'manual'.
06-25 14:49:53.473  1284  1460 E DisplayDeviceConfig: requesting nits when no mapping exists.
06-25 14:49:53.473  1284  1460 E DisplayDeviceConfig: requesting nits when no mapping exists.
06-25 14:49:53.474  1284  1332 I DropBoxManagerService: add tag=system_server_wtf isTagEnabled=true flags=0x2
06-25 14:49:53.475  1284  1332 I DropBoxManagerService: add tag=system_server_wtf isTagEnabled=true flags=0x2
06-25 14:49:53.490  1284  1460 E DisplayDeviceConfig: requesting nits when no mapping exists.
06-25 14:49:53.490  1284  1460 E DisplayDeviceConfig: requesting nits when no mapping exists.
06-25 14:49:53.491  1284  1332 I DropBoxManagerService: add tag=system_server_wtf isTagEnabled=true flags=0x2
06-25 14:49:53.491  1284  1332 I DropBoxManagerService: add tag=system_server_wtf isTagEnabled=true flags=0x2
06-25 14:49:53.507  1284  1460 E DisplayDeviceConfig: requesting nits when no mapping exists.
06-25 14:49:53.507  1284  1460 E DisplayDeviceConfig: requesting nits when no mapping exists.
06-25 14:49:53.507  1284  1332 I DropBoxManagerService: add tag=system_server_wtf isTagEnabled=true flags=0x2
06-25 14:49:53.523  1284  1460 E DisplayDeviceConfig: requesting nits when no mapping exists.
06-25 14:49:53.523  1284  1460 E DisplayDeviceConfig: requesting nits when no mapping exists.
06-25 14:49:53.540  1284  1460 E DisplayDeviceConfig: requesting nits when no mapping exists.
06-25 14:49:53.540  1284  1460 E DisplayDeviceConfig: requesting nits when no mapping exists.
06-25 14:49:53.557  1284  1460 E DisplayDeviceConfig: requesting nits when no mapping exists.
06-25 14:49:53.557  1284  1460 E DisplayDeviceConfig: requesting nits when no mapping exists.
06-25 14:49:53.573  1284  1460 E DisplayDeviceConfig: requesting nits when no mapping exists.
06-25 14:49:53.573  1284  1460 E DisplayDeviceConfig: requesting nits when no mapping exists.
06-25 14:49:53.590  1284  1460 E DisplayDeviceConfig: requesting nits when no mapping exists.
06-25 14:49:53.590  1284  1460 E DisplayDeviceConfig: requesting nits when no mapping exists.
06-25 14:49:53.607  1284  1460 E DisplayDeviceConfig: requesting nits when no mapping exists.
06-25 14:49:53.607  1284  1460 E DisplayDeviceConfig: requesting nits when no mapping exists.
06-25 14:49:53.623  1284  1460 E DisplayDeviceConfig: requesting nits when no mapping exists.
06-25 14:49:53.624  1284  1460 E DisplayDeviceConfig: requesting nits when no mapping exists.
06-25 14:49:53.640  1284  1460 E DisplayDeviceConfig: requesting nits when no mapping exists.
06-25 14:49:53.640  1284  1460 E DisplayDeviceConfig: requesting nits when no mapping exists.
06-25 14:49:53.657  1284  1460 E DisplayDeviceConfig: requesting nits when no mapping exists.
06-25 14:49:53.657  1284  1460 E DisplayDeviceConfig: requesting nits when no mapping exists.
06-25 14:49:53.674  1284  1460 E DisplayDeviceConfig: requesting nits when no mapping exists.
06-25 14:49:53.674  1284  1460 E DisplayDeviceConfig: requesting nits when no mapping exists.
06-25 14:49:53.690  1284  1460 E DisplayDeviceConfig: requesting nits when no mapping exists.
06-25 14:49:53.690  1284  1460 E DisplayDeviceConfig: requesting nits when no mapping exists.
06-25 14:49:53.707  1284  1460 E DisplayDeviceConfig: requesting nits when no mapping exists.
06-25 14:49:53.707  1284  1460 E DisplayDeviceConfig: requesting nits when no mapping exists.
06-25 14:49:53.723  1284  1460 E DisplayDeviceConfig: requesting nits when no mapping exists.
06-25 14:49:53.723  1284  1460 E DisplayDeviceConfig: requesting nits when no mapping exists.
06-25 14:50:28.514  1284  1345 V DisplayPowerController[0]: Brightness [0.39763778] reason changing to: 'manual', previous reason: 'manual [ dim ]'.
06-25 14:50:28.523  1284  1460 E DisplayDeviceConfig: requesting nits when no mapping exists.
06-25 14:50:28.524  1284  1460 E DisplayDeviceConfig: requesting nits when no mapping exists.
06-25 14:50:28.524  1284  1332 I DropBoxManagerService: add tag=system_server_wtf isTagEnabled=true flags=0x2
06-25 14:50:28.525  1284  1332 I DropBoxManagerService: add tag=system_server_wtf isTagEnabled=true flags=0x2
06-25 14:50:28.540  1284  1460 E DisplayDeviceConfig: requesting nits when no mapping exists.
06-25 14:50:28.540  1284  1460 E DisplayDeviceConfig: requesting nits when no mapping exists.
06-25 14:50:28.541  1284  1332 I DropBoxManagerService: add tag=system_server_wtf isTagEnabled=true flags=0x2
06-25 14:50:28.541  1284  1332 I DropBoxManagerService: add tag=system_server_wtf isTagEnabled=true flags=0x2
06-25 14:50:28.557  1284  1460 E DisplayDeviceConfig: requesting nits when no mapping exists.
06-25 14:50:28.557  1284  1460 E DisplayDeviceConfig: requesting nits when no mapping exists.
06-25 14:50:28.557  1284  1332 I DropBoxManagerService: add tag=system_server_wtf isTagEnabled=true flags=0x2
06-25 14:50:28.573  1284  1460 E DisplayDeviceConfig: requesting nits when no mapping exists.
06-25 14:50:28.574  1284  1460 E DisplayDeviceConfig: requesting nits when no mapping exists.
06-25 14:50:28.590  1284  1460 E DisplayDeviceConfig: requesting nits when no mapping exists.
06-25 14:50:28.590  1284  1460 E DisplayDeviceConfig: requesting nits when no mapping exists.
06-25 14:50:28.607  1284  1460 E DisplayDeviceConfig: requesting nits when no mapping exists.
06-25 14:50:28.607  1284  1460 E DisplayDeviceConfig: requesting nits when no mapping exists.
06-25 14:50:28.624  1284  1460 E DisplayDeviceConfig: requesting nits when no mapping exists.
06-25 14:50:28.624  1284  1460 E DisplayDeviceConfig: requesting nits when no mapping exists.
06-25 14:50:28.640  1284  1460 E DisplayDeviceConfig: requesting nits when no mapping exists.
06-25 14:50:28.641  1284  1460 E DisplayDeviceConfig: requesting nits when no mapping exists.
06-25 14:50:28.657  1284  1460 E DisplayDeviceConfig: requesting nits when no mapping exists.
06-25 14:50:28.657  1284  1460 E DisplayDeviceConfig: requesting nits when no mapping exists.
06-25 14:50:28.673  1284  1460 E DisplayDeviceConfig: requesting nits when no mapping exists.
06-25 14:50:28.674  1284  1460 E DisplayDeviceConfig: requesting nits when no mapping exists.
06-25 14:50:28.690  1284  1460 E DisplayDeviceConfig: requesting nits when no mapping exists.
06-25 14:50:28.690  1284  1460 E DisplayDeviceConfig: requesting nits when no mapping exists.
06-25 14:50:28.707  1284  1460 E DisplayDeviceConfig: requesting nits when no mapping exists.
06-25 14:50:28.707  1284  1460 E DisplayDeviceConfig: requesting nits when no mapping exists.
06-25 14:50:28.723  1284  1460 E DisplayDeviceConfig: requesting nits when no mapping exists.
06-25 14:50:28.724  1284  1460 E DisplayDeviceConfig: requesting nits when no mapping exists.
06-25 14:50:28.740  1284  1460 E DisplayDeviceConfig: requesting nits when no mapping exists.
06-25 14:50:28.740  1284  1460 E DisplayDeviceConfig: requesting nits when no mapping exists.
06-25 14:50:28.757  1284  1460 E DisplayDeviceConfig: requesting nits when no mapping exists.
06-25 14:50:28.757  1284  1460 E DisplayDeviceConfig: requesting nits when no mapping exists.
06-25 14:50:28.774  1284  1460 E DisplayDeviceConfig: requesting nits when no mapping exists.
06-25 14:50:28.774  1284  1460 E DisplayDeviceConfig: requesting nits when no mapping exists.
06-25 14:53:34.853  1284  1485 W BatteryExternalStatsWorker: error reading modem stats:ERROR_INVALID_INFO_RECEIVED
06-25 14:55:59.402  1284  1284 W ActivityManager: callingPackage:android, packageName:android, name:com.android.server.backup.KeyValueBackupJob, isSkip: true
06-25 14:55:59.409  1284  1284 V BackupManagerService: [UserID:0] Scheduling immediate backup pass
06-25 14:55:59.409  1284  1284 W BackupManagerService: [UserID:0] Backup pass but enabled=false setupComplete=true
06-25 14:59:34.852  1284  1485 W BatteryExternalStatsWorker: error reading modem stats:ERROR_INVALID_INFO_RECEIVED
06-25 15:01:28.522  1284  1345 V DisplayPowerController[0]: Brightness [0.05] reason changing to: 'manual [ dim ]', previous reason: 'manual'.
06-25 15:01:28.523  1284  1460 E DisplayDeviceConfig: requesting nits when no mapping exists.
06-25 15:01:28.523  1284  1460 E DisplayDeviceConfig: requesting nits when no mapping exists.
06-25 15:01:28.524  1284  1332 I DropBoxManagerService: add tag=system_server_wtf isTagEnabled=true flags=0x2
06-25 15:01:28.524  1284  1332 I DropBoxManagerService: add tag=system_server_wtf isTagEnabled=true flags=0x2
06-25 15:01:28.540  1284  1460 E DisplayDeviceConfig: requesting nits when no mapping exists.
06-25 15:01:28.540  1284  1460 E DisplayDeviceConfig: requesting nits when no mapping exists.
06-25 15:01:28.540  1284  1332 I DropBoxManagerService: add tag=system_server_wtf isTagEnabled=true flags=0x2
06-25 15:01:28.541  1284  1332 I DropBoxManagerService: add tag=system_server_wtf isTagEnabled=true flags=0x2
06-25 15:01:28.557  1284  1460 E DisplayDeviceConfig: requesting nits when no mapping exists.
06-25 15:01:28.557  1284  1460 E DisplayDeviceConfig: requesting nits when no mapping exists.
06-25 15:01:28.557  1284  1332 I DropBoxManagerService: add tag=system_server_wtf isTagEnabled=true flags=0x2
06-25 15:01:28.573  1284  1460 E DisplayDeviceConfig: requesting nits when no mapping exists.
06-25 15:01:28.573  1284  1460 E DisplayDeviceConfig: requesting nits when no mapping exists.
06-25 15:01:28.590  1284  1460 E DisplayDeviceConfig: requesting nits when no mapping exists.
06-25 15:01:28.590  1284  1460 E DisplayDeviceConfig: requesting nits when no mapping exists.
06-25 15:01:28.607  1284  1460 E DisplayDeviceConfig: requesting nits when no mapping exists.
06-25 15:01:28.607  1284  1460 E DisplayDeviceConfig: requesting nits when no mapping exists.
06-25 15:01:28.624  1284  1460 E DisplayDeviceConfig: requesting nits when no mapping exists.
06-25 15:01:28.624  1284  1460 E DisplayDeviceConfig: requesting nits when no mapping exists.
06-25 15:01:28.640  1284  1460 E DisplayDeviceConfig: requesting nits when no mapping exists.
06-25 15:01:28.640  1284  1460 E DisplayDeviceConfig: requesting nits when no mapping exists.
06-25 15:01:28.657  1284  1460 E DisplayDeviceConfig: requesting nits when no mapping exists.
06-25 15:01:28.657  1284  1460 E DisplayDeviceConfig: requesting nits when no mapping exists.
06-25 15:01:28.674  1284  1460 E DisplayDeviceConfig: requesting nits when no mapping exists.
06-25 15:01:28.674  1284  1460 E DisplayDeviceConfig: requesting nits when no mapping exists.
06-25 15:01:28.690  1284  1460 E DisplayDeviceConfig: requesting nits when no mapping exists.
06-25 15:01:28.690  1284  1460 E DisplayDeviceConfig: requesting nits when no mapping exists.
06-25 15:01:28.707  1284  1460 E DisplayDeviceConfig: requesting nits when no mapping exists.
06-25 15:01:28.707  1284  1460 E DisplayDeviceConfig: requesting nits when no mapping exists.
06-25 15:01:28.723  1284  1460 E DisplayDeviceConfig: requesting nits when no mapping exists.
06-25 15:01:28.723  1284  1460 E DisplayDeviceConfig: requesting nits when no mapping exists.
06-25 15:01:28.740  1284  1460 E DisplayDeviceConfig: requesting nits when no mapping exists.
06-25 15:01:28.740  1284  1460 E DisplayDeviceConfig: requesting nits when no mapping exists.
06-25 15:01:28.757  1284  1460 E DisplayDeviceConfig: requesting nits when no mapping exists.
06-25 15:01:28.757  1284  1460 E DisplayDeviceConfig: requesting nits when no mapping exists.
06-25 15:01:28.773  1284  1460 E DisplayDeviceConfig: requesting nits when no mapping exists.
06-25 15:01:28.774  1284  1460 E DisplayDeviceConfig: requesting nits when no mapping exists.
06-25 15:05:34.853  1284  1485 W BatteryExternalStatsWorker: error reading modem stats:ERROR_INVALID_INFO_RECEIVED
06-25 15:08:38.313  1284  1331 I UsageStatsService: User[0] Flushing usage stats to disk
06-25 15:11:34.853  1284  2755 W BatteryExternalStatsWorker: error reading modem stats:ERROR_INVALID_INFO_RECEIVED
06-25 15:18:28.423  1284  2755 W BatteryExternalStatsWorker: error reading modem stats:ERROR_INVALID_INFO_RECEIVED
06-25 15:19:35.838  1284  1345 V DisplayPowerController[0]: Brightness [0.39763778] reason changing to: 'manual', previous reason: 'manual [ dim ]'.
06-25 15:19:35.840  1284  1460 E DisplayDeviceConfig: requesting nits when no mapping exists.
06-25 15:19:35.841  1284  1460 E DisplayDeviceConfig: requesting nits when no mapping exists.
06-25 15:19:35.841  1284  1332 I DropBoxManagerService: add tag=system_server_wtf isTagEnabled=true flags=0x2
06-25 15:19:35.842  1284  1332 I DropBoxManagerService: add tag=system_server_wtf isTagEnabled=true flags=0x2
06-25 15:19:35.856  1284  1460 E DisplayDeviceConfig: requesting nits when no mapping exists.
06-25 15:19:35.856  1284  1460 E DisplayDeviceConfig: requesting nits when no mapping exists.
06-25 15:19:35.857  1284  1332 I DropBoxManagerService: add tag=system_server_wtf isTagEnabled=true flags=0x2
06-25 15:19:35.858  1284  1332 I DropBoxManagerService: add tag=system_server_wtf isTagEnabled=true flags=0x2
06-25 15:19:35.873  1284  1460 E DisplayDeviceConfig: requesting nits when no mapping exists.
06-25 15:19:35.873  1284  1460 E DisplayDeviceConfig: requesting nits when no mapping exists.
06-25 15:19:35.874  1284  1332 I DropBoxManagerService: add tag=system_server_wtf isTagEnabled=true flags=0x2
06-25 15:19:35.890  1284  1460 E DisplayDeviceConfig: requesting nits when no mapping exists.
06-25 15:19:35.890  1284  1460 E DisplayDeviceConfig: requesting nits when no mapping exists.
06-25 15:19:35.907  1284  1460 E DisplayDeviceConfig: requesting nits when no mapping exists.
06-25 15:19:35.907  1284  1460 E DisplayDeviceConfig: requesting nits when no mapping exists.
06-25 15:19:35.923  1284  1460 E DisplayDeviceConfig: requesting nits when no mapping exists.
06-25 15:19:35.923  1284  1460 E DisplayDeviceConfig: requesting nits when no mapping exists.
06-25 15:19:35.940  1284  1460 E DisplayDeviceConfig: requesting nits when no mapping exists.
06-25 15:19:35.940  1284  1460 E DisplayDeviceConfig: requesting nits when no mapping exists.
06-25 15:19:35.957  1284  1460 E DisplayDeviceConfig: requesting nits when no mapping exists.
06-25 15:19:35.957  1284  1460 E DisplayDeviceConfig: requesting nits when no mapping exists.
06-25 15:19:35.974  1284  1460 E DisplayDeviceConfig: requesting nits when no mapping exists.
06-25 15:19:35.974  1284  1460 E DisplayDeviceConfig: requesting nits when no mapping exists.
06-25 15:19:35.990  1284  1460 E DisplayDeviceConfig: requesting nits when no mapping exists.
06-25 15:19:35.991  1284  1460 E DisplayDeviceConfig: requesting nits when no mapping exists.
06-25 15:19:36.007  1284  1460 E DisplayDeviceConfig: requesting nits when no mapping exists.
06-25 15:19:36.007  1284  1460 E DisplayDeviceConfig: requesting nits when no mapping exists.
06-25 15:19:36.024  1284  1460 E DisplayDeviceConfig: requesting nits when no mapping exists.
06-25 15:19:36.024  1284  1460 E DisplayDeviceConfig: requesting nits when no mapping exists.
06-25 15:19:36.040  1284  1460 E DisplayDeviceConfig: requesting nits when no mapping exists.
06-25 15:19:36.040  1284  1460 E DisplayDeviceConfig: requesting nits when no mapping exists.
06-25 15:19:36.057  1284  1460 E DisplayDeviceConfig: requesting nits when no mapping exists.
06-25 15:19:36.057  1284  1460 E DisplayDeviceConfig: requesting nits when no mapping exists.
06-25 15:19:36.074  1284  1460 E DisplayDeviceConfig: requesting nits when no mapping exists.
06-25 15:19:36.074  1284  1460 E DisplayDeviceConfig: requesting nits when no mapping exists.
06-25 15:19:36.090  1284  1460 E DisplayDeviceConfig: requesting nits when no mapping exists.
06-25 15:19:36.090  1284  1460 E DisplayDeviceConfig: requesting nits when no mapping exists.
06-25 15:20:28.854  1284  1345 V DisplayPowerController[0]: Brightness [0.05] reason changing to: 'manual [ dim ]', previous reason: 'manual'.
06-25 15:20:28.856  1284  1460 E DisplayDeviceConfig: requesting nits when no mapping exists.
06-25 15:20:28.857  1284  1460 E DisplayDeviceConfig: requesting nits when no mapping exists.
06-25 15:20:28.857  1284  1332 I DropBoxManagerService: add tag=system_server_wtf isTagEnabled=true flags=0x2
06-25 15:20:28.858  1284  1332 I DropBoxManagerService: add tag=system_server_wtf isTagEnabled=true flags=0x2
06-25 15:20:28.879  1284  1460 E DisplayDeviceConfig: requesting nits when no mapping exists.
06-25 15:20:28.882  1284  1460 E DisplayDeviceConfig: requesting nits when no mapping exists.
06-25 15:20:28.883  1284  1332 I DropBoxManagerService: add tag=system_server_wtf isTagEnabled=true flags=0x2
06-25 15:20:28.885  1284  1332 I DropBoxManagerService: add tag=system_server_wtf isTagEnabled=true flags=0x2
06-25 15:20:28.890  1284  1460 E DisplayDeviceConfig: requesting nits when no mapping exists.
06-25 15:20:28.890  1284  1460 E DisplayDeviceConfig: requesting nits when no mapping exists.
06-25 15:20:28.891  1284  1332 I DropBoxManagerService: add tag=system_server_wtf isTagEnabled=true flags=0x2
06-25 15:20:28.907  1284  1460 E DisplayDeviceConfig: requesting nits when no mapping exists.
06-25 15:20:28.907  1284  1460 E DisplayDeviceConfig: requesting nits when no mapping exists.
06-25 15:20:28.924  1284  1460 E DisplayDeviceConfig: requesting nits when no mapping exists.
06-25 15:20:28.924  1284  1460 E DisplayDeviceConfig: requesting nits when no mapping exists.
06-25 15:20:28.945  1284  1460 E DisplayDeviceConfig: requesting nits when no mapping exists.
06-25 15:20:28.945  1284  1460 E DisplayDeviceConfig: requesting nits when no mapping exists.
06-25 15:20:28.959  1284  1460 E DisplayDeviceConfig: requesting nits when no mapping exists.
06-25 15:20:28.959  1284  1460 E DisplayDeviceConfig: requesting nits when no mapping exists.
06-25 15:20:28.973  1284  1460 E DisplayDeviceConfig: requesting nits when no mapping exists.
06-25 15:20:28.974  1284  1460 E DisplayDeviceConfig: requesting nits when no mapping exists.
06-25 15:20:28.995  1284  1460 E DisplayDeviceConfig: requesting nits when no mapping exists.
06-25 15:20:28.995  1284  1460 E DisplayDeviceConfig: requesting nits when no mapping exists.
06-25 15:20:29.007  1284  1460 E DisplayDeviceConfig: requesting nits when no mapping exists.
06-25 15:20:29.007  1284  1460 E DisplayDeviceConfig: requesting nits when no mapping exists.
06-25 15:20:29.023  1284  1460 E DisplayDeviceConfig: requesting nits when no mapping exists.
06-25 15:20:29.024  1284  1460 E DisplayDeviceConfig: requesting nits when no mapping exists.
06-25 15:20:29.040  1284  1460 E DisplayDeviceConfig: requesting nits when no mapping exists.
06-25 15:20:29.040  1284  1460 E DisplayDeviceConfig: requesting nits when no mapping exists.
06-25 15:20:29.057  1284  1460 E DisplayDeviceConfig: requesting nits when no mapping exists.
06-25 15:20:29.057  1284  1460 E DisplayDeviceConfig: requesting nits when no mapping exists.
06-25 15:20:29.073  1284  1460 E DisplayDeviceConfig: requesting nits when no mapping exists.
06-25 15:20:29.073  1284  1460 E DisplayDeviceConfig: requesting nits when no mapping exists.
06-25 15:20:29.090  1284  1460 E DisplayDeviceConfig: requesting nits when no mapping exists.
06-25 15:20:29.090  1284  1460 E DisplayDeviceConfig: requesting nits when no mapping exists.
06-25 15:20:29.107  1284  1460 E DisplayDeviceConfig: requesting nits when no mapping exists.
06-25 15:20:29.107  1284  1460 E DisplayDeviceConfig: requesting nits when no mapping exists.
06-25 15:21:18.960  1284  1345 V DisplayPowerController[0]: Brightness [0.39763778] reason changing to: 'manual', previous reason: 'manual [ dim ]'.
06-25 15:21:18.973  1284  1460 E DisplayDeviceConfig: requesting nits when no mapping exists.
06-25 15:21:18.973  1284  1460 E DisplayDeviceConfig: requesting nits when no mapping exists.
06-25 15:21:18.974  1284  1332 I DropBoxManagerService: add tag=system_server_wtf isTagEnabled=true flags=0x2
06-25 15:21:18.974  1284  1332 I DropBoxManagerService: add tag=system_server_wtf isTagEnabled=true flags=0x2
06-25 15:21:18.997  1284  1460 E DisplayDeviceConfig: requesting nits when no mapping exists.
06-25 15:21:18.997  1284  1460 E DisplayDeviceConfig: requesting nits when no mapping exists.
06-25 15:21:18.997  1284  1332 I DropBoxManagerService: add tag=system_server_wtf isTagEnabled=true flags=0x2
06-25 15:21:18.998  1284  1332 I DropBoxManagerService: add tag=system_server_wtf isTagEnabled=true flags=0x2
06-25 15:21:19.007  1284  1460 E DisplayDeviceConfig: requesting nits when no mapping exists.
06-25 15:21:19.007  1284  1460 E DisplayDeviceConfig: requesting nits when no mapping exists.
06-25 15:21:19.007  1284  1332 I DropBoxManagerService: add tag=system_server_wtf isTagEnabled=true flags=0x2
06-25 15:21:19.023  1284  1460 E DisplayDeviceConfig: requesting nits when no mapping exists.
06-25 15:21:19.023  1284  1460 E DisplayDeviceConfig: requesting nits when no mapping exists.
06-25 15:21:19.040  1284  1460 E DisplayDeviceConfig: requesting nits when no mapping exists.
06-25 15:21:19.040  1284  1460 E DisplayDeviceConfig: requesting nits when no mapping exists.
06-25 15:21:19.057  1284  1460 E DisplayDeviceConfig: requesting nits when no mapping exists.
06-25 15:21:19.057  1284  1460 E DisplayDeviceConfig: requesting nits when no mapping exists.
06-25 15:21:19.073  1284  1460 E DisplayDeviceConfig: requesting nits when no mapping exists.
06-25 15:21:19.074  1284  1460 E DisplayDeviceConfig: requesting nits when no mapping exists.
06-25 15:21:19.090  1284  1460 E DisplayDeviceConfig: requesting nits when no mapping exists.
06-25 15:21:19.090  1284  1460 E DisplayDeviceConfig: requesting nits when no mapping exists.
06-25 15:21:19.107  1284  1460 E DisplayDeviceConfig: requesting nits when no mapping exists.
06-25 15:21:19.107  1284  1460 E DisplayDeviceConfig: requesting nits when no mapping exists.
06-25 15:21:19.123  1284  1460 E DisplayDeviceConfig: requesting nits when no mapping exists.
06-25 15:21:19.123  1284  1460 E DisplayDeviceConfig: requesting nits when no mapping exists.
06-25 15:21:19.140  1284  1460 E DisplayDeviceConfig: requesting nits when no mapping exists.
06-25 15:21:19.140  1284  1460 E DisplayDeviceConfig: requesting nits when no mapping exists.
06-25 15:21:19.157  1284  1460 E DisplayDeviceConfig: requesting nits when no mapping exists.
06-25 15:21:19.157  1284  1460 E DisplayDeviceConfig: requesting nits when no mapping exists.
06-25 15:21:19.173  1284  1460 E DisplayDeviceConfig: requesting nits when no mapping exists.
06-25 15:21:19.174  1284  1460 E DisplayDeviceConfig: requesting nits when no mapping exists.
06-25 15:21:19.190  1284  1460 E DisplayDeviceConfig: requesting nits when no mapping exists.
06-25 15:21:19.190  1284  1460 E DisplayDeviceConfig: requesting nits when no mapping exists.
06-25 15:21:19.207  1284  1460 E DisplayDeviceConfig: requesting nits when no mapping exists.
06-25 15:21:19.207  1284  1460 E DisplayDeviceConfig: requesting nits when no mapping exists.
06-25 15:23:04.456  1284  1320 I WindowManager: Could not transfer touch to the status bar
06-25 15:23:37.982  1284  1320 I WindowManager: Could not transfer touch to the status bar
06-25 15:24:34.853  1284  2755 W BatteryExternalStatsWorker: error reading modem stats:ERROR_INVALID_INFO_RECEIVED
06-25 15:28:38.406  1284  1331 I UsageStatsService: User[0] Flushing usage stats to disk
06-25 15:29:00.143  1458  1475 W ContextImpl: Calling a method in the system process without a qualified user: android.app.ContextImpl.sendBroadcast:1181 android.content.ContextWrapper.sendBroadcast:479 com.netease.nemu_vapi_android.proxy.LauncherProxy.showInstallingUI:24 com.netease.nemu_vapi_android.resource.AppsManager.onAppsPost:327 com.netease.nemu_vapi_android.resource.AppsManager.onAction:282 
06-25 15:29:00.340  1458  1475 W ContextImpl: Calling a method in the system process without a qualified user: android.app.ContextImpl.startService:1824 android.content.ContextWrapper.startService:774 com.netease.nemu_vapi_android.resource.AppsManager.onInstallByRemoteInstallService:418 com.netease.nemu_vapi_android.resource.AppsManager.dispatchApkInstall:407 com.netease.nemu_vapi_android.resource.AppsManager.onAppsPost:353 
06-25 15:29:00.341  1284  1485 W ActivityManager: callingPackage:com.netease.nemu_vapi_android.nemu, packageName:com.mumu.store, name:com.mumu.store.install.InstallLocalApkService, isSkip: true
06-25 15:29:00.401  1458  1475 W PackageParsing: Ignoring duplicate uses-permissions/uses-permissions-sdk-m: android.permission.QUERY_ALL_PACKAGES in package: com.example.genname at: Binary XML file line #33
06-25 15:29:00.438  2789  2835 W PackageParsing: Ignoring duplicate uses-permissions/uses-permissions-sdk-m: android.permission.QUERY_ALL_PACKAGES in package: com.example.genname at: Binary XML file line #33
06-25 15:29:00.955  2789  2831 W ContextImpl: Calling a method in the system process without a qualified user: android.app.ContextImpl.sendBroadcast:1181 android.content.ContextWrapper.sendBroadcast:479 com.mumu.store.util.w.g:24 com.mumu.store.util.w.j:4 com.mumu.store.util.w.d:71 
06-25 15:29:00.956  2789  2831 W ContextImpl: Calling a method in the system process without a qualified user: android.app.ContextImpl.sendBroadcast:1181 android.content.ContextWrapper.sendBroadcast:479 com.mumu.store.util.w.g:24 com.mumu.store.util.w.j:4 com.mumu.store.util.w.d:71 
06-25 15:29:00.961  2789  2831 W ContextImpl: Calling a method in the system process without a qualified user: android.app.ContextImpl.startService:1824 android.content.ContextWrapper.startService:774 com.mumu.store.install.e.c:62 n0.h.d0:29 n0.h.r:1 
06-25 15:29:00.961  1284  1485 W ActivityManager: callingPackage:com.mumu.store, packageName:com.mumu.store, name:com.mumu.store.install.InstallService, isSkip: true
06-25 15:29:00.965  2789  2831 W ContextImpl: Calling a method in the system process without a qualified user: android.app.ContextImpl.sendBroadcast:1181 android.content.ContextWrapper.sendBroadcast:479 com.mumu.store.util.w.g:24 com.mumu.store.util.w.h:102 com.mumu.store.util.w.d:63 
06-25 15:29:00.976  2789  2831 W ContextImpl: Calling a method in the system process without a qualified user: android.app.ContextImpl.sendBroadcast:1181 android.content.ContextWrapper.sendBroadcast:479 com.mumu.store.util.w.g:24 com.mumu.store.util.w.h:102 com.mumu.store.util.w.d:63 
06-25 15:29:00.977  2789  3450 W ContextImpl: Calling a method in the system process without a qualified user: android.app.ContextImpl.sendBroadcast:1181 android.content.ContextWrapper.sendBroadcast:479 com.mumu.store.install.InstallService.j:20 com.mumu.store.install.InstallService.h:33 com.mumu.store.install.InstallService.i:22 
06-25 15:29:01.072  1284  1485 I NativeHelper: com.example.genname use max number of library use abi:arm64-v8a index:1
06-25 15:29:01.708  1284  1320 I WindowManager: Could not transfer touch to the status bar
06-25 15:29:02.743  1284  1359 E PackageInstallerSession: host-file-mumu-app-store drops manifest attribute android:installLocation in base.apk for com.example.genname
06-25 15:29:02.748  1284  1332 I DropBoxManagerService: add tag=system_server_wtf isTagEnabled=true flags=0x2
06-25 15:29:02.754  1284  1359 I NativeHelper: com.example.genname use max number of library use abi:arm64-v8a index:1
06-25 15:29:02.761  1284  1352 I NativeHelper: com.example.genname use max number of library use abi:arm64-v8a index:1
06-25 15:29:02.765  1284  1352 I NativeHelper: com.example.genname use max number of library use abi:arm64-v8a index:1
06-25 15:29:02.774  1284  1352 W PackageParsing: Ignoring duplicate uses-permissions/uses-permissions-sdk-m: android.permission.QUERY_ALL_PACKAGES in package: com.example.genname at: Binary XML file line #33
06-25 15:29:02.778  1284  1352 I NativeHelper: com.example.genname use max number of library use abi:arm64-v8a index:1
06-25 15:29:02.796  1284  1352 D PackageSettings: save abi select file last modified time: 1748056813000
06-25 15:29:02.820  1284  1319 V StorageManagerService: Package null does not have legacy storage
06-25 15:29:02.901  1284  1352 V BackupManagerService: [UserID:0] restoreAtInstall pkg=com.example.genname token=3 restoreSet=0
06-25 15:29:02.903  1284  1352 W BackupTransportManager: Transport com.android.localtransport/.LocalTransport not registered
06-25 15:29:02.903  1284  1352 W BackupManagerService: [UserID:0] No transport client
06-25 15:29:02.903  1284  1352 V BackupManagerService: [UserID:0] Finishing install immediately
06-25 15:29:02.921  1284  1352 D CompatibilityChangeReporter: Compat change id reported: 168419799; UID 10036; state: DISABLED
06-25 15:29:02.923  2789  3450 W ContextImpl: Calling a method in the system process without a qualified user: android.app.ContextImpl.sendBroadcast:1181 android.content.ContextWrapper.sendBroadcast:479 com.mumu.store.install.InstallService.j:20 com.mumu.store.install.InstallService.h:140 com.mumu.store.install.InstallService.i:22 
06-25 15:29:02.926  1284  1332 W BroadcastQueue: Background execution not allowed: receiving Intent { act=android.intent.action.PACKAGE_ADDED dat=package:com.example.genname flg=0x4000010 (has extras) } to com.android.packageinstaller/.PackageInstalledReceiver
06-25 15:29:02.931  1702  1702 W ContextImpl: Calling a method in the system process without a qualified user: android.app.ContextImpl.sendBroadcast:1181 android.content.ContextWrapper.sendBroadcast:479 com.mumu.launcher.P0.onReceive:1010 android.app.LoadedApk$ReceiverDispatcher$Args.lambda$getRunnable$0$LoadedApk$ReceiverDispatcher$Args:1679 android.app.LoadedApk$ReceiverDispatcher$Args$$ExternalSyntheticLambda0.run:2 
06-25 15:29:02.949  1284  1332 W BroadcastQueue: Background execution not allowed: receiving Intent { act=android.intent.action.PACKAGE_ADDED dat=package:com.example.genname flg=0x4000010 (has extras) } to com.android.gallery3d/.app.PackagesMonitor
06-25 15:29:02.949  2789  3450 W ContextImpl: Calling a method in the system process without a qualified user: android.app.ContextImpl.startService:1824 android.content.ContextWrapper.startService:774 com.mumu.store.install.InstallService.k:15 com.mumu.store.install.InstallService.h:204 com.mumu.store.install.InstallService.i:22 
06-25 15:29:02.951  1284  1332 W BroadcastQueue: Background execution not allowed: receiving Intent { act=android.intent.action.PACKAGE_ADDED dat=package:com.example.genname flg=0x4000010 (has extras) } to com.mumu.acc/.AccMsgReceiver
06-25 15:29:02.951  1284  1332 W BroadcastQueue: Background execution not allowed: receiving Intent { act=android.intent.action.PACKAGE_ADDED dat=package:com.example.genname flg=0x4000010 (has extras) } to com.mumu.store/.install.PackageReceiver
06-25 15:29:02.956  1284  1332 D CompatibilityChangeReporter: Compat change id reported: 168419799; UID 10018; state: DISABLED
06-25 15:29:02.963  1284  1385 W ActivityManager: callingPackage:android, packageName:com.android.permissioncontroller, name:com.android.permissioncontroller.role.service.RoleControllerServiceImpl, isSkip: true
06-25 15:29:02.970  2789  2789 W ContextImpl: Calling a method in the system process without a qualified user: android.app.ContextImpl.sendBroadcast:1181 android.content.ContextWrapper.sendBroadcast:479 com.mumu.store.install.InstallService.onDestroy:36 android.app.ActivityThread.handleStopService:4810 android.app.ActivityThread.access$2100:260 
06-25 15:29:02.980  1284  1319 W ActivityManager: callingPackage:android, packageName:com.android.permissioncontroller, name:com.android.permissioncontroller.permission.service.PermissionControllerServiceImpl, isSkip: true
06-25 15:29:02.983  1284  1284 W GameManagerService: Invalid package config for com.example.genname:[Name:com.example.genname Modes: {}]
06-25 15:29:02.983  1284  1284 I GameManagerService: Disabling downscale for com.example.genname
06-25 15:29:02.991  2789  2831 W ContextImpl: Calling a method in the system process without a qualified user: android.app.ContextImpl.sendBroadcast:1181 android.content.ContextWrapper.sendBroadcast:479 com.mumu.store.base.z.h:335 com.mumu.store.base.z$a.b:10 com.mumu.store.base.z$a.onNext:3 
06-25 15:29:02.994  2789  2831 W ContextImpl: Calling a method in the system process without a qualified user: android.app.ContextImpl.sendBroadcast:1181 android.content.ContextWrapper.sendBroadcast:479 com.mumu.store.search.j.c:29 v0.b$a.b:277 v0.b$a.onNext:3 
06-25 15:29:03.006  1284  1284 V BackupManagerConstants: getKeyValueBackupIntervalMilliseconds(...) returns 14400000
06-25 15:29:03.006  1284  1284 V BackupManagerConstants: getKeyValueBackupFuzzMilliseconds(...) returns 600000
06-25 15:29:03.006  1284  1284 V BackupManagerConstants: getKeyValueBackupRequiredNetworkType(...) returns 1
06-25 15:29:03.006  1284  1284 V BackupManagerConstants: getKeyValueBackupRequireCharging(...) returns true
06-25 15:29:03.006  1284  1284 V KeyValueBackupJob: Scheduling k/v pass in 241 minutes
06-25 15:29:03.031  1284  1319 D CompanionDeviceManagerService: onPackageModified(packageName = com.example.genname)
06-25 15:29:03.034  1284  1284 W GameManagerService: Invalid package config for com.example.genname:[Name:com.example.genname Modes: {}]
06-25 15:29:03.034  1284  1284 I GameManagerService: Disabling downscale for com.example.genname
06-25 15:29:03.045  1284  1884 W BroadcastQueue: Background execution not allowed: receiving Intent { act=android.intent.action.PACKAGE_CHANGED dat=package:com.example.genname flg=0x4000010 (has extras) } to com.android.gallery3d/.app.PackagesMonitor
06-25 15:29:03.046  1284  1332 W BroadcastQueue: Background execution not allowed: receiving Intent { act=android.intent.action.PACKAGE_CHANGED dat=package:com.example.genname flg=0x4000010 (has extras) } to com.mumu.launcher/.PackageChangedReceiver
06-25 15:29:03.048  1284  1331 W TextServicesManagerService: no available spell checker services found
06-25 15:29:03.063  1284  1331 W VoiceInteractionManager: no available voice recognition services found for user 0
06-25 15:29:03.066  1284  1331 W PackageManager: Failed registering loading progress callback. Package is fully loaded.
06-25 15:29:03.095  1284  1331 W TextServicesManagerService: no available spell checker services found
06-25 15:29:03.099  1284  1331 W VoiceInteractionManager: no available voice recognition services found for user 0
06-25 15:29:03.961  1284  1860 I ActivityTaskManager: START u0 {act=android.intent.action.MAIN cat=[android.intent.category.LAUNCHER] flg=0x10200000 cmp=com.example.genname/com.godot.game.GodotApp bnds=[1455,444][1785,695]} from uid 1000, pid 1702
06-25 15:29:03.969  1284  1860 E NemuTabUtil: getMatchedRegex pkg = com.example.genname
06-25 15:29:03.971  1284  1860 E NemuTabUtil: getMatchedRegex line = com.xindong.torchlight
06-25 15:29:03.971  1284  1860 E NemuTabUtil: getMatchedRegex line = .*bilibili.nslg.*
06-25 15:29:03.971  1284  1860 E NemuTabUtil: getMatchedRegex line = com.netease.stzb.neteaseqa
06-25 15:29:03.972  1284  1860 E NemuTabUtil: getMatchedRegex line = com.jingxiu.civ.nearme.gamecenter 3
06-25 15:29:03.972  1284  1860 E NemuTabUtil: getMatchedRegex line = com.jingxiu.civ.vivo 3
06-25 15:29:03.972  1284  1860 E NemuTabUtil: getMatchedRegex line = com.jingxiu.civ.huawei 3
06-25 15:29:03.972  1284  1860 E NemuTabUtil: getMatchedRegex line = com.jingxiu.civ.mi 3
06-25 15:29:03.972  1284  1860 E NemuTabUtil: getMatchedRegex line = com.jingxiu.civ.aligames 3
06-25 15:29:03.972  1284  1860 E NemuTabUtil: getMatchedRegex line = com.jingxiu.civ.m4399 3
06-25 15:29:03.972  1284  1860 E NemuTabUtil: getMatchedRegex line = com.jingxiu.civ.honor 3
06-25 15:29:03.972  1284  1860 E NemuTabUtil: getMatchedRegex line = com.jingxiu.civ.bytedance.gamecenter 3
06-25 15:29:03.972  1284  1860 E NemuTabUtil: getMatchedRegex line = com.jingxiu.civ 3
06-25 15:29:03.972  1284  1860 E NemuTabUtil: getMatchedRegex line = com.tencent.tmgp.eden 3
06-25 15:29:03.973  1284  1860 E NemuTabUtil: getMatchedRegex line = com.ssjj.xp.m4399 3
06-25 15:29:03.973  1284  1860 E NemuTabUtil: getMatchedRegex line = com.ssjj.xp.gb 3
06-25 15:29:03.973  1284  1860 E NemuTabUtil: getMatchedRegex line = com.ssjj.xp.gbt 3
06-25 15:29:03.973  1284  1860 E NemuTabUtil: getMatchedRegex line = com.ssjj.xp.tf 3
06-25 15:29:03.973  1284  1860 E NemuTabUtil: getMatchedRegex line = com.tencent.tmgp.xpdl 3
06-25 15:29:03.973  1284  1860 E NemuTabUtil: getMatchedRegex line = com.xm4399.xpdl.bilibili 3
06-25 15:29:03.973  1284  1860 E NemuTabUtil: getMatchedRegex line = com.xm4399.xpdl.nearme.gamecenter 3
06-25 15:29:03.973  1284  1860 E NemuTabUtil: getMatchedRegex line = com.xm4399.xpdl.vivo 3
06-25 15:29:03.974  1284  1860 E NemuTabUtil: getMatchedRegex line = com.xm4399.xpdl.huawei 3
06-25 15:29:03.974  1284  1860 E NemuTabUtil: getMatchedRegex line = com.xm4399.xpdl.mi 3
06-25 15:29:03.974  1284  1860 E NemuTabUtil: getMatchedRegex line = com.xm4399.xpdl.aligames 3
06-25 15:29:03.974  1284  1860 E NemuTabUtil: getMatchedRegex line = com.xm4399.xpdl.honor 3
06-25 15:29:03.974  1284  1860 E NemuTabUtil: getMatchedRegex line = com.xm4399.xpdl.hm.huawei 3
06-25 15:29:03.974  1284  1860 E NemuTabUtil: getMatchedRegex line = com.xm4399.xpdl.yofun 3
06-25 15:29:03.974  1284  1860 E NemuTabUtil: getMatchedRegex line = com.xm4399.xpdl.yofun.mumu 3
06-25 15:29:03.974  1284  1860 E NemuTabUtil: getMatchedRegex line = com.xm4399.xpdl.ld 3
06-25 15:29:03.975  1284  1860 E NemuTabUtil: getMatchedRegex line = com.lilithgame.igame.android.cn 3
06-25 15:29:03.975  1284  1860 E NemuTabUtil: getMatchedRegex line = com.lilithgames.samo.android.cn 3
06-25 15:29:03.975  1284  1860 E NemuTabUtil: getMatchedRegex line = com.leniu.mxty.yofun.mumu 1
06-25 15:29:03.975  1284  1860 E NemuTabUtil: getMatchedRegex line = com.leniu.mxty.apk 1
06-25 15:29:03.975  1284  1860 E NemuTabUtil: getMatchedRegex line = com.lun.mxtt.pcb 1
06-25 15:29:03.975  1284  1860 E NemuTabUtil: getMatchedRegex line = com.lnu.mxtynwb 1
06-25 15:29:03.975  1284  1860 E NemuTabUtil: getMatchedRegex line = com.leniu.mxty.huawei 1
06-25 15:29:03.975  1284  1860 E NemuTabUtil: getMatchedRegex line = com.leniu.mxty.ld 1
06-25 15:29:03.975  1284  1860 E NemuTabUtil: getMatchedRegex line = com.leniu.mxtycs 1
06-25 15:29:03.975  1284  1860 E NemuTabUtil: getMatchedRegex line = com.leniu.mxty.yofun 1
