06-25 10:48:45.534  1284  1319 W ActivityManager: callingPackage:android, packageName:com.nemu.nlp, name:com.nemu.nlp.LocationService, isSkip: true
06-25 10:48:45.534  1284  1319 W ActivityManager: callingPackage:android, packageName:com.nemu.nlp, name:com.nemu.nlp.LocationService, isSkip: true
06-25 10:48:45.534  1284  1319 W ActivityManager: callingPackage:android, packageName:com.nemu.nlp, name:com.nemu.nlp.LocationService, isSkip: true
06-25 10:48:45.534  1284  1319 W ActivityManager: callingPackage:android, packageName:com.nemu.nlp, name:com.nemu.nlp.LocationService, isSkip: true
06-25 10:48:45.535  1284  1319 W ActivityManager: callingPackage:android, packageName:com.nemu.nlp, name:com.nemu.nlp.LocationService, isSkip: true
06-25 10:48:45.535  1284  1319 W ActivityManager: callingPackage:android, packageName:com.nemu.nlp, name:com.nemu.nlp.LocationService, isSkip: true
06-25 10:48:45.535  1284  1319 W ActivityManager: callingPackage:android, packageName:com.nemu.nlp, name:com.nemu.nlp.LocationService, isSkip: true
06-25 10:48:45.535  1284  1319 W ActivityManager: callingPackage:android, packageName:com.nemu.nlp, name:com.nemu.nlp.LocationService, isSkip: true
06-25 10:48:45.536  1284  1319 W ActivityManager: callingPackage:android, packageName:com.nemu.nlp, name:com.nemu.nlp.LocationService, isSkip: true
06-25 10:48:45.536  1284  1319 W ActivityManager: callingPackage:android, packageName:com.nemu.nlp, name:com.nemu.nlp.LocationService, isSkip: true
06-25 10:48:45.536  1284  1319 W ActivityManager: callingPackage:android, packageName:com.nemu.nlp, name:com.nemu.nlp.LocationService, isSkip: true
06-25 10:48:45.536  1284  1319 W ActivityManager: callingPackage:android, packageName:com.nemu.nlp, name:com.nemu.nlp.LocationService, isSkip: true
06-25 10:48:45.536  1284  1319 W ActivityManager: callingPackage:android, packageName:com.nemu.nlp, name:com.nemu.nlp.LocationService, isSkip: true
06-25 10:48:45.537  1284  1319 W ActivityManager: callingPackage:android, packageName:com.nemu.nlp, name:com.nemu.nlp.LocationService, isSkip: true
06-25 10:48:45.537  1284  1319 W ActivityManager: callingPackage:android, packageName:com.nemu.nlp, name:com.nemu.nlp.LocationService, isSkip: true
06-25 10:48:45.537  1284  1319 W ActivityManager: callingPackage:android, packageName:com.nemu.nlp, name:com.nemu.nlp.LocationService, isSkip: true
06-25 10:48:45.537  1284  1319 W ActivityManager: callingPackage:android, packageName:com.nemu.nlp, name:com.nemu.nlp.LocationService, isSkip: true
06-25 10:48:45.537  1284  1319 W ActivityManager: callingPackage:android, packageName:com.nemu.nlp, name:com.nemu.nlp.LocationService, isSkip: true
06-25 10:48:45.538  1284  1319 W ActivityManager: callingPackage:android, packageName:com.nemu.nlp, name:com.nemu.nlp.LocationService, isSkip: true
06-25 10:48:45.538  1284  1319 W ActivityManager: callingPackage:android, packageName:com.nemu.nlp, name:com.nemu.nlp.LocationService, isSkip: true
06-25 10:48:45.538  1284  1319 W ActivityManager: callingPackage:android, packageName:com.nemu.nlp, name:com.nemu.nlp.LocationService, isSkip: true
06-25 10:48:45.538  1284  1319 W ActivityManager: callingPackage:android, packageName:com.nemu.nlp, name:com.nemu.nlp.LocationService, isSkip: true
06-25 10:48:45.538  1284  1319 W ActivityManager: callingPackage:android, packageName:com.nemu.nlp, name:com.nemu.nlp.LocationService, isSkip: true
06-25 10:48:45.538  1284  1319 W ActivityManager: callingPackage:android, packageName:com.nemu.nlp, name:com.nemu.nlp.LocationService, isSkip: true
06-25 10:48:45.539  1284  1319 W ActivityManager: callingPackage:android, packageName:com.nemu.nlp, name:com.nemu.nlp.LocationService, isSkip: true
06-25 10:48:45.539  1284  1319 W ActivityManager: callingPackage:android, packageName:com.nemu.nlp, name:com.nemu.nlp.LocationService, isSkip: true
06-25 10:48:45.539  1284  1319 W ActivityManager: callingPackage:android, packageName:com.nemu.nlp, name:com.nemu.nlp.LocationService, isSkip: true
06-25 10:48:45.539  1284  1319 W ActivityManager: callingPackage:android, packageName:com.nemu.nlp, name:com.nemu.nlp.LocationService, isSkip: true
06-25 10:48:45.539  1284  1319 W ActivityManager: callingPackage:android, packageName:com.nemu.nlp, name:com.nemu.nlp.LocationService, isSkip: true
06-25 10:48:45.540  1284  1319 W ActivityManager: callingPackage:android, packageName:com.nemu.nlp, name:com.nemu.nlp.LocationService, isSkip: true
06-25 10:48:45.540  1284  1319 W ActivityManager: callingPackage:android, packageName:com.nemu.nlp, name:com.nemu.nlp.LocationService, isSkip: true
06-25 10:48:45.540  1284  1319 W ActivityManager: callingPackage:android, packageName:com.nemu.nlp, name:com.nemu.nlp.LocationService, isSkip: true
06-25 10:48:45.540  1284  1319 W ActivityManager: callingPackage:android, packageName:com.nemu.nlp, name:com.nemu.nlp.LocationService, isSkip: true
06-25 10:48:45.540  1284  1319 W ActivityManager: callingPackage:android, packageName:com.nemu.nlp, name:com.nemu.nlp.LocationService, isSkip: true
06-25 10:48:45.541  1284  1319 W ActivityManager: callingPackage:android, packageName:com.nemu.nlp, name:com.nemu.nlp.LocationService, isSkip: true
06-25 10:48:45.541  1284  1319 W ActivityManager: callingPackage:android, packageName:com.nemu.nlp, name:com.nemu.nlp.LocationService, isSkip: true
06-25 10:48:45.541  1284  1319 W ActivityManager: callingPackage:android, packageName:com.nemu.nlp, name:com.nemu.nlp.LocationService, isSkip: true
06-25 10:48:45.541  1284  1319 W ActivityManager: callingPackage:android, packageName:com.nemu.nlp, name:com.nemu.nlp.LocationService, isSkip: true
06-25 10:48:45.542  1284  1319 W ActivityManager: callingPackage:android, packageName:com.nemu.nlp, name:com.nemu.nlp.LocationService, isSkip: true
06-25 10:48:45.542  1284  1319 W ActivityManager: callingPackage:android, packageName:com.nemu.nlp, name:com.nemu.nlp.LocationService, isSkip: true
06-25 10:48:45.542  1284  1319 W ActivityManager: callingPackage:android, packageName:com.nemu.nlp, name:com.nemu.nlp.LocationService, isSkip: true
06-25 10:48:45.542  1284  1319 W ActivityManager: callingPackage:android, packageName:com.nemu.nlp, name:com.nemu.nlp.LocationService, isSkip: true
06-25 10:48:45.542  1284  1319 W ActivityManager: callingPackage:android, packageName:com.nemu.nlp, name:com.nemu.nlp.LocationService, isSkip: true
06-25 10:48:45.543  1284  1319 W ActivityManager: callingPackage:android, packageName:com.nemu.nlp, name:com.nemu.nlp.LocationService, isSkip: true
06-25 10:48:45.543  1284  1319 W ActivityManager: callingPackage:android, packageName:com.nemu.nlp, name:com.nemu.nlp.LocationService, isSkip: true
06-25 10:48:45.543  1284  1319 W ActivityManager: callingPackage:android, packageName:com.nemu.nlp, name:com.nemu.nlp.LocationService, isSkip: true
06-25 10:48:45.543  1284  1319 W ActivityManager: callingPackage:android, packageName:com.nemu.nlp, name:com.nemu.nlp.LocationService, isSkip: true
06-25 10:48:45.543  1284  1319 W ActivityManager: callingPackage:android, packageName:com.nemu.nlp, name:com.nemu.nlp.LocationService, isSkip: true
06-25 10:48:45.544  1284  1319 W ActivityManager: callingPackage:android, packageName:com.nemu.nlp, name:com.nemu.nlp.LocationService, isSkip: true
06-25 10:48:45.544  1284  1319 W ActivityManager: callingPackage:android, packageName:com.nemu.nlp, name:com.nemu.nlp.LocationService, isSkip: true
06-25 10:48:45.544  1284  1319 W ActivityManager: callingPackage:android, packageName:com.nemu.nlp, name:com.nemu.nlp.LocationService, isSkip: true
06-25 10:48:45.544  1284  1319 W ActivityManager: callingPackage:android, packageName:com.nemu.nlp, name:com.nemu.nlp.LocationService, isSkip: true
06-25 10:48:45.544  1284  1319 W ActivityManager: callingPackage:android, packageName:com.nemu.nlp, name:com.nemu.nlp.LocationService, isSkip: true
06-25 10:48:45.545  1284  1319 W ActivityManager: callingPackage:android, packageName:com.nemu.nlp, name:com.nemu.nlp.LocationService, isSkip: true
06-25 10:48:45.545  1284  1319 W ActivityManager: callingPackage:android, packageName:com.nemu.nlp, name:com.nemu.nlp.LocationService, isSkip: true
06-25 10:48:45.545  1284  1319 W ActivityManager: callingPackage:android, packageName:com.nemu.nlp, name:com.nemu.nlp.LocationService, isSkip: true
06-25 10:48:45.545  1284  1319 W ActivityManager: callingPackage:android, packageName:com.nemu.nlp, name:com.nemu.nlp.LocationService, isSkip: true
06-25 10:48:45.545  1284  1319 W ActivityManager: callingPackage:android, packageName:com.nemu.nlp, name:com.nemu.nlp.LocationService, isSkip: true
06-25 10:48:45.546  1284  1319 W ActivityManager: callingPackage:android, packageName:com.nemu.nlp, name:com.nemu.nlp.LocationService, isSkip: true
06-25 10:48:45.546  1284  1319 W ActivityManager: callingPackage:android, packageName:com.nemu.nlp, name:com.nemu.nlp.LocationService, isSkip: true
06-25 10:48:45.546  1284  1319 W ActivityManager: callingPackage:android, packageName:com.nemu.nlp, name:com.nemu.nlp.LocationService, isSkip: true
06-25 10:48:45.546  1284  1319 W ActivityManager: callingPackage:android, packageName:com.nemu.nlp, name:com.nemu.nlp.LocationService, isSkip: true
06-25 10:48:45.547  1284  1319 W ActivityManager: callingPackage:android, packageName:com.nemu.nlp, name:com.nemu.nlp.LocationService, isSkip: true
06-25 10:48:45.547  1284  1319 W ActivityManager: callingPackage:android, packageName:com.nemu.nlp, name:com.nemu.nlp.LocationService, isSkip: true
06-25 10:48:45.547  1284  1319 W ActivityManager: callingPackage:android, packageName:com.nemu.nlp, name:com.nemu.nlp.LocationService, isSkip: true
06-25 10:48:45.547  1284  1319 W ActivityManager: callingPackage:android, packageName:com.nemu.nlp, name:com.nemu.nlp.LocationService, isSkip: true
06-25 10:48:45.547  1284  1319 W ActivityManager: callingPackage:android, packageName:com.nemu.nlp, name:com.nemu.nlp.LocationService, isSkip: true
06-25 10:48:45.606  1284  1333 W ActivityManager: Slow operation: 501ms so far, now at startProcess: asking zygote to start proc
06-25 10:48:45.606  1284  1333 D CompatibilityChangeReporter: Compat change id reported: 143937733; UID 10035; state: ENABLED
06-25 10:48:45.612  1284  1333 W ActivityManager: Slow operation: 508ms so far, now at startProcess: returned from zygote!
06-25 10:48:45.613  1284  1333 W ActivityManager: Slow operation: 509ms so far, now at startProcess: done updating battery stats
06-25 10:48:45.613  1284  1333 W ActivityManager: Slow operation: 509ms so far, now at startProcess: building log message
06-25 10:48:45.613  1284  1333 I ActivityManager: Start proc 2161:android.ext.services/u0a35 for on-hold
06-25 10:48:45.613  1284  1333 W ActivityManager: Slow operation: 509ms so far, now at startProcess: starting to update pids map
06-25 10:48:45.613  1284  1333 W ActivityManager: Slow operation: 509ms so far, now at startProcess: done updating pids map
06-25 10:48:45.615  1284  1333 W ActivityManager: Slow operation: 501ms so far, now at startProcess: asking zygote to start proc
06-25 10:48:45.615  1284  1333 D CompatibilityChangeReporter: Compat change id reported: 143937733; UID 10013; state: ENABLED
06-25 10:48:45.622  1284  1319 W Looper  : Drained
06-25 10:48:45.624  1284  1319 W ActivityManager: callingPackage:android, packageName:com.nemu.nlp, name:com.nemu.nlp.LocationService, isSkip: true
06-25 10:48:45.624  1284  1319 W ActivityManager: callingPackage:android, packageName:com.nemu.nlp, name:com.nemu.nlp.LocationService, isSkip: true
06-25 10:48:45.624  1284  1319 W ActivityManager: callingPackage:android, packageName:com.nemu.nlp, name:com.nemu.nlp.LocationService, isSkip: true
06-25 10:48:45.625  1284  1319 W ActivityManager: callingPackage:android, packageName:com.nemu.nlp, name:com.nemu.nlp.LocationService, isSkip: true
06-25 10:48:45.625  1284  1319 W ActivityManager: callingPackage:android, packageName:com.nemu.nlp, name:com.nemu.nlp.LocationService, isSkip: true
06-25 10:48:45.625  1284  1319 W ActivityManager: callingPackage:android, packageName:com.nemu.nlp, name:com.nemu.nlp.LocationService, isSkip: true
06-25 10:48:45.625  1284  1319 W ActivityManager: callingPackage:android, packageName:com.nemu.nlp, name:com.nemu.nlp.LocationService, isSkip: true
06-25 10:48:45.625  1284  1319 W ActivityManager: callingPackage:android, packageName:com.nemu.nlp, name:com.nemu.nlp.LocationService, isSkip: true
06-25 10:48:45.625  1284  1319 W ActivityManager: callingPackage:android, packageName:com.nemu.nlp, name:com.nemu.nlp.LocationService, isSkip: true
06-25 10:48:45.625  1284  1319 W ActivityManager: callingPackage:android, packageName:com.nemu.nlp, name:com.nemu.nlp.LocationService, isSkip: true
06-25 10:48:45.626  1284  1319 W ActivityManager: callingPackage:android, packageName:com.nemu.nlp, name:com.nemu.nlp.LocationService, isSkip: true
06-25 10:48:45.626  1284  1319 W ActivityManager: callingPackage:android, packageName:com.nemu.nlp, name:com.nemu.nlp.LocationService, isSkip: true
06-25 10:48:45.626  1284  1319 W ActivityManager: callingPackage:android, packageName:com.nemu.nlp, name:com.nemu.nlp.LocationService, isSkip: true
06-25 10:48:45.626  1284  1319 W ActivityManager: callingPackage:android, packageName:com.nemu.nlp, name:com.nemu.nlp.LocationService, isSkip: true
06-25 10:48:45.626  1284  1319 W ActivityManager: callingPackage:android, packageName:com.nemu.nlp, name:com.nemu.nlp.LocationService, isSkip: true
06-25 10:48:45.626  1284  1319 W ActivityManager: callingPackage:android, packageName:com.nemu.nlp, name:com.nemu.nlp.LocationService, isSkip: true
06-25 10:48:45.626  1284  1319 W ActivityManager: callingPackage:android, packageName:com.nemu.nlp, name:com.nemu.nlp.LocationService, isSkip: true
06-25 10:48:45.627  1284  1319 W ActivityManager: callingPackage:android, packageName:com.nemu.nlp, name:com.nemu.nlp.LocationService, isSkip: true
06-25 10:48:45.627  1284  1319 W ActivityManager: callingPackage:android, packageName:com.nemu.nlp, name:com.nemu.nlp.LocationService, isSkip: true
06-25 10:48:45.627  1284  1333 W ActivityManager: Slow operation: 513ms so far, now at startProcess: returned from zygote!
06-25 10:48:45.627  1284  1319 W ActivityManager: callingPackage:android, packageName:com.nemu.nlp, name:com.nemu.nlp.LocationService, isSkip: true
06-25 10:48:45.627  1284  1333 W ActivityManager: Slow operation: 513ms so far, now at startProcess: done updating battery stats
06-25 10:48:45.627  1284  1333 W ActivityManager: Slow operation: 513ms so far, now at startProcess: building log message
06-25 10:48:45.627  1284  1333 I ActivityManager: Start proc 2163:com.nemu.nlp/u0a13 for service {com.nemu.nlp/com.nemu.nlp.LocationService}
06-25 10:48:45.627  1284  1333 W ActivityManager: Slow operation: 513ms so far, now at startProcess: starting to update pids map
06-25 10:48:45.627  1284  1333 W ActivityManager: Slow operation: 513ms so far, now at startProcess: done updating pids map
06-25 10:48:45.628  1284  1319 W ActivityManager: callingPackage:android, packageName:com.nemu.nlp, name:com.nemu.nlp.LocationService, isSkip: true
06-25 10:48:45.628  1284  1319 W ActivityManager: callingPackage:android, packageName:com.nemu.nlp, name:com.nemu.nlp.LocationService, isSkip: true
06-25 10:48:45.628  1284  1319 W ActivityManager: callingPackage:android, packageName:com.nemu.nlp, name:com.nemu.nlp.LocationService, isSkip: true
06-25 10:48:45.628  1284  1319 W ActivityManager: callingPackage:android, packageName:com.nemu.nlp, name:com.nemu.nlp.LocationService, isSkip: true
06-25 10:48:45.628  1284  1319 W ActivityManager: callingPackage:android, packageName:com.nemu.nlp, name:com.nemu.nlp.LocationService, isSkip: true
06-25 10:48:45.629  1284  1319 W ActivityManager: callingPackage:android, packageName:com.nemu.nlp, name:com.nemu.nlp.LocationService, isSkip: true
06-25 10:48:45.629  1284  1319 W ActivityManager: callingPackage:android, packageName:com.nemu.nlp, name:com.nemu.nlp.LocationService, isSkip: true
06-25 10:48:45.629  1284  1319 W ActivityManager: callingPackage:android, packageName:com.nemu.nlp, name:com.nemu.nlp.LocationService, isSkip: true
06-25 10:48:45.629  1284  1319 W ActivityManager: callingPackage:android, packageName:com.nemu.nlp, name:com.nemu.nlp.LocationService, isSkip: true
06-25 10:48:45.630  1284  1319 W ActivityManager: callingPackage:android, packageName:com.nemu.nlp, name:com.nemu.nlp.LocationService, isSkip: true
06-25 10:48:45.630  1284  1319 W ActivityManager: callingPackage:android, packageName:com.nemu.nlp, name:com.nemu.nlp.LocationService, isSkip: true
06-25 10:48:45.630  1284  1319 W ActivityManager: callingPackage:android, packageName:com.nemu.nlp, name:com.nemu.nlp.LocationService, isSkip: true
06-25 10:48:45.630  1284  1319 W ActivityManager: callingPackage:android, packageName:com.nemu.nlp, name:com.nemu.nlp.LocationService, isSkip: true
06-25 10:48:45.630  1284  1319 W ActivityManager: callingPackage:android, packageName:com.nemu.nlp, name:com.nemu.nlp.LocationService, isSkip: true
06-25 10:48:45.630  1284  1319 W ActivityManager: callingPackage:android, packageName:com.nemu.nlp, name:com.nemu.nlp.LocationService, isSkip: true
06-25 10:48:45.630  1284  1319 W ActivityManager: callingPackage:android, packageName:com.nemu.nlp, name:com.nemu.nlp.LocationService, isSkip: true
06-25 10:48:45.631  1284  1319 W ActivityManager: callingPackage:android, packageName:com.nemu.nlp, name:com.nemu.nlp.LocationService, isSkip: true
06-25 10:48:45.631  1284  1319 W ActivityManager: callingPackage:android, packageName:com.nemu.nlp, name:com.nemu.nlp.LocationService, isSkip: true
06-25 10:48:45.631  1284  1319 W ActivityManager: callingPackage:android, packageName:com.nemu.nlp, name:com.nemu.nlp.LocationService, isSkip: true
06-25 10:48:45.631  1284  1319 W ActivityManager: callingPackage:android, packageName:com.nemu.nlp, name:com.nemu.nlp.LocationService, isSkip: true
06-25 10:48:45.632  1284  1319 W ActivityManager: callingPackage:android, packageName:com.nemu.nlp, name:com.nemu.nlp.LocationService, isSkip: true
06-25 10:48:45.632  1284  1319 W ActivityManager: callingPackage:android, packageName:com.nemu.nlp, name:com.nemu.nlp.LocationService, isSkip: true
06-25 10:48:45.632  1284  1319 W ActivityManager: callingPackage:android, packageName:com.nemu.nlp, name:com.nemu.nlp.LocationService, isSkip: true
06-25 10:48:45.632  1284  1319 W ActivityManager: callingPackage:android, packageName:com.nemu.nlp, name:com.nemu.nlp.LocationService, isSkip: true
06-25 10:48:45.632  1284  1319 W ActivityManager: callingPackage:android, packageName:com.nemu.nlp, name:com.nemu.nlp.LocationService, isSkip: true
06-25 10:48:45.633  1284  1319 W ActivityManager: callingPackage:android, packageName:com.nemu.nlp, name:com.nemu.nlp.LocationService, isSkip: true
06-25 10:48:45.633  1284  1319 W ActivityManager: callingPackage:android, packageName:com.nemu.nlp, name:com.nemu.nlp.LocationService, isSkip: true
06-25 10:48:45.633  1284  1319 W ActivityManager: callingPackage:android, packageName:com.nemu.nlp, name:com.nemu.nlp.LocationService, isSkip: true
06-25 10:48:45.633  1284  1319 W ActivityManager: callingPackage:android, packageName:com.nemu.nlp, name:com.nemu.nlp.LocationService, isSkip: true
06-25 10:48:45.633  1284  1319 W ActivityManager: callingPackage:android, packageName:com.nemu.nlp, name:com.nemu.nlp.LocationService, isSkip: true
06-25 10:48:45.634  1284  1319 W ActivityManager: callingPackage:android, packageName:com.nemu.nlp, name:com.nemu.nlp.LocationService, isSkip: true
06-25 10:48:45.634  1284  1319 W ActivityManager: callingPackage:android, packageName:com.nemu.nlp, name:com.nemu.nlp.LocationService, isSkip: true
06-25 10:48:45.634  1284  1319 W ActivityManager: callingPackage:android, packageName:com.nemu.nlp, name:com.nemu.nlp.LocationService, isSkip: true
06-25 10:48:45.634  1284  1319 W ActivityManager: callingPackage:android, packageName:com.nemu.nlp, name:com.nemu.nlp.LocationService, isSkip: true
06-25 10:48:45.634  1284  1319 W ActivityManager: callingPackage:android, packageName:com.nemu.nlp, name:com.nemu.nlp.LocationService, isSkip: true
06-25 10:48:45.635  1284  1319 W ActivityManager: callingPackage:android, packageName:com.nemu.nlp, name:com.nemu.nlp.LocationService, isSkip: true
06-25 10:48:45.635  1284  1319 W ActivityManager: callingPackage:android, packageName:com.nemu.nlp, name:com.nemu.nlp.LocationService, isSkip: true
06-25 10:48:45.635  1284  1319 W ActivityManager: callingPackage:android, packageName:com.nemu.nlp, name:com.nemu.nlp.LocationService, isSkip: true
06-25 10:48:45.635  1284  1319 W ActivityManager: callingPackage:android, packageName:com.nemu.nlp, name:com.nemu.nlp.LocationService, isSkip: true
06-25 10:48:45.635  1284  1319 W ActivityManager: callingPackage:android, packageName:com.nemu.nlp, name:com.nemu.nlp.LocationService, isSkip: true
06-25 10:48:45.635  1284  1319 W ActivityManager: callingPackage:android, packageName:com.nemu.nlp, name:com.nemu.nlp.LocationService, isSkip: true
06-25 10:48:45.636  1284  1319 W ActivityManager: callingPackage:android, packageName:com.nemu.nlp, name:com.nemu.nlp.LocationService, isSkip: true
06-25 10:48:45.636  1284  1319 W ActivityManager: callingPackage:android, packageName:com.nemu.nlp, name:com.nemu.nlp.LocationService, isSkip: true
06-25 10:48:45.636  1284  1319 W ActivityManager: callingPackage:android, packageName:com.nemu.nlp, name:com.nemu.nlp.LocationService, isSkip: true
06-25 10:48:45.636  1284  1319 W ActivityManager: callingPackage:android, packageName:com.nemu.nlp, name:com.nemu.nlp.LocationService, isSkip: true
06-25 10:48:45.636  1284  1319 W ActivityManager: callingPackage:android, packageName:com.nemu.nlp, name:com.nemu.nlp.LocationService, isSkip: true
06-25 10:48:45.636  1284  1319 W ActivityManager: callingPackage:android, packageName:com.nemu.nlp, name:com.nemu.nlp.LocationService, isSkip: true
06-25 10:48:45.636  1284  1319 W ActivityManager: callingPackage:android, packageName:com.nemu.nlp, name:com.nemu.nlp.LocationService, isSkip: true
06-25 10:48:45.637  1284  1319 W ActivityManager: callingPackage:android, packageName:com.nemu.nlp, name:com.nemu.nlp.LocationService, isSkip: true
06-25 10:48:45.637  1284  1319 W ActivityManager: callingPackage:android, packageName:com.nemu.nlp, name:com.nemu.nlp.LocationService, isSkip: true
06-25 10:48:45.637  1284  1319 W ActivityManager: callingPackage:android, packageName:com.nemu.nlp, name:com.nemu.nlp.LocationService, isSkip: true
06-25 10:48:45.638  1284  1319 W ActivityManager: callingPackage:android, packageName:com.nemu.nlp, name:com.nemu.nlp.LocationService, isSkip: true
06-25 10:48:45.638  1284  1319 W ActivityManager: callingPackage:android, packageName:com.nemu.nlp, name:com.nemu.nlp.LocationService, isSkip: true
06-25 10:48:45.638  1284  1319 W ActivityManager: callingPackage:android, packageName:com.nemu.nlp, name:com.nemu.nlp.LocationService, isSkip: true
06-25 10:48:45.638  1284  1319 W ActivityManager: callingPackage:android, packageName:com.nemu.nlp, name:com.nemu.nlp.LocationService, isSkip: true
06-25 10:48:45.638  1284  1319 W ActivityManager: callingPackage:android, packageName:com.nemu.nlp, name:com.nemu.nlp.LocationService, isSkip: true
06-25 10:48:45.638  1284  1319 W ActivityManager: callingPackage:android, packageName:com.nemu.nlp, name:com.nemu.nlp.LocationService, isSkip: true
06-25 10:48:45.639  1284  1319 W ActivityManager: callingPackage:android, packageName:com.nemu.nlp, name:com.nemu.nlp.LocationService, isSkip: true
06-25 10:48:45.639  1284  1319 W ActivityManager: callingPackage:android, packageName:com.nemu.nlp, name:com.nemu.nlp.LocationService, isSkip: true
06-25 10:48:45.639  1284  1319 W ActivityManager: callingPackage:android, packageName:com.nemu.nlp, name:com.nemu.nlp.LocationService, isSkip: true
06-25 10:48:45.639  1284  1319 W ActivityManager: callingPackage:android, packageName:com.nemu.nlp, name:com.nemu.nlp.LocationService, isSkip: true
06-25 10:48:45.639  1284  1319 W ActivityManager: callingPackage:android, packageName:com.nemu.nlp, name:com.nemu.nlp.LocationService, isSkip: true
06-25 10:48:45.639  1284  1319 W ActivityManager: callingPackage:android, packageName:com.nemu.nlp, name:com.nemu.nlp.LocationService, isSkip: true
06-25 10:48:45.640  1284  1319 W ActivityManager: callingPackage:android, packageName:com.nemu.nlp, name:com.nemu.nlp.LocationService, isSkip: true
06-25 10:48:45.640  1284  1319 W ActivityManager: callingPackage:android, packageName:com.nemu.nlp, name:com.nemu.nlp.LocationService, isSkip: true
06-25 10:48:45.640  1284  1319 W ActivityManager: callingPackage:android, packageName:com.nemu.nlp, name:com.nemu.nlp.LocationService, isSkip: true
06-25 10:48:45.640  1284  1319 W ActivityManager: callingPackage:android, packageName:com.nemu.nlp, name:com.nemu.nlp.LocationService, isSkip: true
06-25 10:48:45.641  1284  1319 W ActivityManager: callingPackage:android, packageName:com.nemu.nlp, name:com.nemu.nlp.LocationService, isSkip: true
06-25 10:48:45.641  1284  1319 W ActivityManager: callingPackage:android, packageName:com.nemu.nlp, name:com.nemu.nlp.LocationService, isSkip: true
06-25 10:48:45.641  1284  1319 W ActivityManager: callingPackage:android, packageName:com.nemu.nlp, name:com.nemu.nlp.LocationService, isSkip: true
06-25 10:48:45.642  1284  1319 W ActivityManager: callingPackage:android, packageName:com.nemu.nlp, name:com.nemu.nlp.LocationService, isSkip: true
06-25 10:48:45.642  1284  1319 W ActivityManager: callingPackage:android, packageName:com.nemu.nlp, name:com.nemu.nlp.LocationService, isSkip: true
06-25 10:48:45.642  1284  1319 W ActivityManager: callingPackage:android, packageName:com.nemu.nlp, name:com.nemu.nlp.LocationService, isSkip: true
06-25 10:48:45.643  1284  1319 W ActivityManager: callingPackage:android, packageName:com.nemu.nlp, name:com.nemu.nlp.LocationService, isSkip: true
06-25 10:48:45.643  1284  1319 W ActivityManager: callingPackage:android, packageName:com.nemu.nlp, name:com.nemu.nlp.LocationService, isSkip: true
06-25 10:48:45.643  1284  1319 W ActivityManager: callingPackage:android, packageName:com.nemu.nlp, name:com.nemu.nlp.LocationService, isSkip: true
06-25 10:48:45.643  1284  1319 W ActivityManager: callingPackage:android, packageName:com.nemu.nlp, name:com.nemu.nlp.LocationService, isSkip: true
06-25 10:48:45.644  1284  1663 D CompatibilityChangeReporter: Compat change id reported: 168419799; UID 10035; state: DISABLED
06-25 10:48:45.647  1284  1319 W ActivityManager: callingPackage:android, packageName:com.nemu.nlp, name:com.nemu.nlp.LocationService, isSkip: true
06-25 10:48:45.647  1284  1319 W ActivityManager: callingPackage:android, packageName:com.nemu.nlp, name:com.nemu.nlp.LocationService, isSkip: true
06-25 10:48:45.647  1284  1319 W ActivityManager: callingPackage:android, packageName:com.nemu.nlp, name:com.nemu.nlp.LocationService, isSkip: true
06-25 10:48:45.647  1284  1319 W ActivityManager: callingPackage:android, packageName:com.nemu.nlp, name:com.nemu.nlp.LocationService, isSkip: true
06-25 10:48:45.648  1284  1319 W ActivityManager: callingPackage:android, packageName:com.nemu.nlp, name:com.nemu.nlp.LocationService, isSkip: true
06-25 10:48:45.648  1284  1319 W ActivityManager: callingPackage:android, packageName:com.nemu.nlp, name:com.nemu.nlp.LocationService, isSkip: true
06-25 10:48:45.648  1284  1319 W ActivityManager: callingPackage:android, packageName:com.nemu.nlp, name:com.nemu.nlp.LocationService, isSkip: true
06-25 10:48:45.648  1284  1319 W ActivityManager: callingPackage:android, packageName:com.nemu.nlp, name:com.nemu.nlp.LocationService, isSkip: true
06-25 10:48:45.649  1284  1319 W ActivityManager: callingPackage:android, packageName:com.nemu.nlp, name:com.nemu.nlp.LocationService, isSkip: true
06-25 10:48:45.649  1284  1319 W ActivityManager: callingPackage:android, packageName:com.nemu.nlp, name:com.nemu.nlp.LocationService, isSkip: true
06-25 10:48:45.649  1284  1319 W ActivityManager: callingPackage:android, packageName:com.nemu.nlp, name:com.nemu.nlp.LocationService, isSkip: true
06-25 10:48:45.650  1284  1319 W ActivityManager: callingPackage:android, packageName:com.nemu.nlp, name:com.nemu.nlp.LocationService, isSkip: true
06-25 10:48:45.650  1284  1319 W ActivityManager: callingPackage:android, packageName:com.nemu.nlp, name:com.nemu.nlp.LocationService, isSkip: true
06-25 10:48:45.650  1284  1319 W ActivityManager: callingPackage:android, packageName:com.nemu.nlp, name:com.nemu.nlp.LocationService, isSkip: true
06-25 10:48:45.650  1284  1319 W ActivityManager: callingPackage:android, packageName:com.nemu.nlp, name:com.nemu.nlp.LocationService, isSkip: true
06-25 10:48:45.651  1284  1319 W ActivityManager: callingPackage:android, packageName:com.nemu.nlp, name:com.nemu.nlp.LocationService, isSkip: true
06-25 10:48:45.651  1284  1319 W ActivityManager: callingPackage:android, packageName:com.nemu.nlp, name:com.nemu.nlp.LocationService, isSkip: true
06-25 10:48:45.651  1284  1319 W ActivityManager: callingPackage:android, packageName:com.nemu.nlp, name:com.nemu.nlp.LocationService, isSkip: true
06-25 10:48:45.651  1284  1319 W ActivityManager: callingPackage:android, packageName:com.nemu.nlp, name:com.nemu.nlp.LocationService, isSkip: true
06-25 10:48:45.652  1284  1319 W ActivityManager: callingPackage:android, packageName:com.nemu.nlp, name:com.nemu.nlp.LocationService, isSkip: true
06-25 10:48:45.652  1284  1319 W ActivityManager: callingPackage:android, packageName:com.nemu.nlp, name:com.nemu.nlp.LocationService, isSkip: true
06-25 10:48:45.652  1284  1319 W ActivityManager: callingPackage:android, packageName:com.nemu.nlp, name:com.nemu.nlp.LocationService, isSkip: true
06-25 10:48:45.652  1284  1319 W ActivityManager: callingPackage:android, packageName:com.nemu.nlp, name:com.nemu.nlp.LocationService, isSkip: true
06-25 10:48:45.652  1284  1319 W ActivityManager: callingPackage:android, packageName:com.nemu.nlp, name:com.nemu.nlp.LocationService, isSkip: true
06-25 10:48:45.653  1284  1319 W ActivityManager: callingPackage:android, packageName:com.nemu.nlp, name:com.nemu.nlp.LocationService, isSkip: true
06-25 10:48:45.653  1284  1319 W ActivityManager: callingPackage:android, packageName:com.nemu.nlp, name:com.nemu.nlp.LocationService, isSkip: true
06-25 10:48:45.661  1284  1319 W ActivityManager: callingPackage:android, packageName:com.nemu.nlp, name:com.nemu.nlp.LocationService, isSkip: true
06-25 10:48:45.661  1284  1319 W ActivityManager: callingPackage:android, packageName:com.nemu.nlp, name:com.nemu.nlp.LocationService, isSkip: true
06-25 10:48:45.661  1284  1319 W ActivityManager: callingPackage:android, packageName:com.nemu.nlp, name:com.nemu.nlp.LocationService, isSkip: true
06-25 10:48:45.662  1284  1319 W ActivityManager: callingPackage:android, packageName:com.nemu.nlp, name:com.nemu.nlp.LocationService, isSkip: true
06-25 10:48:45.662  1284  1319 W ActivityManager: callingPackage:android, packageName:com.nemu.nlp, name:com.nemu.nlp.LocationService, isSkip: true
06-25 10:48:45.662  1284  1319 W ActivityManager: callingPackage:android, packageName:com.nemu.nlp, name:com.nemu.nlp.LocationService, isSkip: true
06-25 10:48:45.662  1284  1319 W ActivityManager: callingPackage:android, packageName:com.nemu.nlp, name:com.nemu.nlp.LocationService, isSkip: true
06-25 10:48:45.663  1284  1319 W ActivityManager: callingPackage:android, packageName:com.nemu.nlp, name:com.nemu.nlp.LocationService, isSkip: true
06-25 10:48:45.663  1284  1319 W ActivityManager: callingPackage:android, packageName:com.nemu.nlp, name:com.nemu.nlp.LocationService, isSkip: true
06-25 10:48:45.663  1284  1319 W ActivityManager: callingPackage:android, packageName:com.nemu.nlp, name:com.nemu.nlp.LocationService, isSkip: true
06-25 10:48:45.663  1284  1319 W ActivityManager: callingPackage:android, packageName:com.nemu.nlp, name:com.nemu.nlp.LocationService, isSkip: true
06-25 10:48:45.664  1284  1319 W ActivityManager: callingPackage:android, packageName:com.nemu.nlp, name:com.nemu.nlp.LocationService, isSkip: true
06-25 10:48:45.664  1284  1319 W ActivityManager: callingPackage:android, packageName:com.nemu.nlp, name:com.nemu.nlp.LocationService, isSkip: true
06-25 10:48:45.664  1284  1319 W ActivityManager: callingPackage:android, packageName:com.nemu.nlp, name:com.nemu.nlp.LocationService, isSkip: true
06-25 10:48:45.664  1284  1319 W ActivityManager: callingPackage:android, packageName:com.nemu.nlp, name:com.nemu.nlp.LocationService, isSkip: true
06-25 10:48:45.665  1284  1319 W ActivityManager: callingPackage:android, packageName:com.nemu.nlp, name:com.nemu.nlp.LocationService, isSkip: true
06-25 10:48:45.665  1284  1319 W ActivityManager: callingPackage:android, packageName:com.nemu.nlp, name:com.nemu.nlp.LocationService, isSkip: true
06-25 10:48:45.665  1284  1319 W ActivityManager: callingPackage:android, packageName:com.nemu.nlp, name:com.nemu.nlp.LocationService, isSkip: true
06-25 10:48:45.665  1284  1319 W ActivityManager: callingPackage:android, packageName:com.nemu.nlp, name:com.nemu.nlp.LocationService, isSkip: true
06-25 10:48:45.667  1284  1319 W ActivityManager: callingPackage:android, packageName:com.nemu.nlp, name:com.nemu.nlp.LocationService, isSkip: true
06-25 10:48:45.668  1284  1319 W ActivityManager: callingPackage:android, packageName:com.nemu.nlp, name:com.nemu.nlp.LocationService, isSkip: true
06-25 10:48:45.668  1284  1319 W ActivityManager: callingPackage:android, packageName:com.nemu.nlp, name:com.nemu.nlp.LocationService, isSkip: true
06-25 10:48:45.668  1284  1319 W ActivityManager: callingPackage:android, packageName:com.nemu.nlp, name:com.nemu.nlp.LocationService, isSkip: true
06-25 10:48:45.668  1284  1319 W ActivityManager: callingPackage:android, packageName:com.nemu.nlp, name:com.nemu.nlp.LocationService, isSkip: true
06-25 10:48:45.669  1284  1319 W ActivityManager: callingPackage:android, packageName:com.nemu.nlp, name:com.nemu.nlp.LocationService, isSkip: true
06-25 10:48:45.669  1284  1319 W ActivityManager: callingPackage:android, packageName:com.nemu.nlp, name:com.nemu.nlp.LocationService, isSkip: true
06-25 10:48:45.672  1284  1319 W ActivityManager: callingPackage:android, packageName:com.nemu.nlp, name:com.nemu.nlp.LocationService, isSkip: true
06-25 10:48:45.672  1284  1319 W ActivityManager: callingPackage:android, packageName:com.nemu.nlp, name:com.nemu.nlp.LocationService, isSkip: true
06-25 10:48:45.674  1284  1663 D CompatibilityChangeReporter: Compat change id reported: 168419799; UID 10013; state: DISABLED
06-25 10:48:45.675  1284  1319 W ActivityManager: callingPackage:android, packageName:com.nemu.nlp, name:com.nemu.nlp.LocationService, isSkip: true
06-25 10:48:45.676  1284  1319 W ActivityManager: callingPackage:android, packageName:com.nemu.nlp, name:com.nemu.nlp.LocationService, isSkip: true
06-25 10:48:45.677  1284  1319 W ActivityManager: callingPackage:android, packageName:com.nemu.nlp, name:com.nemu.nlp.LocationService, isSkip: true
06-25 10:48:45.678  1284  1319 W ActivityManager: callingPackage:android, packageName:com.nemu.nlp, name:com.nemu.nlp.LocationService, isSkip: true
06-25 10:48:45.679  1284  1319 W ActivityManager: callingPackage:android, packageName:com.nemu.nlp, name:com.nemu.nlp.LocationService, isSkip: true
06-25 10:48:45.680  1284  1319 W ActivityManager: callingPackage:android, packageName:com.nemu.nlp, name:com.nemu.nlp.LocationService, isSkip: true
06-25 10:48:45.681  1284  1319 W ActivityManager: callingPackage:android, packageName:com.nemu.nlp, name:com.nemu.nlp.LocationService, isSkip: true
06-25 10:48:45.682  1284  1319 W ActivityManager: callingPackage:android, packageName:com.nemu.nlp, name:com.nemu.nlp.LocationService, isSkip: true
06-25 10:48:45.683  1284  1319 W ActivityManager: callingPackage:android, packageName:com.nemu.nlp, name:com.nemu.nlp.LocationService, isSkip: true
06-25 10:48:45.684  1284  1319 W ActivityManager: callingPackage:android, packageName:com.nemu.nlp, name:com.nemu.nlp.LocationService, isSkip: true
06-25 10:48:45.690  1284  1319 W ActivityManager: callingPackage:android, packageName:com.nemu.nlp, name:com.nemu.nlp.LocationService, isSkip: true
06-25 10:48:45.693  1284  1319 W ActivityManager: callingPackage:android, packageName:com.nemu.nlp, name:com.nemu.nlp.LocationService, isSkip: true
06-25 10:48:45.695  1284  1319 W ActivityManager: callingPackage:android, packageName:com.nemu.nlp, name:com.nemu.nlp.LocationService, isSkip: true
06-25 10:48:45.697  1284  1319 W ActivityManager: callingPackage:android, packageName:com.nemu.nlp, name:com.nemu.nlp.LocationService, isSkip: true
06-25 10:48:45.698  1284  1319 W ActivityManager: callingPackage:android, packageName:com.nemu.nlp, name:com.nemu.nlp.LocationService, isSkip: true
06-25 10:48:45.699  1284  1319 W ActivityManager: callingPackage:android, packageName:com.nemu.nlp, name:com.nemu.nlp.LocationService, isSkip: true
06-25 10:48:45.700  1284  1319 W ActivityManager: callingPackage:android, packageName:com.nemu.nlp, name:com.nemu.nlp.LocationService, isSkip: true
06-25 10:48:45.701  1284  1319 W ActivityManager: callingPackage:android, packageName:com.nemu.nlp, name:com.nemu.nlp.LocationService, isSkip: true
06-25 10:48:45.703  1284  1319 W ActivityManager: callingPackage:android, packageName:com.nemu.nlp, name:com.nemu.nlp.LocationService, isSkip: true
06-25 10:48:45.704  1284  1319 W ActivityManager: callingPackage:android, packageName:com.nemu.nlp, name:com.nemu.nlp.LocationService, isSkip: true
06-25 10:48:45.705  1284  1319 W ActivityManager: callingPackage:android, packageName:com.nemu.nlp, name:com.nemu.nlp.LocationService, isSkip: true
06-25 10:48:45.707  1284  1319 W ActivityManager: callingPackage:android, packageName:com.nemu.nlp, name:com.nemu.nlp.LocationService, isSkip: true
06-25 10:48:45.708  1284  1319 W ActivityManager: callingPackage:android, packageName:com.nemu.nlp, name:com.nemu.nlp.LocationService, isSkip: true
06-25 10:48:45.709  1284  1319 W ActivityManager: callingPackage:android, packageName:com.nemu.nlp, name:com.nemu.nlp.LocationService, isSkip: true
06-25 10:48:45.710  1284  1319 W ActivityManager: callingPackage:android, packageName:com.nemu.nlp, name:com.nemu.nlp.LocationService, isSkip: true
06-25 10:48:45.711  1284  1319 W ActivityManager: callingPackage:android, packageName:com.nemu.nlp, name:com.nemu.nlp.LocationService, isSkip: true
06-25 10:48:45.712  1284  1319 W ActivityManager: callingPackage:android, packageName:com.nemu.nlp, name:com.nemu.nlp.LocationService, isSkip: true
06-25 10:48:45.714  1284  1319 W ActivityManager: callingPackage:android, packageName:com.nemu.nlp, name:com.nemu.nlp.LocationService, isSkip: true
06-25 10:48:45.715  1284  1319 W ActivityManager: callingPackage:android, packageName:com.nemu.nlp, name:com.nemu.nlp.LocationService, isSkip: true
06-25 10:48:45.716  1284  1319 W ActivityManager: callingPackage:android, packageName:com.nemu.nlp, name:com.nemu.nlp.LocationService, isSkip: true
06-25 10:48:45.717  1284  1319 W ActivityManager: callingPackage:android, packageName:com.nemu.nlp, name:com.nemu.nlp.LocationService, isSkip: true
06-25 10:48:45.719  1284  1319 W ActivityManager: callingPackage:android, packageName:com.nemu.nlp, name:com.nemu.nlp.LocationService, isSkip: true
06-25 10:48:45.719  1284  1319 W ActivityManager: callingPackage:android, packageName:com.nemu.nlp, name:com.nemu.nlp.LocationService, isSkip: true
06-25 10:48:45.721  1284  1319 W ActivityManager: callingPackage:android, packageName:com.nemu.nlp, name:com.nemu.nlp.LocationService, isSkip: true
06-25 10:48:45.722  1284  1319 W ActivityManager: callingPackage:android, packageName:com.nemu.nlp, name:com.nemu.nlp.LocationService, isSkip: true
06-25 10:48:45.723  1284  1319 W ActivityManager: callingPackage:android, packageName:com.nemu.nlp, name:com.nemu.nlp.LocationService, isSkip: true
06-25 10:48:45.724  1284  1319 W ActivityManager: callingPackage:android, packageName:com.nemu.nlp, name:com.nemu.nlp.LocationService, isSkip: true
06-25 10:48:45.725  1284  1319 W ActivityManager: callingPackage:android, packageName:com.nemu.nlp, name:com.nemu.nlp.LocationService, isSkip: true
06-25 10:48:45.726  1284  1319 W ActivityManager: callingPackage:android, packageName:com.nemu.nlp, name:com.nemu.nlp.LocationService, isSkip: true
06-25 10:48:45.727  1284  1319 W ActivityManager: callingPackage:android, packageName:com.nemu.nlp, name:com.nemu.nlp.LocationService, isSkip: true
06-25 10:48:45.728  1284  1319 W ActivityManager: callingPackage:android, packageName:com.nemu.nlp, name:com.nemu.nlp.LocationService, isSkip: true
06-25 10:48:45.729  1284  1319 W ActivityManager: callingPackage:android, packageName:com.nemu.nlp, name:com.nemu.nlp.LocationService, isSkip: true
06-25 10:48:45.730  1284  1319 W ActivityManager: callingPackage:android, packageName:com.nemu.nlp, name:com.nemu.nlp.LocationService, isSkip: true
06-25 10:48:45.731  1284  1319 W ActivityManager: callingPackage:android, packageName:com.nemu.nlp, name:com.nemu.nlp.LocationService, isSkip: true
06-25 10:48:45.731  1284  1319 W ActivityManager: callingPackage:android, packageName:com.nemu.nlp, name:com.nemu.nlp.LocationService, isSkip: true
06-25 10:48:45.733  1284  1319 W ActivityManager: callingPackage:android, packageName:com.nemu.nlp, name:com.nemu.nlp.LocationService, isSkip: true
06-25 10:48:45.734  1284  1319 W ActivityManager: callingPackage:android, packageName:com.nemu.nlp, name:com.nemu.nlp.LocationService, isSkip: true
06-25 10:48:45.735  1284  1319 W ActivityManager: callingPackage:android, packageName:com.nemu.nlp, name:com.nemu.nlp.LocationService, isSkip: true
06-25 10:48:45.735  1284  1319 W ActivityManager: callingPackage:android, packageName:com.nemu.nlp, name:com.nemu.nlp.LocationService, isSkip: true
06-25 10:48:45.737  1284  1319 W ActivityManager: callingPackage:android, packageName:com.nemu.nlp, name:com.nemu.nlp.LocationService, isSkip: true
06-25 10:48:45.738  1284  1319 W ActivityManager: callingPackage:android, packageName:com.nemu.nlp, name:com.nemu.nlp.LocationService, isSkip: true
06-25 10:48:45.739  1284  1319 W ActivityManager: callingPackage:android, packageName:com.nemu.nlp, name:com.nemu.nlp.LocationService, isSkip: true
06-25 10:48:45.739  1284  1319 W ActivityManager: callingPackage:android, packageName:com.nemu.nlp, name:com.nemu.nlp.LocationService, isSkip: true
06-25 10:48:45.740  1284  1319 W ActivityManager: callingPackage:android, packageName:com.nemu.nlp, name:com.nemu.nlp.LocationService, isSkip: true
06-25 10:48:45.741  1284  1319 W ActivityManager: callingPackage:android, packageName:com.nemu.nlp, name:com.nemu.nlp.LocationService, isSkip: true
06-25 10:48:45.742  1284  1319 W ActivityManager: callingPackage:android, packageName:com.nemu.nlp, name:com.nemu.nlp.LocationService, isSkip: true
06-25 10:48:45.743  1284  1319 W ActivityManager: callingPackage:android, packageName:com.nemu.nlp, name:com.nemu.nlp.LocationService, isSkip: true
06-25 10:48:45.744  1284  1319 W ActivityManager: callingPackage:android, packageName:com.nemu.nlp, name:com.nemu.nlp.LocationService, isSkip: true
06-25 10:48:45.745  1284  1319 W ActivityManager: callingPackage:android, packageName:com.nemu.nlp, name:com.nemu.nlp.LocationService, isSkip: true
06-25 10:48:45.746  1284  1319 W ActivityManager: callingPackage:android, packageName:com.nemu.nlp, name:com.nemu.nlp.LocationService, isSkip: true
06-25 10:48:45.747  1284  1319 W ActivityManager: callingPackage:android, packageName:com.nemu.nlp, name:com.nemu.nlp.LocationService, isSkip: true
06-25 10:48:45.748  1284  1319 W ActivityManager: callingPackage:android, packageName:com.nemu.nlp, name:com.nemu.nlp.LocationService, isSkip: true
06-25 10:48:45.749  1284  1284 V NotificationAssistants: 0 notification assistant service connected: ComponentInfo{android.ext.services/android.ext.services.notification.Assistant}
06-25 10:48:45.749  1284  1319 W ActivityManager: callingPackage:android, packageName:com.nemu.nlp, name:com.nemu.nlp.LocationService, isSkip: true
06-25 10:48:45.750  1284  1319 W ActivityManager: callingPackage:android, packageName:com.nemu.nlp, name:com.nemu.nlp.LocationService, isSkip: true
06-25 10:48:45.750  1284  1319 W ActivityManager: callingPackage:android, packageName:com.nemu.nlp, name:com.nemu.nlp.LocationService, isSkip: true
06-25 10:48:45.752  1284  1319 W ActivityManager: callingPackage:android, packageName:com.nemu.nlp, name:com.nemu.nlp.LocationService, isSkip: true
06-25 10:48:45.752  1284  1319 W ActivityManager: callingPackage:android, packageName:com.nemu.nlp, name:com.nemu.nlp.LocationService, isSkip: true
06-25 10:48:45.753  1284  1319 W ActivityManager: callingPackage:android, packageName:com.nemu.nlp, name:com.nemu.nlp.LocationService, isSkip: true
06-25 10:48:45.755  1284  1319 W ActivityManager: callingPackage:android, packageName:com.nemu.nlp, name:com.nemu.nlp.LocationService, isSkip: true
06-25 10:48:45.756  1284  1284 I ExplicitHealthCheckController: Explicit health check service is connected ComponentInfo{android.ext.services/android.ext.services.watchdog.ExplicitHealthCheckServiceImpl}
06-25 10:48:45.756  1284  1284 I ExplicitHealthCheckController: Service initialized, syncing requests
06-25 10:48:45.756  1284  1284 I PackageWatchdog: Syncing health check requests for packages: {com.android.systemui}
06-25 10:48:45.756  1284  1284 D ExplicitHealthCheckController: Getting health check supported packages
06-25 10:48:45.756  1284  1319 W ActivityManager: callingPackage:android, packageName:com.nemu.nlp, name:com.nemu.nlp.LocationService, isSkip: true
06-25 10:48:45.758  1284  1663 I ExplicitHealthCheckController: Explicit health check supported packages [PackageConfig{com.android.networkstack, 86400000}]
06-25 10:48:45.758  1284  1663 D PackageWatchdog: Received supported packages [PackageConfig{com.android.networkstack, 86400000}]
06-25 10:48:45.758  1284  1663 I PackageWatchdog: Updated health check state for package com.android.systemui: INACTIVE -> PASSED
06-25 10:48:45.758  1284  1663 I PackageWatchdog: Syncing state, reason: updated health check supported packages [PackageConfig{com.android.networkstack, 86400000}]
06-25 10:48:45.758  1284  1663 I PackageWatchdog: Not pruning observers, elapsed time: 0ms
06-25 10:48:45.758  1284  1663 D ExplicitHealthCheckController: Getting health check requested packages
06-25 10:48:45.758  1284  1284 I PackageWatchdog: Syncing health check requests for packages: {}
06-25 10:48:45.758  1284  1284 D ExplicitHealthCheckController: Getting health check supported packages
06-25 10:48:45.758  1284  1663 I ExplicitHealthCheckController: Explicit health check requested packages []
06-25 10:48:45.758  1284  1663 I ExplicitHealthCheckController: No more health check requests, unbinding...
06-25 10:48:45.759  1284  1882 I ExplicitHealthCheckController: Explicit health check supported packages [PackageConfig{com.android.networkstack, 86400000}]
06-25 10:48:45.759  1284  1882 D PackageWatchdog: Received supported packages [PackageConfig{com.android.networkstack, 86400000}]
06-25 10:48:45.759  1284  1319 W ActivityManager: callingPackage:android, packageName:com.nemu.nlp, name:com.nemu.nlp.LocationService, isSkip: true
06-25 10:48:45.761  1284  1663 I ExplicitHealthCheckController: Explicit health check service is unbound
06-25 10:48:45.761  1284  1319 W ActivityManager: callingPackage:android, packageName:com.nemu.nlp, name:com.nemu.nlp.LocationService, isSkip: true
06-25 10:48:45.761  1284  1882 I ExplicitHealthCheckController: Service not ready to get health check requested packages. Binding...
06-25 10:48:45.763  1284  1333 W ActivityManager: Slow operation: 502ms so far, now at startProcess: asking zygote to start proc
06-25 10:48:45.765  1284  1882 W ActivityManager: callingPackage:android, packageName:android.ext.services, name:android.ext.services.watchdog.ExplicitHealthCheckServiceImpl, isSkip: true
06-25 10:48:45.767  1284  1284 I ExplicitHealthCheckController: Explicit health check service is connected ComponentInfo{android.ext.services/android.ext.services.watchdog.ExplicitHealthCheckServiceImpl}
06-25 10:48:45.767  1284  1882 I ExplicitHealthCheckController: Explicit health check service is bound
06-25 10:48:45.767  1284  1284 I ExplicitHealthCheckController: Service initialized, syncing requests
06-25 10:48:45.767  1284  1284 I PackageWatchdog: Syncing health check requests for packages: {}
06-25 10:48:45.767  1284  1284 D ExplicitHealthCheckController: Getting health check supported packages
06-25 10:48:45.767  1284  1882 I ExplicitHealthCheckController: Explicit health check supported packages [PackageConfig{com.android.networkstack, 86400000}]
06-25 10:48:45.767  1284  1882 D PackageWatchdog: Received supported packages [PackageConfig{com.android.networkstack, 86400000}]
06-25 10:48:45.767  1284  1882 D ExplicitHealthCheckController: Getting health check requested packages
06-25 10:48:45.767  1284  1882 I ExplicitHealthCheckController: Explicit health check requested packages []
06-25 10:48:45.767  1284  1882 I ExplicitHealthCheckController: No more health check requests, unbinding...
06-25 10:48:45.768  1284  1882 I ExplicitHealthCheckController: Explicit health check service is unbound
06-25 10:48:45.768  1284  1319 W ActivityManager: callingPackage:android, packageName:com.nemu.nlp, name:com.nemu.nlp.LocationService, isSkip: true
06-25 10:48:45.770  1284  1319 W ActivityManager: callingPackage:android, packageName:com.nemu.nlp, name:com.nemu.nlp.LocationService, isSkip: true
06-25 10:48:45.771  1284  1319 W ActivityManager: callingPackage:android, packageName:com.nemu.nlp, name:com.nemu.nlp.LocationService, isSkip: true
06-25 10:48:45.772  1284  1319 W ActivityManager: callingPackage:android, packageName:com.nemu.nlp, name:com.nemu.nlp.LocationService, isSkip: true
