06-25 15:32:51.307  1284  1460 E DisplayDeviceConfig: requesting nits when no mapping exists.
06-25 15:32:51.323  1284  1460 E DisplayDeviceConfig: requesting nits when no mapping exists.
06-25 15:32:51.323  1284  1460 E DisplayDeviceConfig: requesting nits when no mapping exists.
06-25 15:32:51.340  1284  1460 E DisplayDeviceConfig: requesting nits when no mapping exists.
06-25 15:32:51.340  1284  1460 E DisplayDeviceConfig: requesting nits when no mapping exists.
06-25 15:32:51.357  1284  1460 E DisplayDeviceConfig: requesting nits when no mapping exists.
06-25 15:32:51.357  1284  1460 E DisplayDeviceConfig: requesting nits when no mapping exists.
06-25 15:32:51.374  1284  1460 E DisplayDeviceConfig: requesting nits when no mapping exists.
06-25 15:32:51.374  1284  1460 E DisplayDeviceConfig: requesting nits when no mapping exists.
06-25 15:32:51.392  1284  1460 E DisplayDeviceConfig: requesting nits when no mapping exists.
06-25 15:32:51.392  1284  1460 E DisplayDeviceConfig: requesting nits when no mapping exists.
06-25 15:32:51.407  1284  1460 E DisplayDeviceConfig: requesting nits when no mapping exists.
06-25 15:32:51.407  1284  1460 E DisplayDeviceConfig: requesting nits when no mapping exists.
06-25 15:32:52.038  1284  2394 E TaskPersister: File error accessing recents directory (directory doesn't exist?).
06-25 15:32:52.386  3625  3625 F DEBUG   : 
06-25 15:32:52.386  3625  3625 F DEBUG   : 
06-25 15:32:52.386  3625  3625 F DEBUG   : ----- pid 3625 tid 3625 at 2025-06-25 15:32:52.385681942+0800 -----
06-25 15:32:52.386  3625  3625 F DEBUG   : Cmd line: com.example.genname
06-25 15:32:52.386  3625  3625 F DEBUG   : ABI: 'ARM64'
06-25 15:32:52.386  3625  3625 F DEBUG   :     x0  000070d80708b1a0  x1  0000000000000000  x2  0000000000000001  x3  000070da2ed798f8
06-25 15:32:52.386  3625  3625 F DEBUG   :     x4  000070da2ed79954  x5  0000000000000000  x6  000070d80708b16c  x7  7f7f7f7f7f7f7f7f
06-25 15:32:52.386  3625  3625 F DEBUG   :     x8  0000000000000001  x9  000070da2ed78f98  x10 0000000000000021  x11 0000000000000000
06-25 15:32:52.386  3625  3625 F DEBUG   :     x12 0000000000000004  x13 000070d824e30d50  x14 000070d98ed5873c  x15 000070d804fa1734
06-25 15:32:52.386  3625  3625 F DEBUG   :     x16 000070d8050fd938  x17 000000000b977e20  x18 0000000000000000  x19 000070da2ed798f8
06-25 15:32:52.386  3625  3625 F DEBUG   :     x20 0000000000000001  x21 000070d87efb66f8  x22 0000000000000000  x23 0000000000000004
06-25 15:32:52.386  3625  3625 F DEBUG   :     x24 000070d8aed70778  x25 000070d8eed997f8  x26 000070da2ed798f8  x27 0000000000000020
06-25 15:32:52.386  3625  3625 F DEBUG   :     x28 000070d94eea6830  x29 000070d80708b1a0  lr  0000000004f932c8  sp  000070d80708b140
06-25 15:32:52.386  3625  3625 F DEBUG   :     pc  0000000004f938f8  pst 0000000000000000
06-25 15:32:52.386  3625  3625 F DEBUG   :   
06-25 15:32:52.386  3625  3625 F DEBUG   :       #00 pc 0000000001e678f8  /data/app/~~sbSeZ2rExnGNP5Q450nq5g==/com.example.genname-CZW5YuzH-7OO4srG5hqilw==/base.apk!libgodot_android.so (offset 0xe73000)
06-25 15:32:52.386  3625  3625 F DEBUG   :       #01 pc 00000000002fcc70  /data/app/~~sbSeZ2rExnGNP5Q450nq5g==/com.example.genname-CZW5YuzH-7OO4srG5hqilw==/base.apk!libtds_core.so (offset 0x55ad000) (BuildId: dd95bc6c26131d4bdf8c64601b81663cbbe99c4b)
06-25 15:32:52.386  3625  3625 F DEBUG   :       #02 pc 00000000002c1a74  /data/app/~~sbSeZ2rExnGNP5Q450nq5g==/com.example.genname-CZW5YuzH-7OO4srG5hqilw==/base.apk!libtds_core.so (offset 0x55ad000) (BuildId: dd95bc6c26131d4bdf8c64601b81663cbbe99c4b)
06-25 15:32:52.386  3625  3625 F DEBUG   :       #03 pc 00000000002cd968  /data/app/~~sbSeZ2rExnGNP5Q450nq5g==/com.example.genname-CZW5YuzH-7OO4srG5hqilw==/base.apk!libtds_core.so (offset 0x55ad000) (BuildId: dd95bc6c26131d4bdf8c64601b81663cbbe99c4b)
06-25 15:32:52.386  3625  3625 F DEBUG   :       #04 pc 0000000000139be8  /data/app/~~sbSeZ2rExnGNP5Q450nq5g==/com.example.genname-CZW5YuzH-7OO4srG5hqilw==/base.apk!libtds_core.so (offset 0x55ad000) (BuildId: dd95bc6c26131d4bdf8c64601b81663cbbe99c4b)
06-25 15:32:52.386  3625  3625 F DEBUG   :       #05 pc 0000000000139230  /data/app/~~sbSeZ2rExnGNP5Q450nq5g==/com.example.genname-CZW5YuzH-7OO4srG5hqilw==/base.apk!libtds_core.so (offset 0x55ad000) (BuildId: dd95bc6c26131d4bdf8c64601b81663cbbe99c4b)
06-25 15:32:52.386  3625  3625 F DEBUG   :       #06 pc 000000000012e2c0  /data/app/~~sbSeZ2rExnGNP5Q450nq5g==/com.example.genname-CZW5YuzH-7OO4srG5hqilw==/base.apk!libtds_core.so (offset 0x55ad000) (BuildId: dd95bc6c26131d4bdf8c64601b81663cbbe99c4b)
06-25 15:32:52.386  3625  3625 F DEBUG   :       #07 pc 000000000012d8b4  /data/app/~~sbSeZ2rExnGNP5Q450nq5g==/com.example.genname-CZW5YuzH-7OO4srG5hqilw==/base.apk!libtds_core.so (offset 0x55ad000) (BuildId: dd95bc6c26131d4bdf8c64601b81663cbbe99c4b)
06-25 15:32:52.386  3625  3625 F DEBUG   :       #08 pc 00000000001248e8  /data/app/~~sbSeZ2rExnGNP5Q450nq5g==/com.example.genname-CZW5YuzH-7OO4srG5hqilw==/base.apk!libtds_core.so (offset 0x55ad000) (BuildId: dd95bc6c26131d4bdf8c64601b81663cbbe99c4b)
06-25 15:32:52.386  3625  3625 F DEBUG   :       #09 pc 000000000011c964  /data/app/~~sbSeZ2rExnGNP5Q450nq5g==/com.example.genname-CZW5YuzH-7OO4srG5hqilw==/base.apk!libtds_core.so (offset 0x55ad000) (tapsdk::Init(tapsdk::Config const&)+224) (BuildId: dd95bc6c26131d4bdf8c64601b81663cbbe99c4b)
06-25 15:32:52.386  3625  3625 F DEBUG   :       #10 pc 00000000000360d8  /data/app/~~sbSeZ2rExnGNP5Q450nq5g==/com.example.genname-CZW5YuzH-7OO4srG5hqilw==/base.apk!libbindings-java.so (offset 0x774000) (Java_com_taptap_tapsdk_bindings_java_TapSDKJNI_Init+20) (BuildId: 8af281c3e66c3aa163af71848fd9ea4fc13ec23f)
06-25 15:32:52.386  3625  3625 F DEBUG   :       #11 pc 00000000001106dc  /system/lib64/arm64/nb/libtcb.so
06-25 15:32:52.673  3625  3625 F DEBUG   : 
06-25 15:32:52.673  3625  3625 F DEBUG   : ----- end 3625 -----
06-25 15:32:52.688  3625  3625 F libc    : Fatal signal 11 (SIGSEGV), code 1 (SEGV_MAPERR), fault addr 0x2110 in tid 3625 (example.genname), pid 3625 (example.genname)
06-25 15:32:53.070  3691  3691 F DEBUG   : *** *** *** *** *** *** *** *** *** *** *** *** *** *** *** ***
06-25 15:32:53.070  3691  3691 F DEBUG   : Build fingerprint: 'HONOR/Bvlgari/Bvlgari:12/V417IR/1210:user/release-keys'
06-25 15:32:53.070  3691  3691 F DEBUG   : Revision: '0'
06-25 15:32:53.070  3691  3691 F DEBUG   : ABI: 'x86_64'
06-25 15:32:53.070  3691  3691 F DEBUG   : Timestamp: 2025-06-25 15:32:52.734248019+0800
06-25 15:32:53.070  3691  3691 F DEBUG   : Process uptime: 4s
06-25 15:32:53.070  3691  3691 F DEBUG   : Cmdline: com.example.genname
06-25 15:32:53.070  3691  3691 F DEBUG   : pid: 3625, tid: 3625, name: example.genname  >>> com.example.genname <<<
06-25 15:32:53.070  3691  3691 F DEBUG   : uid: 10036
06-25 15:32:53.070  3691  3691 F DEBUG   : signal 11 (SIGSEGV), code 1 (SEGV_MAPERR), fault addr 0x2110
06-25 15:32:53.070  3691  3691 F DEBUG   :     rax 000000002ed74600  rbx 000070da2ed798f8  rcx 0000000004f932c8  rdx 000070d91ee43c58
06-25 15:32:53.070  3691  3691 F DEBUG   :     r8  0000000000002100  r9  000070d80708b1a0  r10 0000000000000000  r11 000070da2ed79954
06-25 15:32:53.070  3691  3691 F DEBUG   :     r12 000070da2ed798f8  r13 0000000000000001  r14 0000000000000000  r15 000070d80708b1a0
06-25 15:32:53.070  3691  3691 F DEBUG   :     rdi 0000000000000001  rsi 0000000000002100
06-25 15:32:53.070  3691  3691 F DEBUG   :     rbp 000070d807248000  rsp 000070d80708b1a0  rip 000000000df5e5a6
06-25 15:32:53.070  3691  3691 F DEBUG   : backtrace:
06-25 15:32:53.070  3691  3691 F DEBUG   :       #00 pc 0000000000cae5a6  [anon:Mem_0x20000000]
06-25 15:32:53.084  1284  3694 W ActivityTaskManager:   Force finishing activity com.example.genname/com.godot.game.GodotApp
06-25 15:32:53.095  1284  1377 I BootReceiver: Copying /data/tombstones/tombstone_01 to DropBox (SYSTEM_TOMBSTONE)
06-25 15:32:53.095  1284  1377 I DropBoxManagerService: add tag=SYSTEM_TOMBSTONE isTagEnabled=true flags=0x6
06-25 15:32:53.107  1284  3695 I DropBoxManagerService: add tag=data_app_native_crash isTagEnabled=true flags=0x6
06-25 15:32:53.115  1284  1377 I DropBoxManagerService: add tag=SYSTEM_TOMBSTONE_PROTO isTagEnabled=true flags=0x4
06-25 15:32:53.130  1284  3694 W ActivityTaskManager: Exception thrown during pause
06-25 15:32:53.130  1284  3694 W ActivityTaskManager: android.os.DeadObjectException
06-25 15:32:53.130  1284  3694 W ActivityTaskManager: 	at android.os.BinderProxy.transactNative(Native Method)
06-25 15:32:53.130  1284  3694 W ActivityTaskManager: 	at android.os.BinderProxy.transact(BinderProxy.java:571)
06-25 15:32:53.130  1284  3694 W ActivityTaskManager: 	at android.app.IApplicationThread$Stub$Proxy.scheduleTransaction(IApplicationThread.java:2746)
06-25 15:32:53.130  1284  3694 W ActivityTaskManager: 	at android.app.servertransaction.ClientTransaction.schedule(ClientTransaction.java:136)
06-25 15:32:53.130  1284  3694 W ActivityTaskManager: 	at com.android.server.wm.ClientLifecycleManager.scheduleTransaction(ClientLifecycleManager.java:47)
06-25 15:32:53.130  1284  3694 W ActivityTaskManager: 	at com.android.server.wm.ClientLifecycleManager.scheduleTransaction(ClientLifecycleManager.java:69)
06-25 15:32:53.130  1284  3694 W ActivityTaskManager: 	at com.android.server.wm.TaskFragment.schedulePauseActivity(TaskFragment.java:1526)
06-25 15:32:53.130  1284  3694 W ActivityTaskManager: 	at com.android.server.wm.TaskFragment.startPausing(TaskFragment.java:1469)
06-25 15:32:53.130  1284  3694 W ActivityTaskManager: 	at com.android.server.wm.ActivityRecord.finishIfPossible(ActivityRecord.java:3176)
06-25 15:32:53.130  1284  3694 W ActivityTaskManager: 	at com.android.server.wm.ActivityRecord.finishIfPossible(ActivityRecord.java:3067)
06-25 15:32:53.130  1284  3694 W ActivityTaskManager: 	at com.android.server.wm.Task.finishTopCrashedActivityLocked(Task.java:5294)
06-25 15:32:53.130  1284  3694 W ActivityTaskManager: 	at com.android.server.wm.RootWindowContainer.lambda$finishTopCrashedActivities$18(RootWindowContainer.java:2332)
06-25 15:32:53.130  1284  3694 W ActivityTaskManager: 	at com.android.server.wm.RootWindowContainer$$ExternalSyntheticLambda28.accept(Unknown Source:10)
06-25 15:32:53.130  1284  3694 W ActivityTaskManager: 	at com.android.server.wm.Task.forAllTasks(Task.java:3197)
06-25 15:32:53.130  1284  3694 W ActivityTaskManager: 	at com.android.server.wm.WindowContainer.forAllTasks(WindowContainer.java:1735)
06-25 15:32:53.130  1284  3694 W ActivityTaskManager: 	at com.android.server.wm.WindowContainer.forAllTasks(WindowContainer.java:1735)
06-25 15:32:53.130  1284  3694 W ActivityTaskManager: 	at com.android.server.wm.WindowContainer.forAllTasks(WindowContainer.java:1735)
06-25 15:32:53.130  1284  3694 W ActivityTaskManager: 	at com.android.server.wm.WindowContainer.forAllTasks(WindowContainer.java:1735)
06-25 15:32:53.130  1284  3694 W ActivityTaskManager: 	at com.android.server.wm.WindowContainer.forAllTasks(WindowContainer.java:1735)
06-25 15:32:53.130  1284  3694 W ActivityTaskManager: 	at com.android.server.wm.WindowContainer.forAllTasks(WindowContainer.java:1735)
06-25 15:32:53.130  1284  3694 W ActivityTaskManager: 	at com.android.server.wm.WindowContainer.forAllTasks(WindowContainer.java:1735)
06-25 15:32:53.130  1284  3694 W ActivityTaskManager: 	at com.android.server.wm.WindowContainer.forAllTasks(WindowContainer.java:1728)
06-25 15:32:53.130  1284  3694 W ActivityTaskManager: 	at com.android.server.wm.RootWindowContainer.finishTopCrashedActivities(RootWindowContainer.java:2331)
06-25 15:32:53.130  1284  3694 W ActivityTaskManager: 	at com.android.server.wm.ActivityTaskManagerService$LocalService.finishTopCrashedActivities(ActivityTaskManagerService.java:6542)
06-25 15:32:53.130  1284  3694 W ActivityTaskManager: 	at com.android.server.am.AppErrors.handleAppCrashLSPB(AppErrors.java:915)
06-25 15:32:53.130  1284  3694 W ActivityTaskManager: 	at com.android.server.am.AppErrors.makeAppCrashingLocked(AppErrors.java:753)
06-25 15:32:53.130  1284  3694 W ActivityTaskManager: 	at com.android.server.am.AppErrors.crashApplicationInner(AppErrors.java:628)
06-25 15:32:53.130  1284  3694 W ActivityTaskManager: 	at com.android.server.am.AppErrors.crashApplication(AppErrors.java:558)
06-25 15:32:53.130  1284  3694 W ActivityTaskManager: 	at com.android.server.am.ActivityManagerService.handleApplicationCrashInner(ActivityManagerService.java:8019)
06-25 15:32:53.130  1284  3694 W ActivityTaskManager: 	at com.android.server.am.NativeCrashListener$NativeCrashReporter.run(NativeCrashListener.java:88)
06-25 15:32:53.159  1284  3567 I WindowManager: WIN DEATH: Window{a4af6ae u0 com.example.genname/com.godot.game.GodotApp}
06-25 15:32:53.167  1284  1400 I ActivityManager: Process com.example.genname (pid 3625) has died: fg  TOP 
06-25 15:32:53.180  1284  1322 V WindowManager: Unknown focus tokens, dropping reportFocusChanged
06-25 15:32:53.185  1702  1702 W ContextImpl: Calling a method in the system process without a qualified user: android.app.ContextImpl.sendBroadcast:1181 android.content.ContextWrapper.sendBroadcast:479 com.mumu.launcher.Launcher.onResume:215 android.app.Instrumentation.callActivityOnResume:1492 android.app.Activity.performResume:8198 
06-25 15:32:53.208  1284  1323 W WindowManager: Failed to deliver inset state change to w=Window{a4af6ae u0 com.example.genname/com.godot.game.GodotApp EXITING}
06-25 15:32:53.208  1284  1323 W WindowManager: android.os.DeadObjectException
06-25 15:32:53.208  1284  1323 W WindowManager: 	at android.os.BinderProxy.transactNative(Native Method)
06-25 15:32:53.208  1284  1323 W WindowManager: 	at android.os.BinderProxy.transact(BinderProxy.java:571)
06-25 15:32:53.208  1284  1323 W WindowManager: 	at android.view.IWindow$Stub$Proxy.insetsControlChanged(IWindow.java:687)
06-25 15:32:53.208  1284  1323 W WindowManager: 	at com.android.server.wm.WindowState.notifyInsetsControlChanged(WindowState.java:4044)
06-25 15:32:53.208  1284  1323 W WindowManager: 	at com.android.server.wm.InsetsStateController.lambda$notifyPendingInsetsControlChanged$6$InsetsStateController(InsetsStateController.java:552)
06-25 15:32:53.208  1284  1323 W WindowManager: 	at com.android.server.wm.InsetsStateController$$ExternalSyntheticLambda1.run(Unknown Source:2)
06-25 15:32:53.208  1284  1323 W WindowManager: 	at com.android.server.wm.WindowAnimator.executeAfterPrepareSurfacesRunnables(WindowAnimator.java:345)
06-25 15:32:53.208  1284  1323 W WindowManager: 	at com.android.server.wm.WindowAnimator.animate(WindowAnimator.java:226)
06-25 15:32:53.208  1284  1323 W WindowManager: 	at com.android.server.wm.WindowAnimator.lambda$new$1$WindowAnimator(WindowAnimator.java:106)
06-25 15:32:53.208  1284  1323 W WindowManager: 	at com.android.server.wm.WindowAnimator$$ExternalSyntheticLambda0.doFrame(Unknown Source:2)
06-25 15:32:53.208  1284  1323 W WindowManager: 	at android.view.Choreographer$CallbackRecord.run(Choreographer.java:1045)
06-25 15:32:53.208  1284  1323 W WindowManager: 	at android.view.Choreographer.doCallbacks(Choreographer.java:845)
06-25 15:32:53.208  1284  1323 W WindowManager: 	at android.view.Choreographer.doFrame(Choreographer.java:775)
06-25 15:32:53.208  1284  1323 W WindowManager: 	at android.view.Choreographer$FrameDisplayEventReceiver.run(Choreographer.java:1032)
06-25 15:32:53.208  1284  1323 W WindowManager: 	at android.os.Handler.handleCallback(Handler.java:938)
06-25 15:32:53.208  1284  1323 W WindowManager: 	at android.os.Handler.dispatchMessage(Handler.java:99)
06-25 15:32:53.208  1284  1323 W WindowManager: 	at android.os.Looper.loopOnce(Looper.java:201)
06-25 15:32:53.208  1284  1323 W WindowManager: 	at android.os.Looper.loop(Looper.java:288)
06-25 15:32:53.208  1284  1323 W WindowManager: 	at android.os.HandlerThread.run(HandlerThread.java:67)
06-25 15:32:53.208  1284  1323 W WindowManager: 	at com.android.server.ServiceThread.run(ServiceThread.java:44)
06-25 15:32:53.216  1284  1322 W ActivityManager: setHasOverlayUi called on unknown pid: 3625
06-25 15:32:53.227  1284  1323 D RecentTaskMonitor: onRecentTaskRemoved 10:Task=10
06-25 15:32:53.227  1284  1323 E RecentTaskMonitor: failed to call send close intent!
06-25 15:32:53.228  1284  1323 W ActivityTaskManager: Can't find TaskDisplayArea to determine support for multi window. Task id=10 attached=false
06-25 15:32:53.228  1284  1323 W ActivityTaskManager: Can't find TaskDisplayArea to determine support for multi window. Task id=10 attached=false
06-25 15:32:53.254  1284  1322 D RecentTaskMonitor: VAddressShellNotifier#notifyOpenTab :{"uri":"player\/tab","need_response":false,"params":{"id":"task:5","displayId":0,"userId":0,"name":"Mumu Launcher","originName":"Mumu Launcher","packageName":"com.mumu.launcher","launcher":true,"newTask":false,"icon":"iVBORw0KGgoAAAANSUhEUgAAABgAAAAYCAYAAADgdz34AAAAAXNSR0IArs4c6QAAAARzQklUCAgICHwIZIgAAAHOSURBVEiJ7ZTBatRAGMd\/mclacMCF7ta20pNPsFBEjQf7CB48CsUX8GDFd\/DiE3hp0ZsHMZrTQtiTgr34AuJhhT2IlsS1ktnk87BJmm2TdqnrrT8YSGa+\/L\/v+89M4IIF4+bjvxEDCXBl0cIuMASyfMSAWaS4aK0lCALp9\/vSbrcFkHyNENzwH6yLtdbi+76EYSgFxhght2sf4k+QfKyxTp1R+RAwvu9jjMHzvHJxNBoVMd8Oz2HXjC2DwUCstXKcJEmk0+kIIB8aOmii1pYmqnbNU\/kQyN69fyuPXizLr8ODUmhn92ptgjiOhYbT5RwTtwBBEGCM4eatGzx5uUIyGQPwfPsHl9w23b3PRDY7avdhjyUyut0uURQBtIAJzG7yz2pm785tnr5aK8UBHu8ul8+9a6tsbqyzubGOcqp1AvC7sKt6dtfyzF89z2srR3Pv+msm6eQUR2tZBcb5mEkwLt611mSS8ubLff7YCBHIMlAKtu6mtJSD64A6UXipU7Y91+3LUtjbgQfPoKUV37d7J2KsTWu\/Pe2iHQXpqbi7NE\/0LLUdWGvRriJLodgC5U47sdbWCjXN1yU8YPojO+9ovAcFlxvm52V8dsgFFf4Csc8O5d4NxXMAAAAASUVORK5CYII=","canChangeAppOrientation":false,"canReceiveFile":false,"pid":1702,"uid":1000,"action":"open"}}
06-25 15:32:53.255  1284  1322 D RecentTaskMonitor: VAddressShellNotifier#notifyCloseTab :{"uri":"player\/tab","need_response":false,"params":{"id":"task:10","action":"close"}}
06-25 15:32:53.256  1284  1322 I ActivityTaskManager: Config changes=20000480 {1.0 460mcc65535mnc [zh_CN] ldltr sw617dp w1097dp h593dp 280dpi lrg long land finger -keyb/v/v dpad/v winConfig={ mBounds=Rect(0, 0 - 1920, 1080) mAppBounds=Rect(0, 0 - 1920, 1080) mMaxBounds=Rect(0, 0 - 1920, 1080) mWindowingMode=fullscreen mDisplayWindowingMode=fullscreen mActivityType=undefined mAlwaysOnTop=undefined mRotation=ROTATION_90} as.1 s.95 fontWeightAdjustment=0}
06-25 15:32:53.259  1284  1322 I WindowManager: Override config changes=20000480 {1.0 460mcc65535mnc [zh_CN] ldltr sw617dp w1097dp h593dp 280dpi lrg long land finger -keyb/v/v dpad/v winConfig={ mBounds=Rect(0, 0 - 1920, 1080) mAppBounds=Rect(0, 0 - 1920, 1080) mMaxBounds=Rect(0, 0 - 1920, 1080) mWindowingMode=fullscreen mDisplayWindowingMode=fullscreen mActivityType=undefined mAlwaysOnTop=undefined mRotation=ROTATION_90} as.1 s.95 fontWeightAdjustment=0} for displayId=0
06-25 15:32:53.585  1284  1322 W ActivityTaskManager: Activity top resumed state loss timeout for ActivityRecord{6df98fa u0 com.example.genname/com.godot.game.GodotApp t-1 f}}
06-25 15:32:56.226  1284  2394 E TaskPersister: File error accessing recents directory (directory doesn't exist?).
06-25 15:32:58.643  1458  1477 W ContextImpl: Calling a method in the system process without a qualified user: android.app.ContextImpl.sendBroadcast:1181 android.content.ContextWrapper.sendBroadcast:479 com.netease.nemu_vapi_android.thread.NewFileUpdater.notifyFocusedTabChanged:494 com.netease.nemu_vapi_android.thread.NewFileUpdater.onTabOpen:431 com.netease.nemu_vapi_android.resource.TabManager.onFocusTab:155 
06-25 15:33:02.860  1458  1477 W ContextImpl: Calling a method in the system process without a qualified user: android.app.ContextImpl.sendBroadcast:1181 android.content.ContextWrapper.sendBroadcast:479 com.netease.nemu_vapi_android.resource.VMouseManager.onRClick:49 com.netease.nemu_vapi_android.resource.VMouseManager.onAction:36 com.netease.nemu_vapi_android.resource.ResourceManager.handleRequest:33 
06-25 15:33:04.141  1702  1702 D ViewRootImpl[Launcher]: updatePointerIcon called with position out of bounds
06-25 15:33:04.156  1702  1702 D ViewRootImpl[Launcher]: updatePointerIcon called with position out of bounds
06-25 15:33:04.173  1702  1702 D ViewRootImpl[Launcher]: updatePointerIcon called with position out of bounds
06-25 15:33:04.190  1702  1702 D ViewRootImpl[Launcher]: updatePointerIcon called with position out of bounds
06-25 15:33:04.206  1702  1702 D ViewRootImpl[Launcher]: updatePointerIcon called with position out of bounds
06-25 15:33:04.223  1702  1702 D ViewRootImpl[Launcher]: updatePointerIcon called with position out of bounds
06-25 15:33:04.240  1702  1702 D ViewRootImpl[Launcher]: updatePointerIcon called with position out of bounds
06-25 15:33:04.256  1702  1702 D ViewRootImpl[Launcher]: updatePointerIcon called with position out of bounds
06-25 15:33:04.273  1702  1702 D ViewRootImpl[Launcher]: updatePointerIcon called with position out of bounds
06-25 15:33:04.290  1702  1702 D ViewRootImpl[Launcher]: updatePointerIcon called with position out of bounds
06-25 15:33:04.306  1702  1702 D ViewRootImpl[Launcher]: updatePointerIcon called with position out of bounds
06-25 15:33:04.323  1702  1702 D ViewRootImpl[Launcher]: updatePointerIcon called with position out of bounds
06-25 15:33:04.340  1702  1702 D ViewRootImpl[Launcher]: updatePointerIcon called with position out of bounds
06-25 15:33:04.356  1702  1702 D ViewRootImpl[Launcher]: updatePointerIcon called with position out of bounds
06-25 15:33:04.373  1702  1702 D ViewRootImpl[Launcher]: updatePointerIcon called with position out of bounds
06-25 15:33:04.390  1702  1702 D ViewRootImpl[Launcher]: updatePointerIcon called with position out of bounds
06-25 15:33:05.224  1284  1322 V WindowManager: Unknown focus tokens, dropping reportFocusChanged
06-25 15:33:05.328  1284  1332 I ActivityManager: Force stopping com.example.genname appid=10036 user=0: deletePackageX
06-25 15:33:05.370  1284  1352 D PackageSettings: save abi select file last modified time: 1748056813000
06-25 15:33:05.419  1284  2394 E TaskPersister: File error accessing recents directory (directory doesn't exist?).
06-25 15:33:05.476  1284  1352 I ActivityManager: Force stopping com.example.genname appid=10036 user=0: pkg removed
06-25 15:33:05.486  1284  1319 D CompanionDeviceManagerService: onPackageRemoved(packageName = com.example.genname, uid = 10036)
06-25 15:33:05.487  1284  1397 V StorageManagerService: Package com.example.genname does not have legacy storage
06-25 15:33:05.487  1702  1702 W ContextImpl: Calling a method in the system process without a qualified user: android.app.ContextImpl.sendBroadcast:1181 android.content.ContextWrapper.sendBroadcast:479 com.mumu.launcher.pin.a.h:34 com.mumu.launcher.P0.onReceive:974 android.app.LoadedApk$ReceiverDispatcher$Args.lambda$getRunnable$0$LoadedApk$ReceiverDispatcher$Args:1679 
06-25 15:33:05.488  1284  1376 I RollbackManager: broadcast=ACTION_PACKAGE_FULLY_REMOVED pkg=com.example.genname
06-25 15:33:05.488  1284  1332 W BroadcastQueue: Background execution not allowed: receiving Intent { act=android.intent.action.PACKAGE_REMOVED dat=package:com.example.genname flg=0x4000010 (has extras) } to com.android.gallery3d/.app.PackagesMonitor
06-25 15:33:05.488  1284  1332 W BroadcastQueue: Background execution not allowed: receiving Intent { act=android.intent.action.PACKAGE_REMOVED dat=package:com.example.genname flg=0x4000010 (has extras) } to com.mumu.acc/.AccMsgReceiver
06-25 15:33:05.488  1284  1332 W BroadcastQueue: Background execution not allowed: receiving Intent { act=android.intent.action.PACKAGE_REMOVED dat=package:com.example.genname flg=0x4000010 (has extras) } to com.mumu.launcher/.PackageChangedReceiver
06-25 15:33:05.488  1284  1332 D CompatibilityChangeReporter: Compat change id reported: 135634846; UID 10012; state: DISABLED
06-25 15:33:05.488  1284  1332 D CompatibilityChangeReporter: Compat change id reported: 177438394; UID 10012; state: DISABLED
06-25 15:33:05.488  1284  1332 D CompatibilityChangeReporter: Compat change id reported: 135772972; UID 10012; state: DISABLED
06-25 15:33:05.488  1284  1332 D CompatibilityChangeReporter: Compat change id reported: 135754954; UID 10012; state: ENABLED
06-25 15:33:05.488  1284  1333 D CompatibilityChangeReporter: Compat change id reported: 143937733; UID 10012; state: ENABLED
06-25 15:33:05.492  1284  1284 W ActivityManager: callingPackage:android, packageName:com.android.keychain, name:com.android.keychain.KeyChainService, isSkip: true
06-25 15:33:05.497  1284  1385 W ActivityManager: callingPackage:android, packageName:com.android.permissioncontroller, name:com.android.permissioncontroller.role.service.RoleControllerServiceImpl, isSkip: true
06-25 15:33:05.498  1284  1319 I CompanionDeviceManagerService: Updating associations: []  -->  []
06-25 15:33:05.504  1284  1333 I ActivityManager: Start proc 3770:com.android.documentsui/u0a12 for broadcast {com.android.documentsui/com.android.documentsui.PackageReceiver}
06-25 15:33:05.507  1284  1284 I GameManagerService: Disabling downscale for com.example.genname
06-25 15:33:05.512  1284  1331 W TextServicesManagerService: no available spell checker services found
06-25 15:33:05.534  1284  1284 I ConditionProviders: Disallowing condition provider com.example.genname (userSet: true)
06-25 15:33:05.558  1284  3567 D CompatibilityChangeReporter: Compat change id reported: 168419799; UID 10012; state: DISABLED
06-25 15:33:05.560  1284  1331 I CompanionDeviceManagerService: Writing associations to disk: []
06-25 15:33:05.743  1284  1317 W ActivityManager: callingPackage:android, packageName:com.android.providers.media.module, name:com.android.providers.media.MediaService, isSkip: true
06-25 15:33:05.751  1284  3567 W ActivityManager: Foreground service started from background can not have location/camera/microphone access: service com.mumu.acc/.AccService
06-25 15:33:05.752  1284  1332 V ActivityManager: Attempted to start a foreground service (com.mumu.acc/.AccService) with a broken notification (no icon: Notification(channel=acc-service shortcut=null contentView=null vibrate=null sound=null defaults=0x0 flags=0x40 color=0x00000000 vis=PRIVATE))
06-25 15:33:05.765  2789  2831 W ContextImpl: Calling a method in the system process without a qualified user: android.app.ContextImpl.sendBroadcast:1181 android.content.ContextWrapper.sendBroadcast:479 com.mumu.store.search.j.c:29 v0.b$a.b:277 v0.b$a.onNext:3 
06-25 15:33:15.381  1284  1352 D PackageSettings: save abi select file last modified time: 1748056813000
06-25 15:33:34.667  1284  1359 I NativeHelper: com.example.genname use max number of library use abi:arm64-v8a index:1
06-25 15:33:34.822  1284  1352 I NativeHelper: com.example.genname use max number of library use abi:arm64-v8a index:1
06-25 15:33:34.835  1284  1352 I NativeHelper: com.example.genname use max number of library use abi:arm64-v8a index:1
06-25 15:33:34.842  1284  1352 W PackageParsing: Ignoring duplicate uses-permissions/uses-permissions-sdk-m: android.permission.QUERY_ALL_PACKAGES in package: com.example.genname at: Binary XML file line #35
06-25 15:33:34.848  1284  1352 I NativeHelper: com.example.genname use max number of library use abi:arm64-v8a index:1
06-25 15:33:34.900  1284  1352 D PackageSettings: save abi select file last modified time: 1748056813000
06-25 15:33:34.910  1284  1319 V StorageManagerService: Package null does not have legacy storage
06-25 15:33:34.927  1284  1352 V BackupManagerService: [UserID:0] restoreAtInstall pkg=com.example.genname token=5 restoreSet=0
06-25 15:33:34.927  1284  1352 W BackupTransportManager: Transport com.android.localtransport/.LocalTransport not registered
06-25 15:33:34.927  1284  1352 W BackupManagerService: [UserID:0] No transport client
06-25 15:33:34.928  1284  1352 V BackupManagerService: [UserID:0] Finishing install immediately
06-25 15:33:34.932  1284  1352 D CompatibilityChangeReporter: Compat change id reported: 168419799; UID 10037; state: DISABLED
06-25 15:33:34.941  1284  1332 W BroadcastQueue: Background execution not allowed: receiving Intent { act=android.intent.action.PACKAGE_ADDED dat=package:com.example.genname flg=0x4000010 (has extras) } to com.android.packageinstaller/.PackageInstalledReceiver
06-25 15:33:34.941  1284  1332 W BroadcastQueue: Background execution not allowed: receiving Intent { act=android.intent.action.PACKAGE_ADDED dat=package:com.example.genname flg=0x4000010 (has extras) } to com.android.gallery3d/.app.PackagesMonitor
06-25 15:33:34.941  1284  1332 W BroadcastQueue: Background execution not allowed: receiving Intent { act=android.intent.action.PACKAGE_ADDED dat=package:com.example.genname flg=0x4000010 (has extras) } to com.mumu.acc/.AccMsgReceiver
06-25 15:33:34.942  1284  1332 W BroadcastQueue: Background execution not allowed: receiving Intent { act=android.intent.action.PACKAGE_ADDED dat=package:com.example.genname flg=0x4000010 (has extras) } to com.mumu.store/.install.PackageReceiver
06-25 15:33:34.942  1284  1385 W ActivityManager: callingPackage:android, packageName:com.android.permissioncontroller, name:com.android.permissioncontroller.role.service.RoleControllerServiceImpl, isSkip: true
06-25 15:33:34.955  1702  1702 W ContextImpl: Calling a method in the system process without a qualified user: android.app.ContextImpl.sendBroadcast:1181 android.content.ContextWrapper.sendBroadcast:479 com.mumu.launcher.P0.onReceive:1010 android.app.LoadedApk$ReceiverDispatcher$Args.lambda$getRunnable$0$LoadedApk$ReceiverDispatcher$Args:1679 android.app.LoadedApk$ReceiverDispatcher$Args$$ExternalSyntheticLambda0.run:2 
06-25 15:33:34.957  1284  1284 W GameManagerService: Invalid package config for com.example.genname:[Name:com.example.genname Modes: {}]
06-25 15:33:34.957  1284  1284 I GameManagerService: Disabling downscale for com.example.genname
06-25 15:33:34.959  1284  1331 W TextServicesManagerService: no available spell checker services found
06-25 15:33:34.965  1284  1319 W ActivityManager: callingPackage:android, packageName:com.android.permissioncontroller, name:com.android.permissioncontroller.permission.service.PermissionControllerServiceImpl, isSkip: true
06-25 15:33:34.984  1284  1319 D CompanionDeviceManagerService: onPackageModified(packageName = com.example.genname)
06-25 15:33:34.988  1284  1284 W GameManagerService: Invalid package config for com.example.genname:[Name:com.example.genname Modes: {}]
06-25 15:33:34.988  1284  1284 I GameManagerService: Disabling downscale for com.example.genname
06-25 15:33:35.000  1284  1879 W BroadcastQueue: Background execution not allowed: receiving Intent { act=android.intent.action.PACKAGE_CHANGED dat=package:com.example.genname flg=0x4000010 (has extras) } to com.android.gallery3d/.app.PackagesMonitor
06-25 15:33:35.001  1284  1332 W BroadcastQueue: Background execution not allowed: receiving Intent { act=android.intent.action.PACKAGE_CHANGED dat=package:com.example.genname flg=0x4000010 (has extras) } to com.mumu.launcher/.PackageChangedReceiver
06-25 15:33:35.002  1284  1331 W VoiceInteractionManager: no available voice recognition services found for user 0
06-25 15:33:35.004  1284  1331 W PackageManager: Failed registering loading progress callback. Package is fully loaded.
06-25 15:33:35.005  1284  1331 W TextServicesManagerService: no available spell checker services found
06-25 15:33:35.007  1284  1331 W VoiceInteractionManager: no available voice recognition services found for user 0
06-25 15:33:35.056  2789  2831 W ContextImpl: Calling a method in the system process without a qualified user: android.app.ContextImpl.sendBroadcast:1181 android.content.ContextWrapper.sendBroadcast:479 com.mumu.store.base.z.h:335 com.mumu.store.base.z$a.b:10 com.mumu.store.base.z$a.onNext:3 
06-25 15:33:35.057  2789  2831 W ContextImpl: Calling a method in the system process without a qualified user: android.app.ContextImpl.sendBroadcast:1181 android.content.ContextWrapper.sendBroadcast:479 com.mumu.store.search.j.c:29 v0.b$a.b:277 v0.b$a.onNext:3 
06-25 15:33:35.308  1284  1400 I ActivityTaskManager: START u0 {act=android.intent.action.MAIN cat=[android.intent.category.LAUNCHER] flg=0x10000000 pkg=com.example.genname cmp=com.example.genname/com.godot.game.GodotApp} from uid 2000, pid 3829
06-25 15:33:35.310  1284  1400 I ActivityTaskManager: [KeepAlive] disabled for com.example.genname
06-25 15:33:35.311  1284  1400 W ActivityTaskManager: Can't find TaskDisplayArea to determine support for multi window. Task id=11 attached=false
06-25 15:33:35.312  1284  1400 D CompatibilityChangeReporter: Compat change id reported: 174042980; UID 10037; state: DISABLED
06-25 15:33:35.312  1284  1400 D CompatibilityChangeReporter: Compat change id reported: 184838306; UID 10037; state: DISABLED
06-25 15:33:35.312  1284  1400 D CompatibilityChangeReporter: Compat change id reported: 185004937; UID 10037; state: DISABLED
06-25 15:33:35.312  1284  1400 D CompatibilityChangeReporter: Compat change id reported: 181136395; UID 10037; state: DISABLED
06-25 15:33:35.313  1284  1400 D CompatibilityChangeReporter: Compat change id reported: 174042936; UID 10037; state: DISABLED
06-25 15:33:35.313  1284  1400 D CompatibilityChangeReporter: Compat change id reported: 197654537; UID 10037; state: ENABLED
06-25 15:33:35.315  1284  1400 D RecentTaskMonitor: onRecentTaskAdded 11:Task=11
06-25 15:33:35.316  1891  1918 W StartingSurfaceDrawer: Get attribute fail, return default: File res/mipmap-xhdpi-v4/icon_background.png from drawable resource ID #0x7f0b0001: .xml extension required
06-25 15:33:35.318  1284  1322 D CompatibilityChangeReporter: Compat change id reported: 135634846; UID 10037; state: DISABLED
06-25 15:33:35.318  1284  1322 D CompatibilityChangeReporter: Compat change id reported: 177438394; UID 10037; state: DISABLED
06-25 15:33:35.318  1284  1322 D CompatibilityChangeReporter: Compat change id reported: 135772972; UID 10037; state: DISABLED
06-25 15:33:35.318  1284  1322 D CompatibilityChangeReporter: Compat change id reported: 135754954; UID 10037; state: ENABLED
06-25 15:33:35.319  1284  1333 D CompatibilityChangeReporter: Compat change id reported: 143937733; UID 10037; state: ENABLED
06-25 15:33:35.322  1284  1333 I ActivityManager: Start proc 3832:com.example.genname/u0a37 for pre-top-activity {com.example.genname/com.godot.game.GodotApp}
06-25 15:33:35.323  1284  1322 D RecentTaskMonitor: task null or not sub display in notifyDisplayOpened
06-25 15:33:35.324  1284  1322 D RecentTaskMonitor: VAddressShellNotifier#notifyOpenTab :{"uri":"player\/tab","need_response":false,"params":{"id":"task:11","displayId":0,"userId":0,"name":"GeometryPush2","originName":"GeometryPush2","packageName":"com.example.genname","launcher":false,"newTask":true,"icon":"iVBORw0KGgoAAAANSUhEUgAAABgAAAAYCAYAAADgdz34AAAAAXNSR0IArs4c6QAAAARzQklUCAgICHwIZIgAAACdSURBVEiJY4yo9Dd3dLm1WEPrpSojIwNVwP\/\/DAwP7wm\/2bxJN4Fx\/mH1B0oqr+WpZTgyePxI6DXjoRdC\/xgYGGhgPAMDAwPDfyYaGs7AwMDAyERDwxkYGBgYRi0YtWDUglELRi0YtYCBgYGB6f9\/2hn+\/z8DA9OdW2LPaWXJo4dCH5k5JK2vi4l+sxMQ\/MZPzWbLs6cCnzas1i8DADLdK8lEWl+pAAAAAElFTkSuQmCC","canChangeAppOrientation":false,"canReceiveFile":false,"pid":3832,"uid":10037,"action":"open"}}
06-25 15:33:35.361  1284  1322 I ActivityTaskManager: Config changes=20000480 {1.0 460mcc65535mnc [zh_CN] ldltr sw617dp w617dp h1073dp 280dpi lrg long port finger -keyb/v/v dpad/v winConfig={ mBounds=Rect(0, 0 - 1080, 1920) mAppBounds=Rect(0, 0 - 1080, 1920) mMaxBounds=Rect(0, 0 - 1080, 1920) mWindowingMode=fullscreen mDisplayWindowingMode=fullscreen mActivityType=undefined mAlwaysOnTop=undefined mRotation=ROTATION_0} as.1 s.114 fontWeightAdjustment=0}
06-25 15:33:35.362  1284  1322 I WindowManager: Override config changes=20000480 {1.0 460mcc65535mnc [zh_CN] ldltr sw617dp w617dp h1073dp 280dpi lrg long port finger -keyb/v/v dpad/v winConfig={ mBounds=Rect(0, 0 - 1080, 1920) mAppBounds=Rect(0, 0 - 1080, 1920) mMaxBounds=Rect(0, 0 - 1080, 1920) mWindowingMode=fullscreen mDisplayWindowingMode=fullscreen mActivityType=undefined mAlwaysOnTop=undefined mRotation=ROTATION_0} as.1 s.114 fontWeightAdjustment=0} for displayId=0
06-25 15:33:35.386  1284  1879 W OomAdjuster: Fallback pre-set sched group to default: not expected top priority
06-25 15:33:35.705  1060  2071 W vold    : ignore the failure of setting attributes for /data/media/0/Android/data/com.example.genname/
06-25 15:33:35.705  1060  2071 W vold    : ignore the failure of setting attributes for /data/media/0/Android/data/com.example.genname/files/
06-25 15:33:35.706  1060  2071 W vold    : ignore the failure of setting attributes for /data/media/0/Android/data/com.example.genname/
06-25 15:33:35.706  1060  2071 W vold    : ignore the failure of setting attributes for /data/media/0/Android/data/com.example.genname/cache/
06-25 15:33:36.424  1284  3567 W WindowManager: Failed looking up window session=Session{77a2e54 3832:u0a10037} callers=com.android.server.wm.WindowManagerService.windowForClientLocked:5827 com.android.server.wm.Session.updateRequestedVisibilities:640 android.view.IWindowSession$Stub.onTransact:1175 
06-25 15:33:36.469  1284  1316 I RecentTaskMonitor: broadcast tab opened in android as it's new task1 11
06-25 15:33:36.471  1284  1332 W BroadcastQueue: Background execution not allowed: receiving Intent { act=nemu.intent.action.NEW_TASK dat=package:com.example.genname flg=0x10 (has extras) } to com.mumu.acc/.AccMsgReceiver
06-25 15:33:36.476  1458  1871 W ContextImpl: Calling a method in the system process without a qualified user: android.app.ContextImpl.sendBroadcast:1181 android.content.ContextWrapper.sendBroadcast:479 com.netease.nemu_vapi_android.thread.NewFileUpdater.notifyFocusedTabChanged:494 com.netease.nemu_vapi_android.thread.NewFileUpdater.onOpenNewTask:410 com.netease.nemu_vapi_android.worker.LocalAppManager.updateOnNewTask:255 
06-25 15:33:36.482  1284  1317 W ActivityManager: Foreground service started from background can not have location/camera/microphone access: service com.mumu.acc/.AccService
06-25 15:33:36.482  1284  1332 V ActivityManager: Attempted to start a foreground service (com.mumu.acc/.AccService) with a broken notification (no icon: Notification(channel=acc-service shortcut=null contentView=null vibrate=null sound=null defaults=0x0 flags=0x40 color=0x00000000 vis=PRIVATE))
06-25 15:33:38.317  1284  2394 E TaskPersister: File error accessing recents directory (directory doesn't exist?).
06-25 15:33:38.558  3832  3832 E AndroidRuntime: FATAL EXCEPTION: main
06-25 15:33:38.558  3832  3832 E AndroidRuntime: Process: com.example.genname, PID: 3832
06-25 15:33:38.558  3832  3832 E AndroidRuntime: io.reactivex.exceptions.OnErrorNotImplementedException: The exception was not handled due to missing onError handler in the subscribe() method call. Further reading: https://github.com/ReactiveX/RxJava/wiki/Error-Handling | java.lang.IllegalArgumentException: baseUrl must end in /: http://localhost/dummy
06-25 15:33:38.558  3832  3832 E AndroidRuntime: 	at io.reactivex.internal.functions.Functions$OnErrorMissingConsumer.accept(Functions.java:704)
06-25 15:33:38.558  3832  3832 E AndroidRuntime: 	at io.reactivex.internal.functions.Functions$OnErrorMissingConsumer.accept(Functions.java:701)
06-25 15:33:38.558  3832  3832 E AndroidRuntime: 	at io.reactivex.internal.observers.LambdaObserver.onError(LambdaObserver.java:77)
06-25 15:33:38.558  3832  3832 E AndroidRuntime: 	at io.reactivex.internal.observers.LambdaObserver.onNext(LambdaObserver.java:67)
06-25 15:33:38.558  3832  3832 E AndroidRuntime: 	at io.reactivex.internal.operators.observable.ObservableScalarXMap$ScalarDisposable.run(ObservableScalarXMap.java:248)
06-25 15:33:38.558  3832  3832 E AndroidRuntime: 	at io.reactivex.internal.operators.observable.ObservableJust.subscribeActual(ObservableJust.java:35)
06-25 15:33:38.558  3832  3832 E AndroidRuntime: 	at io.reactivex.Observable.subscribe(Observable.java:12284)
06-25 15:33:38.558  3832  3832 E AndroidRuntime: 	at io.reactivex.Observable.subscribe(Observable.java:12270)
06-25 15:33:38.558  3832  3832 E AndroidRuntime: 	at io.reactivex.Observable.subscribe(Observable.java:12172)
06-25 15:33:38.558  3832  3832 E AndroidRuntime: 	at cn.leancloud.core.PaasClient.initializeGlobalClient(PaasClient.java:43)
06-25 15:33:38.558  3832  3832 E AndroidRuntime: 	at cn.leancloud.core.LeanCloud.initialize(LeanCloud.java:65)
06-25 15:33:38.558  3832  3832 E AndroidRuntime: 	at cn.leancloud.LeanCloud.initialize(LeanCloud.java:98)
06-25 15:33:38.558  3832  3832 E AndroidRuntime: 	at cn.leancloud.LeanCloud.initialize(LeanCloud.java:119)
06-25 15:33:38.558  3832  3832 E AndroidRuntime: 	at com.tapsdk.bootstrap.TapBootstrapImpl.initOtherComponent(TapBootstrapImpl.java:148)
06-25 15:33:38.558  3832  3832 E AndroidRuntime: 	at com.tapsdk.bootstrap.TapBootstrapImpl.init(TapBootstrapImpl.java:401)
06-25 15:33:38.558  3832  3832 E AndroidRuntime: 	at com.tapsdk.bootstrap.TapBootstrap.init(TapBootstrap.java:17)
06-25 15:33:38.558  3832  3832 E AndroidRuntime: 	at com.sakuya.godot_taptap.taptap.GodotTapTap.init$lambda$0(GodotTapTap.kt:56)
06-25 15:33:38.558  3832  3832 E AndroidRuntime: 	at com.sakuya.godot_taptap.taptap.GodotTapTap.$r8$lambda$tYIp38KnaWfclgui9WBIncvaHyI(Unknown Source:0)
06-25 15:33:38.558  3832  3832 E AndroidRuntime: 	at com.sakuya.godot_taptap.taptap.GodotTapTap$$ExternalSyntheticLambda0.run(Unknown Source:6)
06-25 15:33:38.558  3832  3832 E AndroidRuntime: 	at android.os.Handler.handleCallback(Handler.java:938)
06-25 15:33:38.558  3832  3832 E AndroidRuntime: 	at android.os.Handler.dispatchMessage(Handler.java:99)
06-25 15:33:38.558  3832  3832 E AndroidRuntime: 	at android.os.Looper.loopOnce(Looper.java:201)
06-25 15:33:38.558  3832  3832 E AndroidRuntime: 	at android.os.Looper.loop(Looper.java:288)
06-25 15:33:38.558  3832  3832 E AndroidRuntime: 	at android.app.ActivityThread.main(ActivityThread.java:8060)
06-25 15:33:38.558  3832  3832 E AndroidRuntime: 	at java.lang.reflect.Method.invoke(Native Method)
06-25 15:33:38.558  3832  3832 E AndroidRuntime: 	at com.android.internal.os.RuntimeInit$MethodAndArgsCaller.run(RuntimeInit.java:571)
06-25 15:33:38.558  3832  3832 E AndroidRuntime: 	at com.android.internal.os.ZygoteInit.main(ZygoteInit.java:1091)
06-25 15:33:38.558  3832  3832 E AndroidRuntime: Caused by: java.lang.IllegalArgumentException: baseUrl must end in /: http://localhost/dummy
06-25 15:33:38.558  3832  3832 E AndroidRuntime: 	at retrofit2.Retrofit$Builder.baseUrl(Retrofit.java:563)
06-25 15:33:38.558  3832  3832 E AndroidRuntime: 	at retrofit2.Retrofit$Builder.baseUrl(Retrofit.java:506)
06-25 15:33:38.558  3832  3832 E AndroidRuntime: 	at cn.leancloud.core.PaasClient$1.accept(PaasClient.java:49)
06-25 15:33:38.558  3832  3832 E AndroidRuntime: 	at cn.leancloud.core.PaasClient$1.accept(PaasClient.java:44)
06-25 15:33:38.558  3832  3832 E AndroidRuntime: 	at io.reactivex.internal.observers.LambdaObserver.onNext(LambdaObserver.java:63)
06-25 15:33:38.558  3832  3832 E AndroidRuntime: 	... 23 more
06-25 15:33:38.561  1284  3904 I DropBoxManagerService: add tag=data_app_crash isTagEnabled=true flags=0x2
06-25 15:33:38.562  1284  1879 W ActivityTaskManager:   Force finishing activity com.example.genname/com.godot.game.GodotApp
06-25 15:33:38.597  1284  1762 I WindowManager: WIN DEATH: Window{9709943 u0 com.example.genname/com.godot.game.GodotApp}
06-25 15:33:38.598  1284  1400 I ActivityManager: Process com.example.genname (pid 3832) has died: fg  TOP 
06-25 15:33:38.614  1284  1322 V WindowManager: Unknown focus tokens, dropping reportFocusChanged
06-25 15:33:38.614  1702  1702 W ContextImpl: Calling a method in the system process without a qualified user: android.app.ContextImpl.sendBroadcast:1181 android.content.ContextWrapper.sendBroadcast:479 com.mumu.launcher.Launcher.onResume:215 android.app.Instrumentation.callActivityOnResume:1492 android.app.Activity.performResume:8198 
06-25 15:33:38.643  1284  1323 W WindowManager: Failed to deliver inset state change to w=Window{9709943 u0 com.example.genname/com.godot.game.GodotApp EXITING}
06-25 15:33:38.643  1284  1323 W WindowManager: android.os.DeadObjectException
06-25 15:33:38.643  1284  1323 W WindowManager: 	at android.os.BinderProxy.transactNative(Native Method)
06-25 15:33:38.643  1284  1323 W WindowManager: 	at android.os.BinderProxy.transact(BinderProxy.java:571)
06-25 15:33:38.643  1284  1323 W WindowManager: 	at android.view.IWindow$Stub$Proxy.insetsControlChanged(IWindow.java:687)
06-25 15:33:38.643  1284  1323 W WindowManager: 	at com.android.server.wm.WindowState.notifyInsetsControlChanged(WindowState.java:4044)
06-25 15:33:38.643  1284  1323 W WindowManager: 	at com.android.server.wm.InsetsStateController.lambda$notifyPendingInsetsControlChanged$6$InsetsStateController(InsetsStateController.java:552)
06-25 15:33:38.643  1284  1323 W WindowManager: 	at com.android.server.wm.InsetsStateController$$ExternalSyntheticLambda1.run(Unknown Source:2)
06-25 15:33:38.643  1284  1323 W WindowManager: 	at com.android.server.wm.WindowAnimator.executeAfterPrepareSurfacesRunnables(WindowAnimator.java:345)
06-25 15:33:38.643  1284  1323 W WindowManager: 	at com.android.server.wm.WindowAnimator.animate(WindowAnimator.java:226)
06-25 15:33:38.643  1284  1323 W WindowManager: 	at com.android.server.wm.WindowAnimator.lambda$new$1$WindowAnimator(WindowAnimator.java:106)
06-25 15:33:38.643  1284  1323 W WindowManager: 	at com.android.server.wm.WindowAnimator$$ExternalSyntheticLambda0.doFrame(Unknown Source:2)
06-25 15:33:38.643  1284  1323 W WindowManager: 	at android.view.Choreographer$CallbackRecord.run(Choreographer.java:1045)
06-25 15:33:38.643  1284  1323 W WindowManager: 	at android.view.Choreographer.doCallbacks(Choreographer.java:845)
06-25 15:33:38.643  1284  1323 W WindowManager: 	at android.view.Choreographer.doFrame(Choreographer.java:775)
06-25 15:33:38.643  1284  1323 W WindowManager: 	at android.view.Choreographer$FrameDisplayEventReceiver.run(Choreographer.java:1032)
06-25 15:33:38.643  1284  1323 W WindowManager: 	at android.os.Handler.handleCallback(Handler.java:938)
06-25 15:33:38.643  1284  1323 W WindowManager: 	at android.os.Handler.dispatchMessage(Handler.java:99)
06-25 15:33:38.643  1284  1323 W WindowManager: 	at android.os.Looper.loopOnce(Looper.java:201)
06-25 15:33:38.643  1284  1323 W WindowManager: 	at android.os.Looper.loop(Looper.java:288)
06-25 15:33:38.643  1284  1323 W WindowManager: 	at android.os.HandlerThread.run(HandlerThread.java:67)
06-25 15:33:38.643  1284  1323 W WindowManager: 	at com.android.server.ServiceThread.run(ServiceThread.java:44)
06-25 15:33:38.647  1284  1322 W ActivityManager: setHasOverlayUi called on unknown pid: 3832
06-25 15:33:38.658  1284  1323 D RecentTaskMonitor: onRecentTaskRemoved 11:Task=11
06-25 15:33:38.658  1284  1323 E RecentTaskMonitor: failed to call send close intent!
06-25 15:33:38.659  1284  1323 W ActivityTaskManager: Can't find TaskDisplayArea to determine support for multi window. Task id=11 attached=false
06-25 15:33:38.659  1284  1323 W ActivityTaskManager: Can't find TaskDisplayArea to determine support for multi window. Task id=11 attached=false
06-25 15:33:38.665  1284  1322 D RecentTaskMonitor: VAddres